JobID: 28188664
Host: n-62-18-5
Project root: /zhome/ea/6/187439/advanced-ba
Sat Apr 11 13:52:47 2026       
+-----------------------------------------------------------------------------------------+
| NVIDIA-SMI 595.58.03              Driver Version: 595.58.03      CUDA Version: 13.2     |
+-----------------------------------------+------------------------+----------------------+
| GPU  Name                 Persistence-M | Bus-Id          Disp.A | Volatile Uncorr. ECC |
| Fan  Temp   Perf          Pwr:Usage/Cap |           Memory-Usage | GPU-Util  Compute M. |
|                                         |                        |               MIG M. |
|=========================================+========================+======================|
|   0  NVIDIA A10                     On  |   00000000:B1:00.0 Off |                    0 |
|  0%   30C    P0             28W /  150W |       0MiB /  23028MiB |      0%   E. Process |
|                                         |                        |                  N/A |
+-----------------------------------------+------------------------+----------------------+

+-----------------------------------------------------------------------------------------+
| Processes:                                                                              |
|  GPU   GI   CI              PID   Type   Process name                        GPU Memory |
|        ID   ID                                                               Usage      |
|=========================================================================================|
|  No running processes found                                                             |
+-----------------------------------------------------------------------------------------+
Using station subset fraction: 0.4
Using station subset seed: 42
Using run seed: 42
Running baseline context sweep for 12h (144 steps)
dataset: PEMS-BAY
start_date: '2017-01-01'
start_test_day: null
n_test_days: null
proportion_test: 0.2
freq: 5
target: target
future_covariates: null
past_covariates: null
prediction_length: 12
id_column: item_id
timestamp_column: timestamp
horizons:
- 15
- 30
- 60
decimal_precision: 2
metrics_to_show:
- MAE
- MAPE
- RMSE
- COVERAGE
- IQR_MEAN
dataset_cfg: dataset/PEMS-BAY
cross_learning: false
batch_size: null
stride_steps: 1
seed: 42
quantile_levels:
- 0.1
- 0.5
- 0.9
evaluation:
  history_length_steps: 144
  station_subset_fraction: 0.4
  station_subset_seed: 42
wandb:
  enabled: true
  entity: null
  run_name: baseline_subset40_28188664_ctx_12h
  tags:
  - baseline
  - context_sweep

Using device: cuda
Loaded data shape: (52116, 325)
Station subset enabled: 130/325 stations (40.00%), seed=42
Testing from day 144 to day 180 (total 36 days)
Final Average Metrics per Horizon:

Horizon 15 minutes:
  MAE: 1.96
  MAPE: 4.28%
  RMSE: 3.85
  COVERAGE: 73.95%
  IQR_MEAN: 5.28

Horizon 30 minutes:
  MAE: 2.6
  MAPE: 5.96%
  RMSE: 5.11
  COVERAGE: 73.27%
  IQR_MEAN: 6.83

Horizon 60 minutes:
  MAE: 3.68
  MAPE: 8.67%
  RMSE: 6.9
  COVERAGE: 71.5%
  IQR_MEAN: 9.19

Average Across Horizons:
  MAE: 2.75
  MAPE: 6.3%
  RMSE: 5.29
  COVERAGE: 72.9%
  IQR_MEAN: 7.1

Runtime Metrics:
  predict_backend_calls: 10356
  prediction_tasks: 1346280
  total_inference_seconds: 833.8640
  avg_task_inference_seconds: 0.000619
  p95_task_inference_seconds: 0.000655
  cuda_peak_memory_mb: 521.32
  cpu_peak_rss_mb: 3234.59
Running baseline context sweep for 24h (288 steps)
dataset: PEMS-BAY
start_date: '2017-01-01'
start_test_day: null
n_test_days: null
proportion_test: 0.2
freq: 5
target: target
future_covariates: null
past_covariates: null
prediction_length: 12
id_column: item_id
timestamp_column: timestamp
horizons:
- 15
- 30
- 60
decimal_precision: 2
metrics_to_show:
- MAE
- MAPE
- RMSE
- COVERAGE
- IQR_MEAN
dataset_cfg: dataset/PEMS-BAY
cross_learning: false
batch_size: null
stride_steps: 1
seed: 42
quantile_levels:
- 0.1
- 0.5
- 0.9
evaluation:
  history_length_steps: 288
  station_subset_fraction: 0.4
  station_subset_seed: 42
wandb:
  enabled: true
  entity: null
  run_name: baseline_subset40_28188664_ctx_24h
  tags:
  - baseline
  - context_sweep

Using device: cuda
Loaded data shape: (52116, 325)
Station subset enabled: 130/325 stations (40.00%), seed=42
Testing from day 144 to day 180 (total 36 days)
Final Average Metrics per Horizon:

Horizon 15 minutes:
  MAE: 1.77
  MAPE: 3.77%
  RMSE: 3.36
  COVERAGE: 75.79%
  IQR_MEAN: 4.6

Horizon 30 minutes:
  MAE: 2.27
  MAPE: 5.09%
  RMSE: 4.33
  COVERAGE: 75.8%
  IQR_MEAN: 5.63

Horizon 60 minutes:
  MAE: 2.99
  MAPE: 7.1%
  RMSE: 5.52
  COVERAGE: 75.54%
  IQR_MEAN: 7.15

Average Across Horizons:
  MAE: 2.34
  MAPE: 5.32%
  RMSE: 4.4
  COVERAGE: 75.71%
  IQR_MEAN: 5.79

Runtime Metrics:
  predict_backend_calls: 10356
  prediction_tasks: 1346280
  total_inference_seconds: 1218.7836
  avg_task_inference_seconds: 0.000905
  p95_task_inference_seconds: 0.000949
  cuda_peak_memory_mb: 567.63
  cpu_peak_rss_mb: 3232.53
Running baseline context sweep for 2d (576 steps)
dataset: PEMS-BAY
start_date: '2017-01-01'
start_test_day: null
n_test_days: null
proportion_test: 0.2
freq: 5
target: target
future_covariates: null
past_covariates: null
prediction_length: 12
id_column: item_id
timestamp_column: timestamp
horizons:
- 15
- 30
- 60
decimal_precision: 2
metrics_to_show:
- MAE
- MAPE
- RMSE
- COVERAGE
- IQR_MEAN
dataset_cfg: dataset/PEMS-BAY
cross_learning: false
batch_size: null
stride_steps: 1
seed: 42
quantile_levels:
- 0.1
- 0.5
- 0.9
evaluation:
  history_length_steps: 576
  station_subset_fraction: 0.4
  station_subset_seed: 42
wandb:
  enabled: true
  entity: null
  run_name: baseline_subset40_28188664_ctx_2d
  tags:
  - baseline
  - context_sweep

Using device: cuda
Loaded data shape: (52116, 325)
Station subset enabled: 130/325 stations (40.00%), seed=42
Testing from day 144 to day 180 (total 36 days)
Final Average Metrics per Horizon:

Horizon 15 minutes:
  MAE: 1.65
  MAPE: 3.58%
  RMSE: 3.15
  COVERAGE: 75.34%
  IQR_MEAN: 4.39

Horizon 30 minutes:
  MAE: 2.04
  MAPE: 4.66%
  RMSE: 3.97
  COVERAGE: 75.46%
  IQR_MEAN: 5.22

Horizon 60 minutes:
  MAE: 2.52
  MAPE: 6.07%
  RMSE: 4.83
  COVERAGE: 75.55%
  IQR_MEAN: 6.3

Average Across Horizons:
  MAE: 2.07
  MAPE: 4.77%
  RMSE: 3.98
  COVERAGE: 75.45%
  IQR_MEAN: 5.3

Runtime Metrics:
  predict_backend_calls: 10356
  prediction_tasks: 1346280
  total_inference_seconds: 1938.7740
  avg_task_inference_seconds: 0.001440
  p95_task_inference_seconds: 0.001491
  cuda_peak_memory_mb: 657.95
  cpu_peak_rss_mb: 3167.91
Running baseline context sweep for 7d (2016 steps)
dataset: PEMS-BAY
start_date: '2017-01-01'
start_test_day: null
n_test_days: null
proportion_test: 0.2
freq: 5
target: target
future_covariates: null
past_covariates: null
prediction_length: 12
id_column: item_id
timestamp_column: timestamp
horizons:
- 15
- 30
- 60
decimal_precision: 2
metrics_to_show:
- MAE
- MAPE
- RMSE
- COVERAGE
- IQR_MEAN
dataset_cfg: dataset/PEMS-BAY
cross_learning: false
batch_size: null
stride_steps: 1
seed: 42
quantile_levels:
- 0.1
- 0.5
- 0.9
evaluation:
  history_length_steps: 2016
  station_subset_fraction: 0.4
  station_subset_seed: 42
wandb:
  enabled: true
  entity: null
  run_name: baseline_subset40_28188664_ctx_7d
  tags:
  - baseline
  - context_sweep

Using device: cuda
Loaded data shape: (52116, 325)
Station subset enabled: 130/325 stations (40.00%), seed=42
Testing from day 144 to day 180 (total 36 days)
Final Average Metrics per Horizon:

Horizon 15 minutes:
  MAE: 1.54
  MAPE: 3.34%
  RMSE: 2.94
  COVERAGE: 75.81%
  IQR_MEAN: 4.24

Horizon 30 minutes:
  MAE: 1.84
  MAPE: 4.2%
  RMSE: 3.58
  COVERAGE: 76.5%
  IQR_MEAN: 5.03

Horizon 60 minutes:
  MAE: 2.14
  MAPE: 5.2%
  RMSE: 4.14
  COVERAGE: 77.11%
  IQR_MEAN: 6.01

Average Across Horizons:
  MAE: 1.84
  MAPE: 4.25%
  RMSE: 3.56
  COVERAGE: 76.47%
  IQR_MEAN: 5.09

Runtime Metrics:
  predict_backend_calls: 10356
  prediction_tasks: 1346280
  total_inference_seconds: 5610.3072
  avg_task_inference_seconds: 0.004167
  p95_task_inference_seconds: 0.004255
  cuda_peak_memory_mb: 1113.85
  cpu_peak_rss_mb: 3233.23
Running baseline context sweep for 14d (4032 steps)
dataset: PEMS-BAY
start_date: '2017-01-01'
start_test_day: null
n_test_days: null
proportion_test: 0.2
freq: 5
target: target
future_covariates: null
past_covariates: null
prediction_length: 12
id_column: item_id
timestamp_column: timestamp
horizons:
- 15
- 30
- 60
decimal_precision: 2
metrics_to_show:
- MAE
- MAPE
- RMSE
- COVERAGE
- IQR_MEAN
dataset_cfg: dataset/PEMS-BAY
cross_learning: false
batch_size: null
stride_steps: 1
seed: 42
quantile_levels:
- 0.1
- 0.5
- 0.9
evaluation:
  history_length_steps: 4032
  station_subset_fraction: 0.4
  station_subset_seed: 42
wandb:
  enabled: true
  entity: null
  run_name: baseline_subset40_28188664_ctx_14d
  tags:
  - baseline
  - context_sweep

Using device: cuda
Loaded data shape: (52116, 325)
Station subset enabled: 130/325 stations (40.00%), seed=42
Testing from day 144 to day 180 (total 36 days)
Final Average Metrics per Horizon:

Horizon 15 minutes:
  MAE: 1.51
  MAPE: 3.29%
  RMSE: 2.89
  COVERAGE: 75.43%
  IQR_MEAN: 4.13

Horizon 30 minutes:
  MAE: 1.77
  MAPE: 4.07%
  RMSE: 3.47
  COVERAGE: 76.28%
  IQR_MEAN: 4.88

Horizon 60 minutes:
  MAE: 2.03
  MAPE: 4.89%
  RMSE: 3.95
  COVERAGE: 77.12%
  IQR_MEAN: 5.76

Average Across Horizons:
  MAE: 1.77
  MAPE: 4.08%
  RMSE: 3.44
  COVERAGE: 76.28%
  IQR_MEAN: 4.92

Runtime Metrics:
  predict_backend_calls: 10356
  prediction_tasks: 1346280
  total_inference_seconds: 11515.6500
  avg_task_inference_seconds: 0.008554
  p95_task_inference_seconds: 0.008658
  cuda_peak_memory_mb: 1751.03
  cpu_peak_rss_mb: 3235.45
Context sweep baseline job finished successfully.
