Loaded module: cuda/12.6.3
wandb: [wandb.login()] Loaded credentials for https://api.wandb.ai from /zhome/ea/6/187439/.netrc.
wandb: Currently logged in as: bertram-hage (bertram-hage-danmarks-tekniske-universitet-dtu) to https://api.wandb.ai. Use `wandb login --relogin` to force relogin
wandb: setting up run gwxwt7gq
wandb: Tracking run with wandb version 0.25.1
wandb: Run data is saved locally in /zhome/ea/6/187439/advanced-ba/wandb/run-20260411_143403-gwxwt7gq
wandb: Run `wandb offline` to turn off syncing.
wandb: Syncing run baseline_maxctx28d_subset40_28188723_ctx_28d_with_cl
wandb: ⭐️ View project at https://wandb.ai/bertram-hage-danmarks-tekniske-universitet-dtu/advanced-ba
wandb: 🚀 View run at https://wandb.ai/bertram-hage-danmarks-tekniske-universitet-dtu/advanced-ba/runs/gwxwt7gq
/zhome/ea/6/187439/advanced-ba/.venv/lib/python3.12/site-packages/chronos/chronos2/dataset.py:89: UserWarning: The given NumPy array is not writable, and PyTorch does not support non-writable tensors. This means writing to this tensor will result in undefined behavior. You may want to copy the array to protect its data or make it writable before converting it to a tensor. This type of warning will be suppressed for the rest of this program. (Triggered internally at /pytorch/torch/csrc/utils/tensor_numpy.cpp:213.)
  task_target = torch.from_numpy(task_target)
wandb: updating run metadata
wandb: uploading output.log; uploading wandb-summary.json; uploading config.yaml
wandb: uploading output.log; uploading wandb-summary.json
wandb: 
wandb: Run history:
wandb:             eval/h15_COVERAGE ▃▄▇▆▃▄▃▆▄▄▆▆▆█▃▄▆▆▆▇▅▇▆▇▅▄▆▇▆▆▆▄▇▇▃▃▆▁▅▄
wandb: eval/h15_COVERAGE_running_avg ▄██▃▆▁▁▃▃▅▄▄▄▄▄▄▄▄▅▅▆▆▆▆▆▆▇▆▆▇▇█▇▇▇▇▆▆▆▇
wandb:                  eval/h15_MAE ▅▃▂▁▁▁▆▄▅▃▂▁▂▅▂▁▃▁▂▃▂▂▂▁█▂▂▂▅▁▃▅▁▂▆▂█▂▁█
wandb:      eval/h15_MAE_running_avg ██▆▅▃▂▁▁▁▂▃▃▃▂▃▃▃▃▃▃▃▃▃▃▃▃▃▃▃▃▃▃▃▃▃▃▃▃▃▃
wandb:                 eval/h15_MAPE ▄▂▂▃▁▃▁▅▁▂▂▂▂▆▆█▅▂▂▁▂▁▁▂▁▁▁▃▁▄▇▅▁▁▂▆▂▄▄▅
wandb:     eval/h15_MAPE_running_avg ▆██▆▆▃▂▂▁▂▃▃▃▃▃▂▃▃▃▃▃▃▄▄▄▃▃▃▄▄▃▃▃▃▃▄▄▄▄▄
wandb:                 eval/h15_RMSE ▅▆▂▁▃▁▂▁▇▄▂▅▂▅▁▆▁▄▁▆█▂▁▄▁▂▂▅▂▃▅▁▃▂▅▂▂▁▄▁
wandb:     eval/h15_RMSE_running_avg ▄█▃▁▁▂▃▃▃▃▃▃▄▄▄▄▄▃▃▄▄▄▄▄▄▄▄▄▄▄▄▄▄▄▄▄▄▄▄▄
wandb:             eval/h30_COVERAGE ▇▂▆▅▆▄▅▆██▆▇▆▆▃▁▆▆▅▆▆▆▆▇▅▇▆▆▃▅▃▇▅█▅▆▄▆▂▄
wandb: eval/h30_COVERAGE_running_avg ▁▃▅▄▆▆▇▇▆▆▆▆▆▇▇▇▇▇▇▇▇▇▇▇▇▇▇▇▇▇██████████
wandb:                           +16 ...
wandb: 
wandb: Run summary:
wandb:             eval/avg_COVERAGE 0.77934
wandb:             eval/avg_IQR_MEAN 4.86079
wandb:           eval/avg_IQR_MEDIAN 3.31121
wandb:              eval/avg_IQR_STD 4.58277
wandb:                  eval/avg_MAE 1.6946
wandb:                 eval/avg_MAPE 0.03931
wandb:                 eval/avg_RMSE 3.26314
wandb:             eval/h15_COVERAGE 0.73077
wandb: eval/h15_COVERAGE_running_avg 0.76241
wandb:                  eval/h15_MAE 0.93527
wandb:                           +30 ...
wandb: 
wandb: 🚀 View run baseline_maxctx28d_subset40_28188723_ctx_28d_with_cl at: https://wandb.ai/bertram-hage-danmarks-tekniske-universitet-dtu/advanced-ba/runs/gwxwt7gq
wandb: ⭐️ View project at: https://wandb.ai/bertram-hage-danmarks-tekniske-universitet-dtu/advanced-ba
wandb: Synced 5 W&B file(s), 0 media file(s), 0 artifact file(s) and 0 other file(s)
wandb: Find logs at: ./wandb/run-20260411_143403-gwxwt7gq/logs
wandb: [wandb.login()] Loaded credentials for https://api.wandb.ai from /zhome/ea/6/187439/.netrc.
wandb: Currently logged in as: bertram-hage (bertram-hage-danmarks-tekniske-universitet-dtu) to https://api.wandb.ai. Use `wandb login --relogin` to force relogin
wandb: setting up run w9wf0db4
wandb: Tracking run with wandb version 0.25.1
wandb: Run data is saved locally in /zhome/ea/6/187439/advanced-ba/wandb/run-20260411_193324-w9wf0db4
wandb: Run `wandb offline` to turn off syncing.
wandb: Syncing run baseline_maxctx28d_subset40_28188723_ctx_28d_no_cl
wandb: ⭐️ View project at https://wandb.ai/bertram-hage-danmarks-tekniske-universitet-dtu/advanced-ba
wandb: 🚀 View run at https://wandb.ai/bertram-hage-danmarks-tekniske-universitet-dtu/advanced-ba/runs/w9wf0db4
/zhome/ea/6/187439/advanced-ba/.venv/lib/python3.12/site-packages/chronos/chronos2/dataset.py:89: UserWarning: The given NumPy array is not writable, and PyTorch does not support non-writable tensors. This means writing to this tensor will result in undefined behavior. You may want to copy the array to protect its data or make it writable before converting it to a tensor. This type of warning will be suppressed for the rest of this program. (Triggered internally at /pytorch/torch/csrc/utils/tensor_numpy.cpp:213.)
  task_target = torch.from_numpy(task_target)
Traceback (most recent call last):
  File "<frozen runpy>", line 198, in _run_module_as_main
  File "<frozen runpy>", line 88, in _run_code
  File "/zhome/ea/6/187439/advanced-ba/src/evaluation/main.py", line 501, in <module>
    main()
  File "/zhome/ea/6/187439/advanced-ba/.venv/lib/python3.12/site-packages/hydra/main.py", line 94, in decorated_main
    _run_hydra(
  File "/zhome/ea/6/187439/advanced-ba/.venv/lib/python3.12/site-packages/hydra/_internal/utils.py", line 394, in _run_hydra
    _run_app(
  File "/zhome/ea/6/187439/advanced-ba/.venv/lib/python3.12/site-packages/hydra/_internal/utils.py", line 457, in _run_app
    run_and_report(
  File "/zhome/ea/6/187439/advanced-ba/.venv/lib/python3.12/site-packages/hydra/_internal/utils.py", line 220, in run_and_report
    return func()
           ^^^^^^
  File "/zhome/ea/6/187439/advanced-ba/.venv/lib/python3.12/site-packages/hydra/_internal/utils.py", line 458, in <lambda>
    lambda: hydra.run(
            ^^^^^^^^^^
  File "/zhome/ea/6/187439/advanced-ba/.venv/lib/python3.12/site-packages/hydra/_internal/hydra.py", line 119, in run
    ret = run_job(
          ^^^^^^^^
  File "/zhome/ea/6/187439/advanced-ba/.venv/lib/python3.12/site-packages/hydra/core/utils.py", line 186, in run_job
    ret.return_value = task_function(task_cfg)
                       ^^^^^^^^^^^^^^^^^^^^^^^
  File "/zhome/ea/6/187439/advanced-ba/src/evaluation/main.py", line 468, in main
    horizon_metrics, runtime_stats = run_evaluation(
                                     ^^^^^^^^^^^^^^^
  File "/zhome/ea/6/187439/advanced-ba/src/evaluation/main.py", line 291, in run_evaluation
    forecast_chunk = pipeline.predict_df(
                     ^^^^^^^^^^^^^^^^^^^^
  File "/zhome/ea/6/187439/advanced-ba/.venv/lib/python3.12/site-packages/chronos/chronos2/pipeline.py", line 903, in predict_df
    quantiles, mean = self.predict_quantiles(
                      ^^^^^^^^^^^^^^^^^^^^^^^
  File "/zhome/ea/6/187439/advanced-ba/.venv/lib/python3.12/site-packages/chronos/chronos2/pipeline.py", line 785, in predict_quantiles
    predictions: list[torch.Tensor] = self.predict(inputs, prediction_length=prediction_length, **predict_kwargs)
                                      ^^^^^^^^^^^^^^^^^^^^^^^^^^^^^^^^^^^^^^^^^^^^^^^^^^^^^^^^^^^^^^^^^^^^^^^^^^^
  File "/zhome/ea/6/187439/advanced-ba/.venv/lib/python3.12/site-packages/torch/utils/_contextlib.py", line 124, in decorate_context
    return func(*args, **kwargs)
           ^^^^^^^^^^^^^^^^^^^^^
  File "/zhome/ea/6/187439/advanced-ba/.venv/lib/python3.12/site-packages/chronos/chronos2/pipeline.py", line 636, in predict
    batch_prediction = self._predict_batch(
                       ^^^^^^^^^^^^^^^^^^^^
  File "/zhome/ea/6/187439/advanced-ba/.venv/lib/python3.12/site-packages/chronos/chronos2/pipeline.py", line 708, in _predict_batch
    batch_prediction = torch.cat(predictions, dim=-1)[..., :prediction_length].to(
                       ^^^^^^^^^^^^^^^^^^^^^^^^^^^^^^^^^^^^^^^^^^^^^^^^^^^^^^^^^^^
KeyboardInterrupt
Exception ignored in atexit callback: <function _start_and_connect_service.<locals>.teardown_atexit at 0x7f87e01bcd60>
Traceback (most recent call last):
  File "/zhome/ea/6/187439/advanced-ba/.venv/lib/python3.12/site-packages/wandb/sdk/lib/service/service_connection.py", line 73, in teardown_atexit
    conn.teardown(hooks.exit_code)
  File "/zhome/ea/6/187439/advanced-ba/.venv/lib/python3.12/site-packages/wandb/sdk/lib/service/service_connection.py", line 344, in teardown
    self._asyncer.run(publish_teardown_and_close)
  File "/zhome/ea/6/187439/advanced-ba/.venv/lib/python3.12/site-packages/wandb/sdk/lib/asyncio_manager.py", line 137, in run
    return future.result()
           ^^^^^^^^^^^^^^^
  File "/zhome/ea/6/187439/.local/share/uv/python/cpython-3.12.12-linux-x86_64-gnu/lib/python3.12/concurrent/futures/_base.py", line 456, in result
    return self.__get_result()
           ^^^^^^^^^^^^^^^^^^^
  File "/zhome/ea/6/187439/.local/share/uv/python/cpython-3.12.12-linux-x86_64-gnu/lib/python3.12/concurrent/futures/_base.py", line 401, in __get_result
    raise self._exception
  File "/zhome/ea/6/187439/advanced-ba/.venv/lib/python3.12/site-packages/wandb/sdk/lib/asyncio_manager.py", line 220, in _wrap
    return await fn()
           ^^^^^^^^^^
  File "/zhome/ea/6/187439/advanced-ba/.venv/lib/python3.12/site-packages/wandb/sdk/lib/service/service_connection.py", line 335, in publish_teardown_and_close
    await self._client.publish(
  File "/zhome/ea/6/187439/advanced-ba/.venv/lib/python3.12/site-packages/wandb/sdk/lib/service/service_client.py", line 45, in publish
    await self._send_server_request(request)
  File "/zhome/ea/6/187439/advanced-ba/.venv/lib/python3.12/site-packages/wandb/sdk/lib/service/service_client.py", line 78, in _send_server_request
    raise self._broken_exc.with_traceback(self._broken_tb)
  File "/zhome/ea/6/187439/advanced-ba/.venv/lib/python3.12/site-packages/wandb/sdk/lib/service/service_client.py", line 87, in _send_server_request
    await self._drain_writer()
  File "/zhome/ea/6/187439/advanced-ba/.venv/lib/python3.12/site-packages/wandb/sdk/lib/service/service_client.py", line 96, in _drain_writer
    await self._writer.drain()
  File "/zhome/ea/6/187439/.local/share/uv/python/cpython-3.12.12-linux-x86_64-gnu/lib/python3.12/asyncio/streams.py", line 392, in drain
    await self._protocol._drain_helper()
  File "/zhome/ea/6/187439/.local/share/uv/python/cpython-3.12.12-linux-x86_64-gnu/lib/python3.12/asyncio/streams.py", line 166, in _drain_helper
    raise ConnectionResetError('Connection lost')
ConnectionResetError: Connection lost
