JobID: 28188311
Host: n-62-18-5
Project root: /zhome/ea/6/187439/advanced-ba
Sat Apr 11 12:57:49 2026       
+-----------------------------------------------------------------------------------------+
| NVIDIA-SMI 595.58.03              Driver Version: 595.58.03      CUDA Version: 13.2     |
+-----------------------------------------+------------------------+----------------------+
| GPU  Name                 Persistence-M | Bus-Id          Disp.A | Volatile Uncorr. ECC |
| Fan  Temp   Perf          Pwr:Usage/Cap |           Memory-Usage | GPU-Util  Compute M. |
|                                         |                        |               MIG M. |
|=========================================+========================+======================|
|   0  NVIDIA A10                     On  |   00000000:4B:00.0 Off |                    0 |
|  0%   30C    P0             27W /  150W |       0MiB /  23028MiB |      0%   E. Process |
|                                         |                        |                  N/A |
+-----------------------------------------+------------------------+----------------------+

+-----------------------------------------------------------------------------------------+
| Processes:                                                                              |
|  GPU   GI   CI              PID   Type   Process name                        GPU Memory |
|        ID   ID                                                               Usage      |
|=========================================================================================|
|  No running processes found                                                             |
+-----------------------------------------------------------------------------------------+
Using station subset fraction: 0.4
Using station subset seed: 42
Using run seed: 42
Running baseline context sweep for 12h (144 steps)
dataset: PEMS-BAY
start_date: '2017-01-01'
start_test_day: null
n_test_days: null
proportion_test: 0.2
freq: 5
target: target
future_covariates: null
past_covariates: null
prediction_length: 12
id_column: item_id
timestamp_column: timestamp
horizons:
- 15
- 30
- 60
decimal_precision: 2
metrics_to_show:
- MAE
- MAPE
- RMSE
- COVERAGE
- IQR_MEAN
dataset_cfg: dataset/PEMS-BAY
cross_learning: true
batch_size: null
stride_steps: 1
seed: 42
quantile_levels:
- 0.1
- 0.5
- 0.9
evaluation:
  history_length_steps: 144
  station_subset_fraction: 0.4
  station_subset_seed: 42
wandb:
  enabled: true
  entity: null
  run_name: baseline_subset40_28188311_ctx_12h
  tags:
  - baseline
  - context_sweep

Using device: cuda
Loaded data shape: (52116, 325)
Station subset enabled: 130/325 stations (40.00%), seed=42
Testing from day 144 to day 180 (total 36 days)
Final Average Metrics per Horizon:

Horizon 15 minutes:
  MAE: 1.8
  MAPE: 3.95%
  RMSE: 3.35
  COVERAGE: 74.83%
  IQR_MEAN: 4.47

Horizon 30 minutes:
  MAE: 2.38
  MAPE: 5.58%
  RMSE: 4.39
  COVERAGE: 74.16%
  IQR_MEAN: 5.55

Horizon 60 minutes:
  MAE: 3.33
  MAPE: 8.44%
  RMSE: 5.87
  COVERAGE: 71.94%
  IQR_MEAN: 6.8

Average Across Horizons:
  MAE: 2.5
  MAPE: 5.99%
  RMSE: 4.54
  COVERAGE: 73.64%
  IQR_MEAN: 5.6

Runtime Metrics:
  predict_backend_calls: 10356
  prediction_tasks: 1346280
  total_inference_seconds: 847.1694
  avg_task_inference_seconds: 0.000629
  p95_task_inference_seconds: 0.000647
  cuda_peak_memory_mb: 521.32
  cpu_peak_rss_mb: 3229.88
Running baseline context sweep for 24h (288 steps)
dataset: PEMS-BAY
start_date: '2017-01-01'
start_test_day: null
n_test_days: null
proportion_test: 0.2
freq: 5
target: target
future_covariates: null
past_covariates: null
prediction_length: 12
id_column: item_id
timestamp_column: timestamp
horizons:
- 15
- 30
- 60
decimal_precision: 2
metrics_to_show:
- MAE
- MAPE
- RMSE
- COVERAGE
- IQR_MEAN
dataset_cfg: dataset/PEMS-BAY
cross_learning: true
batch_size: null
stride_steps: 1
seed: 42
quantile_levels:
- 0.1
- 0.5
- 0.9
evaluation:
  history_length_steps: 288
  station_subset_fraction: 0.4
  station_subset_seed: 42
wandb:
  enabled: true
  entity: null
  run_name: baseline_subset40_28188311_ctx_24h
  tags:
  - baseline
  - context_sweep

Using device: cuda
Loaded data shape: (52116, 325)
Station subset enabled: 130/325 stations (40.00%), seed=42
Testing from day 144 to day 180 (total 36 days)
Final Average Metrics per Horizon:

Horizon 15 minutes:
  MAE: 1.7
  MAPE: 3.67%
  RMSE: 3.19
  COVERAGE: 75.66%
  IQR_MEAN: 4.17

Horizon 30 minutes:
  MAE: 2.19
  MAPE: 5.01%
  RMSE: 4.12
  COVERAGE: 75.97%
  IQR_MEAN: 5.2

Horizon 60 minutes:
  MAE: 2.94
  MAPE: 7.24%
  RMSE: 5.33
  COVERAGE: 75.62%
  IQR_MEAN: 6.63

Average Across Horizons:
  MAE: 2.28
  MAPE: 5.31%
  RMSE: 4.21
  COVERAGE: 75.75%
  IQR_MEAN: 5.33

Runtime Metrics:
  predict_backend_calls: 10356
  prediction_tasks: 1346280
  total_inference_seconds: 1243.5578
  avg_task_inference_seconds: 0.000924
  p95_task_inference_seconds: 0.000958
  cuda_peak_memory_mb: 567.63
  cpu_peak_rss_mb: 3171.51
Running baseline context sweep for 2d (576 steps)
dataset: PEMS-BAY
start_date: '2017-01-01'
start_test_day: null
n_test_days: null
proportion_test: 0.2
freq: 5
target: target
future_covariates: null
past_covariates: null
prediction_length: 12
id_column: item_id
timestamp_column: timestamp
horizons:
- 15
- 30
- 60
decimal_precision: 2
metrics_to_show:
- MAE
- MAPE
- RMSE
- COVERAGE
- IQR_MEAN
dataset_cfg: dataset/PEMS-BAY
cross_learning: true
batch_size: null
stride_steps: 1
seed: 42
quantile_levels:
- 0.1
- 0.5
- 0.9
evaluation:
  history_length_steps: 576
  station_subset_fraction: 0.4
  station_subset_seed: 42
wandb:
  enabled: true
  entity: null
  run_name: baseline_subset40_28188311_ctx_2d
  tags:
  - baseline
  - context_sweep

Using device: cuda
Loaded data shape: (52116, 325)
Station subset enabled: 130/325 stations (40.00%), seed=42
Testing from day 144 to day 180 (total 36 days)
Final Average Metrics per Horizon:

Horizon 15 minutes:
  MAE: 1.61
  MAPE: 3.52%
  RMSE: 3.02
  COVERAGE: 76.54%
  IQR_MEAN: 4.2

Horizon 30 minutes:
  MAE: 1.97
  MAPE: 4.58%
  RMSE: 3.74
  COVERAGE: 77.68%
  IQR_MEAN: 5.13

Horizon 60 minutes:
  MAE: 2.4
  MAPE: 5.97%
  RMSE: 4.49
  COVERAGE: 78.53%
  IQR_MEAN: 6.17

Average Across Horizons:
  MAE: 1.99
  MAPE: 4.69%
  RMSE: 3.75
  COVERAGE: 77.58%
  IQR_MEAN: 5.17

Runtime Metrics:
  predict_backend_calls: 10356
  prediction_tasks: 1346280
  total_inference_seconds: 1989.5634
  avg_task_inference_seconds: 0.001478
  p95_task_inference_seconds: 0.001523
  cuda_peak_memory_mb: 657.95
  cpu_peak_rss_mb: 3239.84
Running baseline context sweep for 7d (2016 steps)
dataset: PEMS-BAY
start_date: '2017-01-01'
start_test_day: null
n_test_days: null
proportion_test: 0.2
freq: 5
target: target
future_covariates: null
past_covariates: null
prediction_length: 12
id_column: item_id
timestamp_column: timestamp
horizons:
- 15
- 30
- 60
decimal_precision: 2
metrics_to_show:
- MAE
- MAPE
- RMSE
- COVERAGE
- IQR_MEAN
dataset_cfg: dataset/PEMS-BAY
cross_learning: true
batch_size: null
stride_steps: 1
seed: 42
quantile_levels:
- 0.1
- 0.5
- 0.9
evaluation:
  history_length_steps: 2016
  station_subset_fraction: 0.4
  station_subset_seed: 42
wandb:
  enabled: true
  entity: null
  run_name: baseline_subset40_28188311_ctx_7d
  tags:
  - baseline
  - context_sweep

Using device: cuda
Loaded data shape: (52116, 325)
Station subset enabled: 130/325 stations (40.00%), seed=42
Testing from day 144 to day 180 (total 36 days)
Final Average Metrics per Horizon:

Horizon 15 minutes:
  MAE: 1.51
  MAPE: 3.29%
  RMSE: 2.85
  COVERAGE: 76.51%
  IQR_MEAN: 4.1

Horizon 30 minutes:
  MAE: 1.77
  MAPE: 4.11%
  RMSE: 3.4
  COVERAGE: 78.17%
  IQR_MEAN: 4.93

Horizon 60 minutes:
  MAE: 2.02
  MAPE: 4.97%
  RMSE: 3.86
  COVERAGE: 79.57%
  IQR_MEAN: 5.86

Average Across Horizons:
  MAE: 1.77
  MAPE: 4.12%
  RMSE: 3.37
  COVERAGE: 78.08%
  IQR_MEAN: 4.97

Runtime Metrics:
  predict_backend_calls: 10356
  prediction_tasks: 1346280
  total_inference_seconds: 5696.3499
  avg_task_inference_seconds: 0.004231
  p95_task_inference_seconds: 0.004313
  cuda_peak_memory_mb: 1113.85
  cpu_peak_rss_mb: 3242.02
Running baseline context sweep for 14d (4032 steps)
dataset: PEMS-BAY
start_date: '2017-01-01'
start_test_day: null
n_test_days: null
proportion_test: 0.2
freq: 5
target: target
future_covariates: null
past_covariates: null
prediction_length: 12
id_column: item_id
timestamp_column: timestamp
horizons:
- 15
- 30
- 60
decimal_precision: 2
metrics_to_show:
- MAE
- MAPE
- RMSE
- COVERAGE
- IQR_MEAN
dataset_cfg: dataset/PEMS-BAY
cross_learning: true
batch_size: null
stride_steps: 1
seed: 42
quantile_levels:
- 0.1
- 0.5
- 0.9
evaluation:
  history_length_steps: 4032
  station_subset_fraction: 0.4
  station_subset_seed: 42
wandb:
  enabled: true
  entity: null
  run_name: baseline_subset40_28188311_ctx_14d
  tags:
  - baseline
  - context_sweep

Using device: cuda
Loaded data shape: (52116, 325)
Station subset enabled: 130/325 stations (40.00%), seed=42
Testing from day 144 to day 180 (total 36 days)
Final Average Metrics per Horizon:

Horizon 15 minutes:
  MAE: 1.48
  MAPE: 3.23%
  RMSE: 2.79
  COVERAGE: 74.91%
  IQR_MEAN: 3.93

Horizon 30 minutes:
  MAE: 1.71
  MAPE: 3.98%
  RMSE: 3.3
  COVERAGE: 76.37%
  IQR_MEAN: 4.67

Horizon 60 minutes:
  MAE: 1.92
  MAPE: 4.71%
  RMSE: 3.71
  COVERAGE: 78.16%
  IQR_MEAN: 5.51

Average Across Horizons:
  MAE: 1.7
  MAPE: 3.97%
  RMSE: 3.27
  COVERAGE: 76.48%
  IQR_MEAN: 4.71

Runtime Metrics:
  predict_backend_calls: 10356
  prediction_tasks: 1346280
  total_inference_seconds: 11585.3462
  avg_task_inference_seconds: 0.008605
  p95_task_inference_seconds: 0.008707
  cuda_peak_memory_mb: 1751.03
  cpu_peak_rss_mb: 3237.38
Context sweep baseline job finished successfully.
