Loaded module: cuda/12.6.3
wandb: [wandb.login()] Loaded credentials for https://api.wandb.ai from /zhome/ea/6/187439/.netrc.
wandb: Currently logged in as: bertram-hage (bertram-hage-danmarks-tekniske-universitet-dtu) to https://api.wandb.ai. Use `wandb login --relogin` to force relogin
wandb: setting up run 1p1uafx3
wandb: Tracking run with wandb version 0.25.1
wandb: Run data is saved locally in /zhome/ea/6/187439/advanced-ba/wandb/run-20260411_135308-1p1uafx3
wandb: Run `wandb offline` to turn off syncing.
wandb: Syncing run baseline_subset40_28188664_ctx_12h
wandb: ⭐️ View project at https://wandb.ai/bertram-hage-danmarks-tekniske-universitet-dtu/advanced-ba
wandb: 🚀 View run at https://wandb.ai/bertram-hage-danmarks-tekniske-universitet-dtu/advanced-ba/runs/1p1uafx3
/zhome/ea/6/187439/advanced-ba/.venv/lib/python3.12/site-packages/chronos/chronos2/dataset.py:89: UserWarning: The given NumPy array is not writable, and PyTorch does not support non-writable tensors. This means writing to this tensor will result in undefined behavior. You may want to copy the array to protect its data or make it writable before converting it to a tensor. This type of warning will be suppressed for the rest of this program. (Triggered internally at /pytorch/torch/csrc/utils/tensor_numpy.cpp:213.)
  task_target = torch.from_numpy(task_target)
wandb: updating run metadata
wandb: uploading output.log; uploading wandb-summary.json; uploading config.yaml
wandb: 
wandb: Run history:
wandb:             eval/h15_COVERAGE ▅▆▂▇▆▅▇▆▆▁▇▅▇▇▅▆▅▃▃▂▄▄▇▇▇▇▅▆▅▆▇▂▅▄▄█▆▇▃▄
wandb: eval/h15_COVERAGE_running_avg ▁▁██▆▅▅▄▅▆▂▄▃▄▄▃▄▂▂▂▂▄▃▄▃▃▂▂▂▂▃▃▃▂▂▃▃▃▃▃
wandb:                  eval/h15_MAE ▁▂▂▁▃▁▂▁▂▂█▆▂▂▄▁▃▅▂▆▂▁▁▂▂▆▃▆█▅▂▁▁▄▄▂▇▂▁▇
wandb:      eval/h15_MAE_running_avg ▁█▇▆▅▄▄▄▄▄▄▄▄▄▄▅▅▅▅▅▅▅▅▅▅▅▅▅▅▅▅▅▅▅▅▅▅▅▅▅
wandb:                 eval/h15_MAPE ▂▁▄▂▂█▂▂▄▇▁▂▂▃▁▁█▁▂▁▅▃▂▆▅▁▂▁▁▁█▆▁▁▁▁▂▁▃▂
wandb:     eval/h15_MAPE_running_avg ▁▄█▆▅▄▄▄▄▅▆▅▅▅▅▆▆▆▆▅▅▅▅▆▆▆▆▆▆▆▆▆▆▆▆▆▆▆▆▆
wandb:                 eval/h15_RMSE ▁▆▅▂▁▁▅▄▂▅▂▂▆▅▆▆▅▂▂▃▁▅▆▂▁▂▁▁▁▂▂▆▂▅▂▁▂▁▃█
wandb:     eval/h15_RMSE_running_avg ▇▅▃▁▂▃▃▃▇▇▆▆▅▆▆▇▇▇▇▆▇█▇▇▇▇▇▇██████▇▇▇▇▇█
wandb:             eval/h30_COVERAGE ▃▆▄▇▅▆▄█▅█▅▆▄▁▂▇█▇▄▇▇▂▆▄▅▆▇▅▇█▁▃▃▂▇▇▄▃▇▅
wandb: eval/h30_COVERAGE_running_avg █▁▁▁▂▂▁▁▁▁▁▁▁▁▁▁▁▁▁▁▁▁▁▁▁▁▁▁▁▁▁▁▁▁▁▁▁▁▁▁
wandb:                           +16 ...
wandb: 
wandb: Run summary:
wandb:             eval/avg_COVERAGE 0.72904
wandb:             eval/avg_IQR_MEAN 7.09963
wandb:           eval/avg_IQR_MEDIAN 4.34614
wandb:              eval/avg_IQR_STD 11.23293
wandb:                  eval/avg_MAE 2.74648
wandb:                 eval/avg_MAPE 0.06303
wandb:                 eval/avg_RMSE 5.28675
wandb:             eval/h15_COVERAGE 0.83077
wandb: eval/h15_COVERAGE_running_avg 0.73948
wandb:                  eval/h15_MAE 1.24972
wandb:                           +30 ...
wandb: 
wandb: 🚀 View run baseline_subset40_28188664_ctx_12h at: https://wandb.ai/bertram-hage-danmarks-tekniske-universitet-dtu/advanced-ba/runs/1p1uafx3
wandb: ⭐️ View project at: https://wandb.ai/bertram-hage-danmarks-tekniske-universitet-dtu/advanced-ba
wandb: Synced 5 W&B file(s), 0 media file(s), 0 artifact file(s) and 0 other file(s)
wandb: Find logs at: ./wandb/run-20260411_135308-1p1uafx3/logs
wandb: [wandb.login()] Loaded credentials for https://api.wandb.ai from /zhome/ea/6/187439/.netrc.
wandb: Currently logged in as: bertram-hage (bertram-hage-danmarks-tekniske-universitet-dtu) to https://api.wandb.ai. Use `wandb login --relogin` to force relogin
wandb: setting up run 6iwtrjn6
wandb: Tracking run with wandb version 0.25.1
wandb: Run data is saved locally in /zhome/ea/6/187439/advanced-ba/wandb/run-20260411_142659-6iwtrjn6
wandb: Run `wandb offline` to turn off syncing.
wandb: Syncing run baseline_subset40_28188664_ctx_24h
wandb: ⭐️ View project at https://wandb.ai/bertram-hage-danmarks-tekniske-universitet-dtu/advanced-ba
wandb: 🚀 View run at https://wandb.ai/bertram-hage-danmarks-tekniske-universitet-dtu/advanced-ba/runs/6iwtrjn6
/zhome/ea/6/187439/advanced-ba/.venv/lib/python3.12/site-packages/chronos/chronos2/dataset.py:89: UserWarning: The given NumPy array is not writable, and PyTorch does not support non-writable tensors. This means writing to this tensor will result in undefined behavior. You may want to copy the array to protect its data or make it writable before converting it to a tensor. This type of warning will be suppressed for the rest of this program. (Triggered internally at /pytorch/torch/csrc/utils/tensor_numpy.cpp:213.)
  task_target = torch.from_numpy(task_target)
wandb: updating run metadata
wandb: uploading output.log; uploading wandb-summary.json; uploading config.yaml
wandb: uploading output.log; uploading wandb-summary.json
wandb: 
wandb: Run history:
wandb:             eval/h15_COVERAGE ▆▇▂▆▄█▄▇▅▆▂▇▅▆▄▅▆▅▅▆▃▇▁▆▆▅█▂▇▄▄▅▇▇▅▆▆▄▆▄
wandb: eval/h15_COVERAGE_running_avg █▁▄▄▄▄▄▄▄▃▃▃▃▃▃▃▃▃▃▃▃▃▃▃▃▃▃▃▃▃▃▃▃▃▃▃▃▃▃▃
wandb:                  eval/h15_MAE ▇▅▃▂▂▂▂▂▄▁▁▂▇▇▇▂▇▃▂▁█▆▁▁▂▂▂▂▁▃▅▆▆▂▅▃▇▆▁▂
wandb:      eval/h15_MAE_running_avg ▁█▇▇▇▅▄▄▃▄▄▄▅▅▅▄▄▄▅▅▅▅▅▅▅▅▅▅▅▅▅▅▅▅▅▅▅▅▅▅
wandb:                 eval/h15_MAPE ▁▁▁▁▃▁▂▁▁▁▁▂▁▁▁▂▂▂▁▂▂▃▂▃▂▅▂▂▃▄▅▁▆█▄▂▁▂▂▄
wandb:     eval/h15_MAPE_running_avg █▄▃▁▁▅▅▄▄▄▅▅▅▆▆▆▅▅▆▆▆▅▅▆▆▆▆▆▆▆▆▆▆▆▆▆▆▆▆▆
wandb:                 eval/h15_RMSE ▂▂▂▂▃▂▅▂▁▃▆▁▁▁▆▄▂▁▂▅▄▁▁▁▄▄▄▁▁▁▄█▂▂▁▁▁▄▁▂
wandb:     eval/h15_RMSE_running_avg ▁█▇▇▅▄▄▄▅▅▅▅▅▅▅▆▆▆▆▆▅▅▆▆▆▆▆▅▆▆▆▆▆▅▆▆▆▆▆▆
wandb:             eval/h30_COVERAGE ▃▇▆▇▆▇██▆▃█▇▆▄▇█▆█▇▁▇▇▇▆▇▅▇▅▇▅█▇▇▃▆▇▄▇██
wandb: eval/h30_COVERAGE_running_avg █▁▁▂▃▃▃▃▃▃▃▃▃▃▃▃▃▃▃▃▃▃▃▃▃▃▃▃▃▃▃▃▃▃▃▃▃▃▃▃
wandb:                           +16 ...
wandb: 
wandb: Run summary:
wandb:             eval/avg_COVERAGE 0.75712
wandb:             eval/avg_IQR_MEAN 5.79398
wandb:           eval/avg_IQR_MEDIAN 3.97352
wandb:              eval/avg_IQR_STD 6.20828
wandb:                  eval/avg_MAE 2.33967
wandb:                 eval/avg_MAPE 0.05319
wandb:                 eval/avg_RMSE 4.40436
wandb:             eval/h15_COVERAGE 0.83077
wandb: eval/h15_COVERAGE_running_avg 0.75787
wandb:                  eval/h15_MAE 0.95913
wandb:                           +30 ...
wandb: 
wandb: 🚀 View run baseline_subset40_28188664_ctx_24h at: https://wandb.ai/bertram-hage-danmarks-tekniske-universitet-dtu/advanced-ba/runs/6iwtrjn6
wandb: ⭐️ View project at: https://wandb.ai/bertram-hage-danmarks-tekniske-universitet-dtu/advanced-ba
wandb: Synced 5 W&B file(s), 0 media file(s), 0 artifact file(s) and 0 other file(s)
wandb: Find logs at: ./wandb/run-20260411_142659-6iwtrjn6/logs
wandb: [wandb.login()] Loaded credentials for https://api.wandb.ai from /zhome/ea/6/187439/.netrc.
wandb: Currently logged in as: bertram-hage (bertram-hage-danmarks-tekniske-universitet-dtu) to https://api.wandb.ai. Use `wandb login --relogin` to force relogin
wandb: setting up run i6lrwfh1
wandb: Tracking run with wandb version 0.25.1
wandb: Run data is saved locally in /zhome/ea/6/187439/advanced-ba/wandb/run-20260411_150719-i6lrwfh1
wandb: Run `wandb offline` to turn off syncing.
wandb: Syncing run baseline_subset40_28188664_ctx_2d
wandb: ⭐️ View project at https://wandb.ai/bertram-hage-danmarks-tekniske-universitet-dtu/advanced-ba
wandb: 🚀 View run at https://wandb.ai/bertram-hage-danmarks-tekniske-universitet-dtu/advanced-ba/runs/i6lrwfh1
/zhome/ea/6/187439/advanced-ba/.venv/lib/python3.12/site-packages/chronos/chronos2/dataset.py:89: UserWarning: The given NumPy array is not writable, and PyTorch does not support non-writable tensors. This means writing to this tensor will result in undefined behavior. You may want to copy the array to protect its data or make it writable before converting it to a tensor. This type of warning will be suppressed for the rest of this program. (Triggered internally at /pytorch/torch/csrc/utils/tensor_numpy.cpp:213.)
  task_target = torch.from_numpy(task_target)
wandb: updating run metadata
wandb: uploading wandb-summary.json; uploading config.yaml; uploading output.log
wandb: uploading config.yaml; uploading output.log
wandb: 
wandb: Run history:
wandb:             eval/h15_COVERAGE ▆▄▃▅▄▇▆▄▂▃▂▄▇▄▅▄▆▄▇▇█▅▅▄▅▄▃▅▃▅█▄▁▅▅▇▅▅▆▅
wandb: eval/h15_COVERAGE_running_avg ▁▁▄▆▆█▅▅▅▆▆▆▆▆▆▅▅▅▆▆▆▆▅▅▅▅▅▅▅▆▅▅▅▅▅▆▆▅▅▅
wandb:                  eval/h15_MAE ▂▂█▆▆▁▂▁▂▂▃▇▂▁▆▂▂▇▄▆▁▂▂▇▃▃▅▃▁▂▅▄▂▂▆▃▃▂▁▂
wandb:      eval/h15_MAE_running_avg █▅▆▂▁▁▂▃▃▂▂▂▂▂▂▃▃▃▃▃▃▃▃▃▃▃▃▄▃▃▃▃▃▃▃▃▃▃▃▃
wandb:                 eval/h15_MAPE ▃█▁▁▂▁▁▁▁▂▆▂▂▂▁▂▃▆▄▂▂▂▁▂▁▃▅▁▇▄▁▆▃▂▂▁▂▁▁▁
wandb:     eval/h15_MAPE_running_avg ▁█▆▄▂▅▅▆▇▇▇▇▆▆▇▇█▇████▇▇▇███████████████
wandb:                 eval/h15_RMSE █▂▁▁▃▇▄▂▂▄▅▅▂▂▂▂▂▂▄▁▂▁▇▁▅▂▅▄▅▅▁▂▁▁▂▅▂▂▄▁
wandb:     eval/h15_RMSE_running_avg ▁██▇▅▅▅▅▅▆▆▆▆▆▆▆▆▆▆▆▆▆▆▆▇▇▆▆▆▆▇▇▆▆▆▆▆▆▇▇
wandb:             eval/h30_COVERAGE ▆▄▆▇▄▄▃▃▆▇▆▇▆▆█▅▄▃▄▄▄▄█▆▆▄█▂▅▇▇██▆▅▁▇▅▆▇
wandb: eval/h30_COVERAGE_running_avg ▇▁▁▄██▇█▇▃▅▅▅▄▃▃▃▃▃▅▅▄▃▃▃▃▃▄▄▄▄▃▃▃▃▄▄▄▃▃
wandb:                           +16 ...
wandb: 
wandb: Run summary:
wandb:             eval/avg_COVERAGE 0.75451
wandb:             eval/avg_IQR_MEAN 5.30406
wandb:           eval/avg_IQR_MEDIAN 3.45483
wandb:              eval/avg_IQR_STD 5.52528
wandb:                  eval/avg_MAE 2.07052
wandb:                 eval/avg_MAPE 0.04771
wandb:                 eval/avg_RMSE 3.9827
wandb:             eval/h15_COVERAGE 0.75385
wandb: eval/h15_COVERAGE_running_avg 0.75345
wandb:                  eval/h15_MAE 0.95708
wandb:                           +30 ...
wandb: 
wandb: 🚀 View run baseline_subset40_28188664_ctx_2d at: https://wandb.ai/bertram-hage-danmarks-tekniske-universitet-dtu/advanced-ba/runs/i6lrwfh1
wandb: ⭐️ View project at: https://wandb.ai/bertram-hage-danmarks-tekniske-universitet-dtu/advanced-ba
wandb: Synced 5 W&B file(s), 0 media file(s), 0 artifact file(s) and 0 other file(s)
wandb: Find logs at: ./wandb/run-20260411_150719-i6lrwfh1/logs
wandb: [wandb.login()] Loaded credentials for https://api.wandb.ai from /zhome/ea/6/187439/.netrc.
wandb: Currently logged in as: bertram-hage (bertram-hage-danmarks-tekniske-universitet-dtu) to https://api.wandb.ai. Use `wandb login --relogin` to force relogin
wandb: setting up run 29tehv0h
wandb: Tracking run with wandb version 0.25.1
wandb: Run data is saved locally in /zhome/ea/6/187439/advanced-ba/wandb/run-20260411_155910-29tehv0h
wandb: Run `wandb offline` to turn off syncing.
wandb: Syncing run baseline_subset40_28188664_ctx_7d
wandb: ⭐️ View project at https://wandb.ai/bertram-hage-danmarks-tekniske-universitet-dtu/advanced-ba
wandb: 🚀 View run at https://wandb.ai/bertram-hage-danmarks-tekniske-universitet-dtu/advanced-ba/runs/29tehv0h
/zhome/ea/6/187439/advanced-ba/.venv/lib/python3.12/site-packages/chronos/chronos2/dataset.py:89: UserWarning: The given NumPy array is not writable, and PyTorch does not support non-writable tensors. This means writing to this tensor will result in undefined behavior. You may want to copy the array to protect its data or make it writable before converting it to a tensor. This type of warning will be suppressed for the rest of this program. (Triggered internally at /pytorch/torch/csrc/utils/tensor_numpy.cpp:213.)
  task_target = torch.from_numpy(task_target)
wandb: updating run metadata
wandb: uploading output.log; uploading wandb-summary.json; uploading config.yaml
wandb: uploading output.log; uploading config.yaml
wandb: 
wandb: Run history:
wandb:             eval/h15_COVERAGE ▁▃▃▃▂▅▄▄▅▅▆▅▅▅▆▄▂▆▃▄▄▄▆▆▅▆▅▅▅█▆▄▄▆▃▄▁▄▆▇
wandb: eval/h15_COVERAGE_running_avg ▃▁▁▇▆▄▄▅▅▅▅▇▇▇▇▇▇▆▇▇▇▇▇▇▇▇██████████████
wandb:                  eval/h15_MAE ▆▁▂▂▄▁▁▃▄▆▁▂▁█▂▂▃▂▂▂▃▂▁▂▂▂▂▁▃▇▁▁▁▃▆▂▂▄▆▅
wandb:      eval/h15_MAE_running_avg ▇█▇▆▆▄▁▂▃▄▃▃▃▃▃▄▄▄▄▄▃▃▃▃▃▄▄▄▄▄▃▄▄▄▄▄▄▄▄▄
wandb:                 eval/h15_MAPE ▁▃▂▁▁▁▁▁▂▂▁▇█▁▄▂▁▃▂▆▃▂▁▂▂▂▁▁▁▄▁▂▄▆▂▂▂▄▅▁
wandb:     eval/h15_MAPE_running_avg ██▅▃▃▁▁▃▂▃▄▄▄▄▃▃▄▄▄▄▄▄▄▄▄▄▄▄▄▄▄▄▄▄▄▄▄▅▄▄
wandb:                 eval/h15_RMSE ▂▂▂▂▆▅▂▂▂▂▁▁▂▂▂▁▁▆▁▁▂▂▂▁▅▃▄▅▄▅▂▂▂▁▂▄▃█▂▁
wandb:     eval/h15_RMSE_running_avg ██▅▃▃▃▃▁▁▁▂▂▂▂▂▂▂▃▃▃▂▂▂▂▃▂▂▂▂▂▃▃▃▃▃▃▃▃▃▃
wandb:             eval/h30_COVERAGE ▃▆▆▇▆▇▅▁▂▄▇▄▄▆▄▇▄▄▂▅▃▅▆▆▄▅▆▄▆▅▃▄█▄▅▄▄▇▆▄
wandb: eval/h30_COVERAGE_running_avg █▄▃▂▁▁▄▄▃▂▃▄▄▄▄▄▃▃▃▃▃▃▃▃▄▄▄▄▄▄▄▄▄▄▄▄▄▄▄▄
wandb:                           +16 ...
wandb: 
wandb: Run summary:
wandb:             eval/avg_COVERAGE 0.76475
wandb:             eval/avg_IQR_MEAN 5.09425
wandb:           eval/avg_IQR_MEDIAN 3.35262
wandb:              eval/avg_IQR_STD 5.03213
wandb:                  eval/avg_MAE 1.84044
wandb:                 eval/avg_MAPE 0.04246
wandb:                 eval/avg_RMSE 3.55524
wandb:             eval/h15_COVERAGE 0.76154
wandb: eval/h15_COVERAGE_running_avg 0.75813
wandb:                  eval/h15_MAE 0.94184
wandb:                           +30 ...
wandb: 
wandb: 🚀 View run baseline_subset40_28188664_ctx_7d at: https://wandb.ai/bertram-hage-danmarks-tekniske-universitet-dtu/advanced-ba/runs/29tehv0h
wandb: ⭐️ View project at: https://wandb.ai/bertram-hage-danmarks-tekniske-universitet-dtu/advanced-ba
wandb: Synced 5 W&B file(s), 0 media file(s), 0 artifact file(s) and 0 other file(s)
wandb: Find logs at: ./wandb/run-20260411_155910-29tehv0h/logs
wandb: [wandb.login()] Loaded credentials for https://api.wandb.ai from /zhome/ea/6/187439/.netrc.
wandb: Currently logged in as: bertram-hage (bertram-hage-danmarks-tekniske-universitet-dtu) to https://api.wandb.ai. Use `wandb login --relogin` to force relogin
wandb: setting up run noq494k0
wandb: Tracking run with wandb version 0.25.1
wandb: Run data is saved locally in /zhome/ea/6/187439/advanced-ba/wandb/run-20260411_175312-noq494k0
wandb: Run `wandb offline` to turn off syncing.
wandb: Syncing run baseline_subset40_28188664_ctx_14d
wandb: ⭐️ View project at https://wandb.ai/bertram-hage-danmarks-tekniske-universitet-dtu/advanced-ba
wandb: 🚀 View run at https://wandb.ai/bertram-hage-danmarks-tekniske-universitet-dtu/advanced-ba/runs/noq494k0
/zhome/ea/6/187439/advanced-ba/.venv/lib/python3.12/site-packages/chronos/chronos2/dataset.py:89: UserWarning: The given NumPy array is not writable, and PyTorch does not support non-writable tensors. This means writing to this tensor will result in undefined behavior. You may want to copy the array to protect its data or make it writable before converting it to a tensor. This type of warning will be suppressed for the rest of this program. (Triggered internally at /pytorch/torch/csrc/utils/tensor_numpy.cpp:213.)
  task_target = torch.from_numpy(task_target)
wandb: updating run metadata
wandb: uploading wandb-summary.json; uploading output.log
wandb: uploading history steps 10347-10355, summary, console lines 6-43
wandb: 
wandb: Run history:
wandb:             eval/h15_COVERAGE ▅▄▇▆▃▄▇█▅▇▅▆▂▃▆▅▃▁▇▆▆▇▇▇▅▇█▇▆▃▅▇▅▆▆▃▇▅█▅
wandb: eval/h15_COVERAGE_running_avg ▁▁▁▁▄▅▃▄▄▄▄▅▆▆▆▆▆▆▆▅▆▆▆▆▇▇▇▇▇▇▇█████████
wandb:                  eval/h15_MAE ▇▂▃▁▂▁█▁▃▂▁▁▃▂▇▂▂▂▂▁█▁▁▃▁▁▁▂▂▃▂▄▁▆▂▁▄▁▆▇
wandb:      eval/h15_MAE_running_avg █▄▃▁▁▄▃▃▃▄▄▄▄▄▄▄▄▄▄▄▄▄▄▄▄▄▄▄▄▄▄▄▄▄▄▄▄▄▄▄
wandb:                 eval/h15_MAPE ▂▄▁▁▂▁▂▂▃▂▁▆▁▁▁▄▂▃▁▂█▃▆▁▁▁▂▁▁▁▁▁▃▄▅▂▁▁▁▂
wandb:     eval/h15_MAPE_running_avg ▃██▆▅▄▂▁▂▂▂▂▂▂▂▂▂▂▂▂▂▂▂▂▂▂▂▂▃▂▂▂▂▂▂▂▂▂▂▂
wandb:                 eval/h15_RMSE ▃▄▂▂▁▁▁▂▃▆▃▁▂▂▂▅▃▂▃▁▄▄▅█▂▁▂▆▁▂▄▄▂▂▂▂▂▄▂▁
wandb:     eval/h15_RMSE_running_avg ▁█▆▇▇▆▆▄▄▃▄▄▄▄▄▅▅▅▅▅▄▄▄▅▅▄▄▄▄▄▅▅▅▅▅▄▄▄▄▅
wandb:             eval/h30_COVERAGE ▃▃▃▁▅▄▄▅▅▆▅▅▄▄▄▄▁█▅▄▅▅▄▅▅▃▄▄▄▃▃▄▅▅▄▃▅▃▄▃
wandb: eval/h30_COVERAGE_running_avg ▄▁▁▁▅▆▃▃▄▄█▇▆▇▆▅▅▅▆▇▇▇▇▇███████▇▇▇▇█████
wandb:                           +16 ...
wandb: 
wandb: Run summary:
wandb:             eval/avg_COVERAGE 0.76277
wandb:             eval/avg_IQR_MEAN 4.92126
wandb:           eval/avg_IQR_MEDIAN 3.19486
wandb:              eval/avg_IQR_STD 4.98792
wandb:                  eval/avg_MAE 1.76692
wandb:                 eval/avg_MAPE 0.04085
wandb:                 eval/avg_RMSE 3.4359
wandb:             eval/h15_COVERAGE 0.73846
wandb: eval/h15_COVERAGE_running_avg 0.75426
wandb:                  eval/h15_MAE 0.94662
wandb:                           +30 ...
wandb: 
wandb: 🚀 View run baseline_subset40_28188664_ctx_14d at: https://wandb.ai/bertram-hage-danmarks-tekniske-universitet-dtu/advanced-ba/runs/noq494k0
wandb: ⭐️ View project at: https://wandb.ai/bertram-hage-danmarks-tekniske-universitet-dtu/advanced-ba
wandb: Synced 5 W&B file(s), 0 media file(s), 0 artifact file(s) and 0 other file(s)
wandb: Find logs at: ./wandb/run-20260411_175312-noq494k0/logs
