JobID: 28190372
Host: n-62-18-4
Project root: /zhome/ea/6/187439/advanced-ba
Sat Apr 11 20:31:32 2026       
+-----------------------------------------------------------------------------------------+
| NVIDIA-SMI 595.58.03              Driver Version: 595.58.03      CUDA Version: 13.2     |
+-----------------------------------------+------------------------+----------------------+
| GPU  Name                 Persistence-M | Bus-Id          Disp.A | Volatile Uncorr. ECC |
| Fan  Temp   Perf          Pwr:Usage/Cap |           Memory-Usage | GPU-Util  Compute M. |
|                                         |                        |               MIG M. |
|=========================================+========================+======================|
|   0  NVIDIA A40                     On  |   00000000:65:00.0 Off |                    0 |
|  0%   41C    P0             40W /  300W |       0MiB /  46068MiB |      0%   E. Process |
|                                         |                        |                  N/A |
+-----------------------------------------+------------------------+----------------------+

+-----------------------------------------------------------------------------------------+
| Processes:                                                                              |
|  GPU   GI   CI              PID   Type   Process name                        GPU Memory |
|        ID   ID                                                               Usage      |
|=========================================================================================|
|  No running processes found                                                             |
+-----------------------------------------------------------------------------------------+
Running uv sync...
Starting full-scale training run: training_train_28190372
=== Hypernetwork Training ===
dataset: PEMS-BAY
start_date: '2017-01-01'
start_test_day: null
n_test_days: null
proportion_test: 0.2
freq: 5
target: target
future_covariates: null
past_covariates: null
prediction_length: 12
id_column: item_id
timestamp_column: timestamp
horizons:
- 15
- 30
- 60
decimal_precision: 2
metrics_to_show:
- MAE
- MAPE
- RMSE
- COVERAGE
- IQR_MEAN
dataset_cfg: dataset/PEMS-BAY
cross_learning: true
batch_size: null
seed: 42
training:
  train_start_date: '2017-01-01'
  train_end_date: '2017-04-01'
  val_start_date: '2017-04-01'
  val_end_date: '2017-05-01'
  long_context_steps: 4032
  short_context_steps: 256
  prediction_length: 12
  length_jitter:
    enabled: false
    apply_in_val: false
    long_sigma_outer: 320.0
    long_sigma_inner: 96.0
    short_sigma_outer: 40.0
    short_sigma_inner: 16.0
    quantize_steps: 24
    long_min_steps: 1008
    long_max_steps: 4032
    short_min_steps: 384
    short_max_steps: 640
  n_queries_per_context: 16
  query_stride_steps: 72
  long_context_stride_steps: 288
  train_batch_size: 64
  num_workers: 4
context_encoder_model: amazon/chronos-bolt-mini
hypernet:
  d_latent: 128
  lora_rank: 8
  n_latent_queries: 32
  num_perceiver_blocks: 1
  n_self_attn_per_block: 1
  n_heads: 8
  num_pre_head_layers: 1
  dropout: 0.0
optimizer:
  lr: 4.0e-05
  weight_decay: 0.01
training_loop:
  max_epochs: 50
  patience: 5
  lora_scaling: 2.0
  l1_reg_coef: 0.0
  grad_clip: 1.0
  log_every: 10
  checkpoint_dir: checkpoints/training_02
  gradient_accumulation_steps: 1
  warmup_steps: 100
teacher_cache:
  enabled: true
  cache_dir: data/teacher_cache
  dtype: float16
  build_batch_size: 32
  jitter_seed: 42
  rebuild: false
wandb:
  enabled: true
  entity: null
  run_name: training_train_28190372
  tags:
  - hpc
  - fullscale
  - training

Device: cuda
Loaded data shape: (52116, 325)
Dataset loaded: 16937700 rows
Chronos-2 loaded
Building teacher cache for 'train' split (23400 samples, key=7625290ae224793f)
  Teacher cache progress: 800/23400 samples
  Teacher cache progress: 1600/23400 samples
  Teacher cache progress: 2400/23400 samples
  Teacher cache progress: 3200/23400 samples
  Teacher cache progress: 4000/23400 samples
  Teacher cache progress: 4800/23400 samples
  Teacher cache progress: 5600/23400 samples
  Teacher cache progress: 6400/23400 samples
  Teacher cache progress: 7200/23400 samples
  Teacher cache progress: 8000/23400 samples
  Teacher cache progress: 8800/23400 samples
  Teacher cache progress: 9600/23400 samples
  Teacher cache progress: 10400/23400 samples
  Teacher cache progress: 11200/23400 samples
  Teacher cache progress: 12000/23400 samples
  Teacher cache progress: 12800/23400 samples
  Teacher cache progress: 13600/23400 samples
  Teacher cache progress: 14400/23400 samples
  Teacher cache progress: 15200/23400 samples
  Teacher cache progress: 16000/23400 samples
  Teacher cache progress: 16800/23400 samples
  Teacher cache progress: 17600/23400 samples
  Teacher cache progress: 18400/23400 samples
  Teacher cache progress: 19200/23400 samples
  Teacher cache progress: 20000/23400 samples
  Teacher cache progress: 20800/23400 samples
  Teacher cache progress: 21600/23400 samples
  Teacher cache progress: 22400/23400 samples
  Teacher cache progress: 23200/23400 samples
  Teacher cache progress: 23400/23400 samples
Saved teacher cache: data/teacher_cache/teacher_train_7625290ae224793f.pt
Building teacher cache for 'val' split (3900 samples, key=943a728427f511a4)
  Teacher cache progress: 800/3900 samples
  Teacher cache progress: 1600/3900 samples
  Teacher cache progress: 2400/3900 samples
  Teacher cache progress: 3200/3900 samples
  Teacher cache progress: 3900/3900 samples
Saved teacher cache: data/teacher_cache/teacher_val_943a728427f511a4.pt
Teacher cache (train): data/teacher_cache/teacher_train_7625290ae224793f.pt (key=7625290ae224793f)
Teacher cache (val): data/teacher_cache/teacher_val_943a728427f511a4.pt (key=943a728427f511a4)
Train samples: 23400, Val samples: 3900
Context encoder loaded: amazon/chronos-bolt-mini (d_model=384)
Hypernetwork params: 12,180,992
Starting training for up to 50 epochs
  Train batches: 365
  Val batches: 61
  Train teacher cache: True
  Val teacher cache: True
  Hypernetwork params: 12,180,992
  Epoch 0 [10/365] loss=2.281274 avg=1.330928
  Epoch 0 [20/365] loss=1.267868 avg=1.370160
  Epoch 0 [30/365] loss=1.587796 avg=1.385901
  Epoch 0 [40/365] loss=1.344036 avg=1.323662
  Epoch 0 [50/365] loss=0.846012 avg=1.245623
  Epoch 0 [60/365] loss=0.863205 avg=1.177195
  Epoch 0 [70/365] loss=0.817495 avg=1.126780
  Epoch 0 [80/365] loss=0.781007 avg=1.084270
  Epoch 0 [90/365] loss=0.675365 avg=1.042562
  Epoch 0 [100/365] loss=0.701855 avg=1.006662
  Epoch 0 [110/365] loss=0.743150 avg=0.978579
  Epoch 0 [120/365] loss=0.603154 avg=0.953342
  Epoch 0 [130/365] loss=0.639634 avg=0.930362
  Epoch 0 [140/365] loss=0.667366 avg=0.908511
  Epoch 0 [150/365] loss=0.703677 avg=0.888351
  Epoch 0 [160/365] loss=0.654590 avg=0.871844
  Epoch 0 [170/365] loss=0.673630 avg=0.857302
  Epoch 0 [180/365] loss=0.586781 avg=0.843539
  Epoch 0 [190/365] loss=0.639084 avg=0.829071
  Epoch 0 [200/365] loss=0.620385 avg=0.817105
  Epoch 0 [210/365] loss=0.565955 avg=0.806505
  Epoch 0 [220/365] loss=0.615153 avg=0.795645
  Epoch 0 [230/365] loss=0.618602 avg=0.785604
  Epoch 0 [240/365] loss=0.529590 avg=0.776146
  Epoch 0 [250/365] loss=0.559671 avg=0.767722
  Epoch 0 [260/365] loss=0.570451 avg=0.761006
  Epoch 0 [270/365] loss=0.536108 avg=0.753338
  Epoch 0 [280/365] loss=0.546723 avg=0.745398
  Epoch 0 [290/365] loss=0.565783 avg=0.738597
  Epoch 0 [300/365] loss=0.511076 avg=0.732218
  Epoch 0 [310/365] loss=0.490069 avg=0.726605
  Epoch 0 [320/365] loss=0.583126 avg=0.721064
  Epoch 0 [330/365] loss=0.491758 avg=0.715110
  Epoch 0 [340/365] loss=0.529247 avg=0.710512
  Epoch 0 [350/365] loss=0.487520 avg=0.704621
  Epoch 0 [360/365] loss=0.586619 avg=0.700321
Epoch 0: train_loss=0.697783 val_loss=0.642277 time=718.5s
  Saved best checkpoint (val_loss=0.642277)
  Epoch 1 [10/365] loss=0.629997 avg=0.500538
  Epoch 1 [20/365] loss=0.510977 avg=0.498144
  Epoch 1 [30/365] loss=0.500265 avg=0.499851
  Epoch 1 [40/365] loss=0.523940 avg=0.500218
  Epoch 1 [50/365] loss=0.513862 avg=0.496337
  Epoch 1 [60/365] loss=0.490581 avg=0.500831
  Epoch 1 [70/365] loss=0.575545 avg=0.504366
  Epoch 1 [80/365] loss=0.508657 avg=0.504545
  Epoch 1 [90/365] loss=0.482452 avg=0.502485
  Epoch 1 [100/365] loss=0.488691 avg=0.500282
  Epoch 1 [110/365] loss=0.563537 avg=0.499415
  Epoch 1 [120/365] loss=0.464469 avg=0.496645
  Epoch 1 [130/365] loss=0.452980 avg=0.495533
  Epoch 1 [140/365] loss=0.485444 avg=0.494931
  Epoch 1 [150/365] loss=0.615798 avg=0.494180
  Epoch 1 [160/365] loss=0.460234 avg=0.492711
  Epoch 1 [170/365] loss=0.479472 avg=0.491745
  Epoch 1 [180/365] loss=0.502736 avg=0.490806
  Epoch 1 [190/365] loss=0.422005 avg=0.490861
  Epoch 1 [200/365] loss=0.482225 avg=0.491305
  Epoch 1 [210/365] loss=0.432459 avg=0.488834
  Epoch 1 [220/365] loss=0.443954 avg=0.487323
  Epoch 1 [230/365] loss=0.455693 avg=0.485068
  Epoch 1 [240/365] loss=0.472443 avg=0.484010
  Epoch 1 [250/365] loss=0.496729 avg=0.483318
  Epoch 1 [260/365] loss=0.534654 avg=0.481344
  Epoch 1 [270/365] loss=0.410541 avg=0.480837
  Epoch 1 [280/365] loss=0.408735 avg=0.479908
  Epoch 1 [290/365] loss=0.435638 avg=0.478334
  Epoch 1 [300/365] loss=0.436686 avg=0.477186
  Epoch 1 [310/365] loss=0.375931 avg=0.476311
  Epoch 1 [320/365] loss=0.407594 avg=0.475059
  Epoch 1 [330/365] loss=0.420595 avg=0.474262
  Epoch 1 [340/365] loss=0.547982 avg=0.474508
  Epoch 1 [350/365] loss=0.478246 avg=0.474258
  Epoch 1 [360/365] loss=0.464891 avg=0.473663
Epoch 1: train_loss=0.473052 val_loss=0.562740 time=718.4s
  Saved best checkpoint (val_loss=0.562740)
  Epoch 2 [10/365] loss=0.373502 avg=0.399292
  Epoch 2 [20/365] loss=0.476604 avg=0.425220
  Epoch 2 [30/365] loss=0.417467 avg=0.423447
  Epoch 2 [40/365] loss=0.350418 avg=0.417855
  Epoch 2 [50/365] loss=0.451888 avg=0.420289
  Epoch 2 [60/365] loss=0.449531 avg=0.420051
  Epoch 2 [70/365] loss=0.504208 avg=0.420533
  Epoch 2 [80/365] loss=0.493213 avg=0.420124
  Epoch 2 [90/365] loss=0.495625 avg=0.420797
  Epoch 2 [100/365] loss=0.405790 avg=0.419929
  Epoch 2 [110/365] loss=0.333413 avg=0.419039
  Epoch 2 [120/365] loss=0.435987 avg=0.420197
  Epoch 2 [130/365] loss=0.391143 avg=0.418636
  Epoch 2 [140/365] loss=0.385862 avg=0.419663
  Epoch 2 [150/365] loss=0.395018 avg=0.419062
  Epoch 2 [160/365] loss=0.459550 avg=0.418584
  Epoch 2 [170/365] loss=0.401481 avg=0.418801
  Epoch 2 [180/365] loss=0.379171 avg=0.418985
  Epoch 2 [190/365] loss=0.361943 avg=0.418845
  Epoch 2 [200/365] loss=0.382653 avg=0.419174
  Epoch 2 [210/365] loss=0.447896 avg=0.418720
  Epoch 2 [220/365] loss=0.355486 avg=0.418530
  Epoch 2 [230/365] loss=0.332881 avg=0.418173
  Epoch 2 [240/365] loss=0.376208 avg=0.416956
  Epoch 2 [250/365] loss=0.392107 avg=0.416679
  Epoch 2 [260/365] loss=0.424196 avg=0.416580
  Epoch 2 [270/365] loss=0.393989 avg=0.415585
  Epoch 2 [280/365] loss=0.447664 avg=0.415291
  Epoch 2 [290/365] loss=0.393476 avg=0.415066
  Epoch 2 [300/365] loss=0.420726 avg=0.414788
  Epoch 2 [310/365] loss=0.437872 avg=0.414631
  Epoch 2 [320/365] loss=0.374865 avg=0.413607
  Epoch 2 [330/365] loss=0.410675 avg=0.412971
  Epoch 2 [340/365] loss=0.355207 avg=0.412374
  Epoch 2 [350/365] loss=0.383482 avg=0.411652
  Epoch 2 [360/365] loss=0.401079 avg=0.411405
Epoch 2: train_loss=0.411732 val_loss=0.527722 time=719.5s
  Saved best checkpoint (val_loss=0.527722)
  Epoch 3 [10/365] loss=0.349820 avg=0.383051
  Epoch 3 [20/365] loss=0.391595 avg=0.382131
  Epoch 3 [30/365] loss=0.352764 avg=0.382050
  Epoch 3 [40/365] loss=0.382310 avg=0.382868
  Epoch 3 [50/365] loss=0.341163 avg=0.380658
  Epoch 3 [60/365] loss=0.397050 avg=0.379998
  Epoch 3 [70/365] loss=0.391003 avg=0.381642
  Epoch 3 [80/365] loss=0.330754 avg=0.379537
  Epoch 3 [90/365] loss=0.412722 avg=0.378793
  Epoch 3 [100/365] loss=0.332012 avg=0.377971
  Epoch 3 [110/365] loss=0.362413 avg=0.377271
  Epoch 3 [120/365] loss=0.354153 avg=0.376013
  Epoch 3 [130/365] loss=0.386002 avg=0.376468
  Epoch 3 [140/365] loss=0.379851 avg=0.375965
  Epoch 3 [150/365] loss=0.399029 avg=0.376935
  Epoch 3 [160/365] loss=0.354725 avg=0.375924
  Epoch 3 [170/365] loss=0.399703 avg=0.376170
  Epoch 3 [180/365] loss=0.382561 avg=0.375981
  Epoch 3 [190/365] loss=0.420466 avg=0.374941
  Epoch 3 [200/365] loss=0.333299 avg=0.373748
  Epoch 3 [210/365] loss=0.357076 avg=0.373530
  Epoch 3 [220/365] loss=0.320669 avg=0.373876
  Epoch 3 [230/365] loss=0.378936 avg=0.373720
  Epoch 3 [240/365] loss=0.370114 avg=0.373476
  Epoch 3 [250/365] loss=0.338323 avg=0.372542
  Epoch 3 [260/365] loss=0.433898 avg=0.372755
  Epoch 3 [270/365] loss=0.384175 avg=0.372635
  Epoch 3 [280/365] loss=0.323385 avg=0.371711
  Epoch 3 [290/365] loss=0.336808 avg=0.371297
  Epoch 3 [300/365] loss=0.367602 avg=0.370836
  Epoch 3 [310/365] loss=0.385120 avg=0.370441
  Epoch 3 [320/365] loss=0.324807 avg=0.369685
  Epoch 3 [330/365] loss=0.360768 avg=0.369439
  Epoch 3 [340/365] loss=0.316304 avg=0.368349
  Epoch 3 [350/365] loss=0.327765 avg=0.367818
  Epoch 3 [360/365] loss=0.398748 avg=0.367157
Epoch 3: train_loss=0.367125 val_loss=0.504789 time=719.7s
  Saved best checkpoint (val_loss=0.504789)
  Epoch 4 [10/365] loss=0.306858 avg=0.329256
  Epoch 4 [20/365] loss=0.350787 avg=0.341159
  Epoch 4 [30/365] loss=0.305121 avg=0.342282
  Epoch 4 [40/365] loss=0.309957 avg=0.341960
  Epoch 4 [50/365] loss=0.354791 avg=0.340867
  Epoch 4 [60/365] loss=0.353565 avg=0.340289
  Epoch 4 [70/365] loss=0.307607 avg=0.340945
  Epoch 4 [80/365] loss=0.348533 avg=0.342490
  Epoch 4 [90/365] loss=0.375855 avg=0.343284
  Epoch 4 [100/365] loss=0.320044 avg=0.339754
  Epoch 4 [110/365] loss=0.309996 avg=0.338867
  Epoch 4 [120/365] loss=0.358449 avg=0.338096
  Epoch 4 [130/365] loss=0.360924 avg=0.338327
  Epoch 4 [140/365] loss=0.338361 avg=0.338229
  Epoch 4 [150/365] loss=0.365656 avg=0.338138
  Epoch 4 [160/365] loss=0.336760 avg=0.338084
  Epoch 4 [170/365] loss=0.364297 avg=0.338463
  Epoch 4 [180/365] loss=0.304866 avg=0.338592
  Epoch 4 [190/365] loss=0.311605 avg=0.338431
  Epoch 4 [200/365] loss=0.338065 avg=0.337686
  Epoch 4 [210/365] loss=0.373229 avg=0.337377
  Epoch 4 [220/365] loss=0.310650 avg=0.336328
  Epoch 4 [230/365] loss=0.348674 avg=0.336643
  Epoch 4 [240/365] loss=0.299524 avg=0.335716
  Epoch 4 [250/365] loss=0.302933 avg=0.334773
  Epoch 4 [260/365] loss=0.313398 avg=0.334128
  Epoch 4 [270/365] loss=0.327105 avg=0.333691
  Epoch 4 [280/365] loss=0.333845 avg=0.333866
  Epoch 4 [290/365] loss=0.326188 avg=0.333268
  Epoch 4 [300/365] loss=0.311913 avg=0.332773
  Epoch 4 [310/365] loss=0.372885 avg=0.332970
  Epoch 4 [320/365] loss=0.326067 avg=0.332100
  Epoch 4 [330/365] loss=0.334264 avg=0.331940
  Epoch 4 [340/365] loss=0.316279 avg=0.331357
  Epoch 4 [350/365] loss=0.329167 avg=0.331055
  Epoch 4 [360/365] loss=0.348996 avg=0.330089
Epoch 4: train_loss=0.329841 val_loss=0.489187 time=719.6s
  Saved best checkpoint (val_loss=0.489187)
  Epoch 5 [10/365] loss=0.304960 avg=0.303185
  Epoch 5 [20/365] loss=0.276076 avg=0.303063
  Epoch 5 [30/365] loss=0.283920 avg=0.308278
  Epoch 5 [40/365] loss=0.238851 avg=0.307038
  Epoch 5 [50/365] loss=0.309638 avg=0.306052
  Epoch 5 [60/365] loss=0.261952 avg=0.306579
  Epoch 5 [70/365] loss=0.307645 avg=0.307058
  Epoch 5 [80/365] loss=0.310096 avg=0.304963
  Epoch 5 [90/365] loss=0.315793 avg=0.304110
  Epoch 5 [100/365] loss=0.303708 avg=0.304840
  Epoch 5 [110/365] loss=0.277864 avg=0.303791
  Epoch 5 [120/365] loss=0.306569 avg=0.303449
  Epoch 5 [130/365] loss=0.304954 avg=0.302239
  Epoch 5 [140/365] loss=0.304912 avg=0.303060
  Epoch 5 [150/365] loss=0.285856 avg=0.303594
  Epoch 5 [160/365] loss=0.305960 avg=0.304068
  Epoch 5 [170/365] loss=0.338371 avg=0.304002
  Epoch 5 [180/365] loss=0.330014 avg=0.303522
  Epoch 5 [190/365] loss=0.276813 avg=0.302728
  Epoch 5 [200/365] loss=0.319110 avg=0.302332
  Epoch 5 [210/365] loss=0.291632 avg=0.302290
  Epoch 5 [220/365] loss=0.281442 avg=0.301573
  Epoch 5 [230/365] loss=0.296079 avg=0.301226
  Epoch 5 [240/365] loss=0.321720 avg=0.301305
  Epoch 5 [250/365] loss=0.286743 avg=0.301506
  Epoch 5 [260/365] loss=0.278937 avg=0.301168
  Epoch 5 [270/365] loss=0.285944 avg=0.300981
  Epoch 5 [280/365] loss=0.323702 avg=0.300610
  Epoch 5 [290/365] loss=0.282026 avg=0.300217
  Epoch 5 [300/365] loss=0.266745 avg=0.299886
  Epoch 5 [310/365] loss=0.294889 avg=0.298982
  Epoch 5 [320/365] loss=0.315260 avg=0.298755
  Epoch 5 [330/365] loss=0.275377 avg=0.298429
  Epoch 5 [340/365] loss=0.323945 avg=0.298384
  Epoch 5 [350/365] loss=0.307500 avg=0.297991
  Epoch 5 [360/365] loss=0.282622 avg=0.298088
Epoch 5: train_loss=0.297834 val_loss=0.491205 time=720.1s
  Epoch 6 [10/365] loss=0.289264 avg=0.265719
  Epoch 6 [20/365] loss=0.303449 avg=0.267277
  Epoch 6 [30/365] loss=0.281553 avg=0.268803
  Epoch 6 [40/365] loss=0.308644 avg=0.271215
  Epoch 6 [50/365] loss=0.262001 avg=0.272424
  Epoch 6 [60/365] loss=0.269756 avg=0.270095
  Epoch 6 [70/365] loss=0.264643 avg=0.271414
  Epoch 6 [80/365] loss=0.300946 avg=0.271447
  Epoch 6 [90/365] loss=0.268366 avg=0.270999
  Epoch 6 [100/365] loss=0.288907 avg=0.271247
  Epoch 6 [110/365] loss=0.320759 avg=0.272294
  Epoch 6 [120/365] loss=0.254704 avg=0.271471
  Epoch 6 [130/365] loss=0.301727 avg=0.271291
  Epoch 6 [140/365] loss=0.304172 avg=0.272082
  Epoch 6 [150/365] loss=0.270386 avg=0.271850
  Epoch 6 [160/365] loss=0.255775 avg=0.272005
  Epoch 6 [170/365] loss=0.241565 avg=0.272246
  Epoch 6 [180/365] loss=0.297895 avg=0.272087
  Epoch 6 [190/365] loss=0.265873 avg=0.272827
  Epoch 6 [200/365] loss=0.244016 avg=0.272948
  Epoch 6 [210/365] loss=0.250665 avg=0.272877
  Epoch 6 [220/365] loss=0.309396 avg=0.272824
  Epoch 6 [230/365] loss=0.273026 avg=0.273130
  Epoch 6 [240/365] loss=0.307339 avg=0.273051
  Epoch 6 [250/365] loss=0.295283 avg=0.273054
  Epoch 6 [260/365] loss=0.238346 avg=0.272677
  Epoch 6 [270/365] loss=0.254454 avg=0.272726
  Epoch 6 [280/365] loss=0.264218 avg=0.272875
  Epoch 6 [290/365] loss=0.276945 avg=0.272611
  Epoch 6 [300/365] loss=0.275148 avg=0.272452
  Epoch 6 [310/365] loss=0.270967 avg=0.272140
  Epoch 6 [320/365] loss=0.291467 avg=0.272368
  Epoch 6 [330/365] loss=0.274378 avg=0.272404
  Epoch 6 [340/365] loss=0.254089 avg=0.272177
  Epoch 6 [350/365] loss=0.257610 avg=0.271886
  Epoch 6 [360/365] loss=0.276968 avg=0.271552
Epoch 6: train_loss=0.271680 val_loss=0.491213 time=719.6s
  Epoch 7 [10/365] loss=0.235377 avg=0.249506
  Epoch 7 [20/365] loss=0.256279 avg=0.253742
  Epoch 7 [30/365] loss=0.255108 avg=0.255858
  Epoch 7 [40/365] loss=0.306705 avg=0.258869
  Epoch 7 [50/365] loss=0.247670 avg=0.255584
  Epoch 7 [60/365] loss=0.245016 avg=0.254456
  Epoch 7 [70/365] loss=0.263005 avg=0.255185
  Epoch 7 [80/365] loss=0.296997 avg=0.254931
  Epoch 7 [90/365] loss=0.237412 avg=0.255107
  Epoch 7 [100/365] loss=0.242864 avg=0.255337
  Epoch 7 [110/365] loss=0.241895 avg=0.255825
  Epoch 7 [120/365] loss=0.256990 avg=0.255195
  Epoch 7 [130/365] loss=0.272045 avg=0.255387
  Epoch 7 [140/365] loss=0.241834 avg=0.254861
  Epoch 7 [150/365] loss=0.232375 avg=0.254313
  Epoch 7 [160/365] loss=0.218140 avg=0.253567
  Epoch 7 [170/365] loss=0.228307 avg=0.253372
  Epoch 7 [180/365] loss=0.236462 avg=0.253059
  Epoch 7 [190/365] loss=0.272910 avg=0.253142
  Epoch 7 [200/365] loss=0.245136 avg=0.252684
  Epoch 7 [210/365] loss=0.238249 avg=0.252696
  Epoch 7 [220/365] loss=0.261309 avg=0.252698
  Epoch 7 [230/365] loss=0.223703 avg=0.251876
  Epoch 7 [240/365] loss=0.271183 avg=0.251853
  Epoch 7 [250/365] loss=0.263773 avg=0.251774
  Epoch 7 [260/365] loss=0.277447 avg=0.251741
  Epoch 7 [270/365] loss=0.270919 avg=0.251759
  Epoch 7 [280/365] loss=0.250894 avg=0.251770
  Epoch 7 [290/365] loss=0.254240 avg=0.251485
  Epoch 7 [300/365] loss=0.253091 avg=0.251193
  Epoch 7 [310/365] loss=0.241566 avg=0.250806
  Epoch 7 [320/365] loss=0.216170 avg=0.250378
  Epoch 7 [330/365] loss=0.231796 avg=0.250275
  Epoch 7 [340/365] loss=0.275195 avg=0.250053
  Epoch 7 [350/365] loss=0.219840 avg=0.249361
  Epoch 7 [360/365] loss=0.277147 avg=0.249483
Epoch 7: train_loss=0.249516 val_loss=0.475063 time=719.8s
  Saved best checkpoint (val_loss=0.475063)
  Epoch 8 [10/365] loss=0.212296 avg=0.237761
  Epoch 8 [20/365] loss=0.224547 avg=0.233488
  Epoch 8 [30/365] loss=0.233202 avg=0.233827
  Epoch 8 [40/365] loss=0.263694 avg=0.239056
  Epoch 8 [50/365] loss=0.191997 avg=0.237504
  Epoch 8 [60/365] loss=0.243781 avg=0.239151
  Epoch 8 [70/365] loss=0.211806 avg=0.236947
  Epoch 8 [80/365] loss=0.259129 avg=0.236060
  Epoch 8 [90/365] loss=0.241624 avg=0.235378
  Epoch 8 [100/365] loss=0.241519 avg=0.234605
  Epoch 8 [110/365] loss=0.240750 avg=0.234425
  Epoch 8 [120/365] loss=0.218278 avg=0.234245
  Epoch 8 [130/365] loss=0.263468 avg=0.234947
  Epoch 8 [140/365] loss=0.208714 avg=0.235361
  Epoch 8 [150/365] loss=0.246448 avg=0.235441
  Epoch 8 [160/365] loss=0.219899 avg=0.235017
  Epoch 8 [170/365] loss=0.239983 avg=0.234953
  Epoch 8 [180/365] loss=0.222781 avg=0.234261
  Epoch 8 [190/365] loss=0.270211 avg=0.234013
  Epoch 8 [200/365] loss=0.270375 avg=0.234124
  Epoch 8 [210/365] loss=0.227076 avg=0.233641
  Epoch 8 [220/365] loss=0.231333 avg=0.233736
  Epoch 8 [230/365] loss=0.218480 avg=0.233857
  Epoch 8 [240/365] loss=0.237585 avg=0.233778
  Epoch 8 [250/365] loss=0.233655 avg=0.233575
  Epoch 8 [260/365] loss=0.216110 avg=0.233152
  Epoch 8 [270/365] loss=0.229099 avg=0.232665
  Epoch 8 [280/365] loss=0.213245 avg=0.232191
  Epoch 8 [290/365] loss=0.228126 avg=0.232139
  Epoch 8 [300/365] loss=0.262212 avg=0.232050
  Epoch 8 [310/365] loss=0.210290 avg=0.231992
  Epoch 8 [320/365] loss=0.210832 avg=0.231671
  Epoch 8 [330/365] loss=0.248675 avg=0.231655
  Epoch 8 [340/365] loss=0.225843 avg=0.231511
  Epoch 8 [350/365] loss=0.222994 avg=0.231390
  Epoch 8 [360/365] loss=0.216877 avg=0.231062
Epoch 8: train_loss=0.231103 val_loss=0.483985 time=719.2s
  Epoch 9 [10/365] loss=0.241143 avg=0.228733
  Epoch 9 [20/365] loss=0.223910 avg=0.225457
  Epoch 9 [30/365] loss=0.227746 avg=0.222760
  Epoch 9 [40/365] loss=0.221724 avg=0.222622
  Epoch 9 [50/365] loss=0.213511 avg=0.219121
  Epoch 9 [60/365] loss=0.187237 avg=0.216952
  Epoch 9 [70/365] loss=0.221301 avg=0.216250
  Epoch 9 [80/365] loss=0.219305 avg=0.216289
  Epoch 9 [90/365] loss=0.236342 avg=0.217518
  Epoch 9 [100/365] loss=0.230831 avg=0.217019
  Epoch 9 [110/365] loss=0.226504 avg=0.216461
  Epoch 9 [120/365] loss=0.235978 avg=0.217192
  Epoch 9 [130/365] loss=0.214536 avg=0.216715
  Epoch 9 [140/365] loss=0.191468 avg=0.216457
  Epoch 9 [150/365] loss=0.227870 avg=0.217038
  Epoch 9 [160/365] loss=0.203428 avg=0.217095
  Epoch 9 [170/365] loss=0.228594 avg=0.216641
  Epoch 9 [180/365] loss=0.211478 avg=0.216581
  Epoch 9 [190/365] loss=0.220571 avg=0.216425
  Epoch 9 [200/365] loss=0.233748 avg=0.216076
  Epoch 9 [210/365] loss=0.235090 avg=0.215658
  Epoch 9 [220/365] loss=0.196851 avg=0.215522
  Epoch 9 [230/365] loss=0.214647 avg=0.215976
  Epoch 9 [240/365] loss=0.201679 avg=0.215729
  Epoch 9 [250/365] loss=0.216756 avg=0.215699
  Epoch 9 [260/365] loss=0.191144 avg=0.215360
  Epoch 9 [270/365] loss=0.175572 avg=0.214862
  Epoch 9 [280/365] loss=0.185430 avg=0.214993
  Epoch 9 [290/365] loss=0.209182 avg=0.215005
  Epoch 9 [300/365] loss=0.178226 avg=0.214768
  Epoch 9 [310/365] loss=0.241744 avg=0.214784
  Epoch 9 [320/365] loss=0.276647 avg=0.214853
  Epoch 9 [330/365] loss=0.269424 avg=0.214812
  Epoch 9 [340/365] loss=0.187588 avg=0.214885
  Epoch 9 [350/365] loss=0.204867 avg=0.214656
  Epoch 9 [360/365] loss=0.200995 avg=0.214489
Epoch 9: train_loss=0.214405 val_loss=0.478639 time=719.1s
  Epoch 10 [10/365] loss=0.208645 avg=0.203155
  Epoch 10 [20/365] loss=0.207111 avg=0.203027
  Epoch 10 [30/365] loss=0.207852 avg=0.202441
  Epoch 10 [40/365] loss=0.235826 avg=0.204614
  Epoch 10 [50/365] loss=0.194931 avg=0.202770
  Epoch 10 [60/365] loss=0.190384 avg=0.203261
  Epoch 10 [70/365] loss=0.221494 avg=0.203596
  Epoch 10 [80/365] loss=0.231115 avg=0.203510
  Epoch 10 [90/365] loss=0.215954 avg=0.204960
  Epoch 10 [100/365] loss=0.185202 avg=0.203883
  Epoch 10 [110/365] loss=0.218131 avg=0.203439
  Epoch 10 [120/365] loss=0.190798 avg=0.203585
  Epoch 10 [130/365] loss=0.186587 avg=0.202464
  Epoch 10 [140/365] loss=0.159650 avg=0.201787
  Epoch 10 [150/365] loss=0.196191 avg=0.202039
  Epoch 10 [160/365] loss=0.205191 avg=0.202337
  Epoch 10 [170/365] loss=0.197960 avg=0.202703
  Epoch 10 [180/365] loss=0.237619 avg=0.202992
  Epoch 10 [190/365] loss=0.191526 avg=0.203153
  Epoch 10 [200/365] loss=0.194588 avg=0.202930
  Epoch 10 [210/365] loss=0.184060 avg=0.202671
  Epoch 10 [220/365] loss=0.192595 avg=0.202594
  Epoch 10 [230/365] loss=0.169347 avg=0.202165
  Epoch 10 [240/365] loss=0.211720 avg=0.202054
  Epoch 10 [250/365] loss=0.205123 avg=0.202128
  Epoch 10 [260/365] loss=0.195686 avg=0.201843
  Epoch 10 [270/365] loss=0.199349 avg=0.201620
  Epoch 10 [280/365] loss=0.214199 avg=0.201595
  Epoch 10 [290/365] loss=0.216927 avg=0.201607
  Epoch 10 [300/365] loss=0.232025 avg=0.201533
  Epoch 10 [310/365] loss=0.176949 avg=0.201469
  Epoch 10 [320/365] loss=0.234184 avg=0.201490
  Epoch 10 [330/365] loss=0.162317 avg=0.201192
  Epoch 10 [340/365] loss=0.206591 avg=0.200950
  Epoch 10 [350/365] loss=0.192354 avg=0.200624
  Epoch 10 [360/365] loss=0.185970 avg=0.200633
Epoch 10: train_loss=0.200649 val_loss=0.474963 time=719.2s
  Saved best checkpoint (val_loss=0.474963)
  Epoch 11 [10/365] loss=0.192648 avg=0.192071
  Epoch 11 [20/365] loss=0.192383 avg=0.191874
  Epoch 11 [30/365] loss=0.195418 avg=0.189878
  Epoch 11 [40/365] loss=0.135516 avg=0.188703
  Epoch 11 [50/365] loss=0.171095 avg=0.188080
  Epoch 11 [60/365] loss=0.182674 avg=0.188020
  Epoch 11 [70/365] loss=0.195504 avg=0.189042
  Epoch 11 [80/365] loss=0.189307 avg=0.189950
  Epoch 11 [90/365] loss=0.170003 avg=0.189398
  Epoch 11 [100/365] loss=0.166043 avg=0.189786
  Epoch 11 [110/365] loss=0.164264 avg=0.189300
  Epoch 11 [120/365] loss=0.172284 avg=0.189338
  Epoch 11 [130/365] loss=0.198277 avg=0.189320
  Epoch 11 [140/365] loss=0.188297 avg=0.189806
  Epoch 11 [150/365] loss=0.189819 avg=0.189489
  Epoch 11 [160/365] loss=0.196645 avg=0.189894
  Epoch 11 [170/365] loss=0.197111 avg=0.189685
  Epoch 11 [180/365] loss=0.193884 avg=0.190178
  Epoch 11 [190/365] loss=0.190061 avg=0.190383
  Epoch 11 [200/365] loss=0.221289 avg=0.190610
  Epoch 11 [210/365] loss=0.184330 avg=0.190441
  Epoch 11 [220/365] loss=0.184839 avg=0.190282
  Epoch 11 [230/365] loss=0.174975 avg=0.189885
  Epoch 11 [240/365] loss=0.180652 avg=0.189733
  Epoch 11 [250/365] loss=0.194850 avg=0.189895
  Epoch 11 [260/365] loss=0.178398 avg=0.189823
  Epoch 11 [270/365] loss=0.187874 avg=0.189657
  Epoch 11 [280/365] loss=0.186618 avg=0.189640
  Epoch 11 [290/365] loss=0.177545 avg=0.189786
  Epoch 11 [300/365] loss=0.187424 avg=0.189606
  Epoch 11 [310/365] loss=0.197099 avg=0.189593
  Epoch 11 [320/365] loss=0.167967 avg=0.189473
  Epoch 11 [330/365] loss=0.179025 avg=0.189160
  Epoch 11 [340/365] loss=0.230379 avg=0.189207
  Epoch 11 [350/365] loss=0.193968 avg=0.189091
  Epoch 11 [360/365] loss=0.195851 avg=0.188921
Epoch 11: train_loss=0.188811 val_loss=0.478129 time=719.5s
  Epoch 12 [10/365] loss=0.174334 avg=0.175354
  Epoch 12 [20/365] loss=0.174490 avg=0.172609
  Epoch 12 [30/365] loss=0.182505 avg=0.172908
  Epoch 12 [40/365] loss=0.187364 avg=0.175327
  Epoch 12 [50/365] loss=0.172502 avg=0.177853
  Epoch 12 [60/365] loss=0.160196 avg=0.176926
  Epoch 12 [70/365] loss=0.165723 avg=0.177098
  Epoch 12 [80/365] loss=0.162283 avg=0.177174
  Epoch 12 [90/365] loss=0.174585 avg=0.177283
  Epoch 12 [100/365] loss=0.181171 avg=0.176956
  Epoch 12 [110/365] loss=0.211108 avg=0.177601
  Epoch 12 [120/365] loss=0.211490 avg=0.177673
  Epoch 12 [130/365] loss=0.188667 avg=0.178277
  Epoch 12 [140/365] loss=0.172621 avg=0.178222
  Epoch 12 [150/365] loss=0.187264 avg=0.178194
  Epoch 12 [160/365] loss=0.185275 avg=0.177842
  Epoch 12 [170/365] loss=0.187619 avg=0.178338
  Epoch 12 [180/365] loss=0.179121 avg=0.178875
  Epoch 12 [190/365] loss=0.169741 avg=0.178644
  Epoch 12 [200/365] loss=0.204541 avg=0.178791
  Epoch 12 [210/365] loss=0.188086 avg=0.178681
  Epoch 12 [220/365] loss=0.184552 avg=0.178487
  Epoch 12 [230/365] loss=0.184272 avg=0.178694
  Epoch 12 [240/365] loss=0.152880 avg=0.178489
  Epoch 12 [250/365] loss=0.213458 avg=0.178699
  Epoch 12 [260/365] loss=0.184204 avg=0.178485
  Epoch 12 [270/365] loss=0.189181 avg=0.178351
  Epoch 12 [280/365] loss=0.186382 avg=0.178112
  Epoch 12 [290/365] loss=0.219704 avg=0.178214
  Epoch 12 [300/365] loss=0.167268 avg=0.178058
  Epoch 12 [310/365] loss=0.173976 avg=0.178042
  Epoch 12 [320/365] loss=0.174808 avg=0.177942
  Epoch 12 [330/365] loss=0.172628 avg=0.177661
  Epoch 12 [340/365] loss=0.166364 avg=0.177506
  Epoch 12 [350/365] loss=0.177429 avg=0.177147
  Epoch 12 [360/365] loss=0.172880 avg=0.177262
Epoch 12: train_loss=0.177330 val_loss=0.465963 time=719.1s
  Saved best checkpoint (val_loss=0.465963)
  Epoch 13 [10/365] loss=0.154402 avg=0.174559
  Epoch 13 [20/365] loss=0.154767 avg=0.172345
  Epoch 13 [30/365] loss=0.150454 avg=0.171262
  Epoch 13 [40/365] loss=0.175285 avg=0.170190
  Epoch 13 [50/365] loss=0.194276 avg=0.169854
  Epoch 13 [60/365] loss=0.163116 avg=0.169132
  Epoch 13 [70/365] loss=0.161518 avg=0.168209
  Epoch 13 [80/365] loss=0.158132 avg=0.167703
  Epoch 13 [90/365] loss=0.159659 avg=0.167773
  Epoch 13 [100/365] loss=0.162513 avg=0.168027
  Epoch 13 [110/365] loss=0.178315 avg=0.168177
  Epoch 13 [120/365] loss=0.165284 avg=0.168352
  Epoch 13 [130/365] loss=0.162033 avg=0.168559
  Epoch 13 [140/365] loss=0.200912 avg=0.168750
  Epoch 13 [150/365] loss=0.185984 avg=0.168616
  Epoch 13 [160/365] loss=0.179316 avg=0.168013
  Epoch 13 [170/365] loss=0.157368 avg=0.167847
  Epoch 13 [180/365] loss=0.165944 avg=0.168158
  Epoch 13 [190/365] loss=0.147583 avg=0.167951
  Epoch 13 [200/365] loss=0.181756 avg=0.168153
  Epoch 13 [210/365] loss=0.138149 avg=0.168089
  Epoch 13 [220/365] loss=0.164400 avg=0.167908
  Epoch 13 [230/365] loss=0.167844 avg=0.167933
  Epoch 13 [240/365] loss=0.162011 avg=0.168248
  Epoch 13 [250/365] loss=0.162372 avg=0.168246
  Epoch 13 [260/365] loss=0.152064 avg=0.168264
  Epoch 13 [270/365] loss=0.145072 avg=0.168104
  Epoch 13 [280/365] loss=0.145567 avg=0.167902
  Epoch 13 [290/365] loss=0.155565 avg=0.167884
  Epoch 13 [300/365] loss=0.161086 avg=0.167697
  Epoch 13 [310/365] loss=0.168785 avg=0.167747
  Epoch 13 [320/365] loss=0.181892 avg=0.167767
  Epoch 13 [330/365] loss=0.166324 avg=0.167539
  Epoch 13 [340/365] loss=0.161639 avg=0.167583
  Epoch 13 [350/365] loss=0.156651 avg=0.167399
  Epoch 13 [360/365] loss=0.170591 avg=0.167463
Epoch 13: train_loss=0.167379 val_loss=0.481541 time=719.5s
  Epoch 14 [10/365] loss=0.152565 avg=0.157911
  Epoch 14 [20/365] loss=0.160675 avg=0.160875
  Epoch 14 [30/365] loss=0.181227 avg=0.161531
  Epoch 14 [40/365] loss=0.153173 avg=0.161884
  Epoch 14 [50/365] loss=0.158887 avg=0.161048
  Epoch 14 [60/365] loss=0.162375 avg=0.159800
  Epoch 14 [70/365] loss=0.156433 avg=0.160204
  Epoch 14 [80/365] loss=0.156438 avg=0.160610
  Epoch 14 [90/365] loss=0.167694 avg=0.159983
  Epoch 14 [100/365] loss=0.142166 avg=0.160182
  Epoch 14 [110/365] loss=0.172166 avg=0.160835
  Epoch 14 [120/365] loss=0.168476 avg=0.161060
  Epoch 14 [130/365] loss=0.138149 avg=0.160706
  Epoch 14 [140/365] loss=0.168852 avg=0.160487
  Epoch 14 [150/365] loss=0.140444 avg=0.160326
  Epoch 14 [160/365] loss=0.139242 avg=0.160125
  Epoch 14 [170/365] loss=0.159948 avg=0.159666
  Epoch 14 [180/365] loss=0.147374 avg=0.159739
  Epoch 14 [190/365] loss=0.136134 avg=0.159687
  Epoch 14 [200/365] loss=0.165121 avg=0.159558
  Epoch 14 [210/365] loss=0.164212 avg=0.159731
  Epoch 14 [220/365] loss=0.170105 avg=0.159854
  Epoch 14 [230/365] loss=0.142745 avg=0.159609
  Epoch 14 [240/365] loss=0.156149 avg=0.159641
  Epoch 14 [250/365] loss=0.173833 avg=0.159622
  Epoch 14 [260/365] loss=0.136225 avg=0.159558
  Epoch 14 [270/365] loss=0.147275 avg=0.159327
  Epoch 14 [280/365] loss=0.137584 avg=0.159209
  Epoch 14 [290/365] loss=0.140447 avg=0.158930
  Epoch 14 [300/365] loss=0.147047 avg=0.158855
  Epoch 14 [310/365] loss=0.166748 avg=0.158979
  Epoch 14 [320/365] loss=0.139646 avg=0.159011
  Epoch 14 [330/365] loss=0.137200 avg=0.158906
  Epoch 14 [340/365] loss=0.151905 avg=0.158844
  Epoch 14 [350/365] loss=0.161889 avg=0.158885
  Epoch 14 [360/365] loss=0.173075 avg=0.158827
Epoch 14: train_loss=0.158664 val_loss=0.462323 time=719.3s
  Saved best checkpoint (val_loss=0.462323)
  Epoch 15 [10/365] loss=0.132341 avg=0.156338
  Epoch 15 [20/365] loss=0.152758 avg=0.153687
  Epoch 15 [30/365] loss=0.159074 avg=0.153786
  Epoch 15 [40/365] loss=0.150155 avg=0.152274
  Epoch 15 [50/365] loss=0.151536 avg=0.151716
  Epoch 15 [60/365] loss=0.141784 avg=0.152908
  Epoch 15 [70/365] loss=0.147387 avg=0.153034
  Epoch 15 [80/365] loss=0.149501 avg=0.153458
  Epoch 15 [90/365] loss=0.144264 avg=0.152571
  Epoch 15 [100/365] loss=0.163113 avg=0.152075
  Epoch 15 [110/365] loss=0.168656 avg=0.151904
  Epoch 15 [120/365] loss=0.160246 avg=0.151439
  Epoch 15 [130/365] loss=0.150396 avg=0.151863
  Epoch 15 [140/365] loss=0.136671 avg=0.151909
  Epoch 15 [150/365] loss=0.156758 avg=0.152133
  Epoch 15 [160/365] loss=0.164029 avg=0.152367
  Epoch 15 [170/365] loss=0.143022 avg=0.151966
  Epoch 15 [180/365] loss=0.144354 avg=0.151572
  Epoch 15 [190/365] loss=0.148479 avg=0.151547
  Epoch 15 [200/365] loss=0.158970 avg=0.151428
  Epoch 15 [210/365] loss=0.164073 avg=0.151652
  Epoch 15 [220/365] loss=0.124126 avg=0.151342
  Epoch 15 [230/365] loss=0.121422 avg=0.151516
  Epoch 15 [240/365] loss=0.140494 avg=0.151329
  Epoch 15 [250/365] loss=0.134342 avg=0.151074
  Epoch 15 [260/365] loss=0.154837 avg=0.150995
  Epoch 15 [270/365] loss=0.165116 avg=0.150913
  Epoch 15 [280/365] loss=0.139936 avg=0.150635
  Epoch 15 [290/365] loss=0.147611 avg=0.150593
  Epoch 15 [300/365] loss=0.153698 avg=0.150442
  Epoch 15 [310/365] loss=0.139977 avg=0.150579
  Epoch 15 [320/365] loss=0.140423 avg=0.150522
  Epoch 15 [330/365] loss=0.156088 avg=0.150673
  Epoch 15 [340/365] loss=0.131882 avg=0.150545
  Epoch 15 [350/365] loss=0.152369 avg=0.150676
  Epoch 15 [360/365] loss=0.140628 avg=0.150678
Epoch 15: train_loss=0.150683 val_loss=0.462832 time=719.2s
  Epoch 16 [10/365] loss=0.141592 avg=0.147109
  Epoch 16 [20/365] loss=0.140466 avg=0.140696
  Epoch 16 [30/365] loss=0.124825 avg=0.140876
  Epoch 16 [40/365] loss=0.120924 avg=0.141105
  Epoch 16 [50/365] loss=0.137267 avg=0.141115
  Epoch 16 [60/365] loss=0.134198 avg=0.142008
  Epoch 16 [70/365] loss=0.157318 avg=0.142807
  Epoch 16 [80/365] loss=0.146974 avg=0.143417
  Epoch 16 [90/365] loss=0.128647 avg=0.143633
  Epoch 16 [100/365] loss=0.133154 avg=0.144079
  Epoch 16 [110/365] loss=0.154852 avg=0.144152
  Epoch 16 [120/365] loss=0.154705 avg=0.144404
  Epoch 16 [130/365] loss=0.132630 avg=0.144033
  Epoch 16 [140/365] loss=0.144744 avg=0.143853
  Epoch 16 [150/365] loss=0.161958 avg=0.144256
  Epoch 16 [160/365] loss=0.164007 avg=0.144442
  Epoch 16 [170/365] loss=0.150862 avg=0.144477
  Epoch 16 [180/365] loss=0.151870 avg=0.144552
  Epoch 16 [190/365] loss=0.140558 avg=0.144728
  Epoch 16 [200/365] loss=0.149012 avg=0.144980
  Epoch 16 [210/365] loss=0.140300 avg=0.144735
  Epoch 16 [220/365] loss=0.137421 avg=0.144288
  Epoch 16 [230/365] loss=0.126587 avg=0.144297
  Epoch 16 [240/365] loss=0.139699 avg=0.144104
  Epoch 16 [250/365] loss=0.143071 avg=0.143873
  Epoch 16 [260/365] loss=0.140062 avg=0.143878
  Epoch 16 [270/365] loss=0.125796 avg=0.143585
  Epoch 16 [280/365] loss=0.142839 avg=0.143518
  Epoch 16 [290/365] loss=0.146932 avg=0.143434
  Epoch 16 [300/365] loss=0.137888 avg=0.143296
  Epoch 16 [310/365] loss=0.134887 avg=0.143290
  Epoch 16 [320/365] loss=0.152129 avg=0.143473
  Epoch 16 [330/365] loss=0.142615 avg=0.143513
  Epoch 16 [340/365] loss=0.145577 avg=0.143375
  Epoch 16 [350/365] loss=0.144881 avg=0.143477
  Epoch 16 [360/365] loss=0.153153 avg=0.143326
Epoch 16: train_loss=0.143190 val_loss=0.471520 time=719.2s
  Epoch 17 [10/365] loss=0.134831 avg=0.134807
  Epoch 17 [20/365] loss=0.141917 avg=0.133809
  Epoch 17 [30/365] loss=0.175791 avg=0.135277
  Epoch 17 [40/365] loss=0.146759 avg=0.136203
  Epoch 17 [50/365] loss=0.136740 avg=0.135798
  Epoch 17 [60/365] loss=0.139609 avg=0.136649
  Epoch 17 [70/365] loss=0.115539 avg=0.136686
  Epoch 17 [80/365] loss=0.155499 avg=0.136922
  Epoch 17 [90/365] loss=0.127604 avg=0.136948
  Epoch 17 [100/365] loss=0.150110 avg=0.136468
  Epoch 17 [110/365] loss=0.134115 avg=0.136690
  Epoch 17 [120/365] loss=0.135992 avg=0.136546
  Epoch 17 [130/365] loss=0.118712 avg=0.136321
  Epoch 17 [140/365] loss=0.152076 avg=0.136122
  Epoch 17 [150/365] loss=0.140797 avg=0.136137
  Epoch 17 [160/365] loss=0.134468 avg=0.136083
  Epoch 17 [170/365] loss=0.136321 avg=0.136074
  Epoch 17 [180/365] loss=0.140866 avg=0.136280
  Epoch 17 [190/365] loss=0.135086 avg=0.136105
  Epoch 17 [200/365] loss=0.137774 avg=0.136098
  Epoch 17 [210/365] loss=0.146106 avg=0.136221
  Epoch 17 [220/365] loss=0.126858 avg=0.135940
  Epoch 17 [230/365] loss=0.187040 avg=0.136242
  Epoch 17 [240/365] loss=0.123764 avg=0.136141
  Epoch 17 [250/365] loss=0.133070 avg=0.136250
  Epoch 17 [260/365] loss=0.149206 avg=0.136201
  Epoch 17 [270/365] loss=0.113574 avg=0.136069
  Epoch 17 [280/365] loss=0.137746 avg=0.136083
  Epoch 17 [290/365] loss=0.146737 avg=0.136064
  Epoch 17 [300/365] loss=0.123132 avg=0.136083
  Epoch 17 [310/365] loss=0.134319 avg=0.136165
  Epoch 17 [320/365] loss=0.148404 avg=0.136198
  Epoch 17 [330/365] loss=0.139527 avg=0.136078
  Epoch 17 [340/365] loss=0.151969 avg=0.136174
  Epoch 17 [350/365] loss=0.140932 avg=0.136110
  Epoch 17 [360/365] loss=0.140863 avg=0.136135
Epoch 17: train_loss=0.136059 val_loss=0.468195 time=719.3s
  Epoch 18 [10/365] loss=0.127903 avg=0.132325
  Epoch 18 [20/365] loss=0.129268 avg=0.132360
  Epoch 18 [30/365] loss=0.111855 avg=0.132087
  Epoch 18 [40/365] loss=0.117930 avg=0.131125
  Epoch 18 [50/365] loss=0.126595 avg=0.131883
  Epoch 18 [60/365] loss=0.107152 avg=0.130943
  Epoch 18 [70/365] loss=0.134751 avg=0.130972
  Epoch 18 [80/365] loss=0.116508 avg=0.130583
  Epoch 18 [90/365] loss=0.141199 avg=0.130589
  Epoch 18 [100/365] loss=0.139188 avg=0.130808
  Epoch 18 [110/365] loss=0.120542 avg=0.130297
  Epoch 18 [120/365] loss=0.126766 avg=0.129900
  Epoch 18 [130/365] loss=0.126542 avg=0.129743
  Epoch 18 [140/365] loss=0.134892 avg=0.129641
  Epoch 18 [150/365] loss=0.128230 avg=0.129560
  Epoch 18 [160/365] loss=0.141201 avg=0.129414
  Epoch 18 [170/365] loss=0.134435 avg=0.129596
  Epoch 18 [180/365] loss=0.152259 avg=0.129493
  Epoch 18 [190/365] loss=0.120259 avg=0.129655
  Epoch 18 [200/365] loss=0.126577 avg=0.129473
  Epoch 18 [210/365] loss=0.132467 avg=0.129662
  Epoch 18 [220/365] loss=0.115748 avg=0.129541
  Epoch 18 [230/365] loss=0.121425 avg=0.129413
  Epoch 18 [240/365] loss=0.123395 avg=0.129324
  Epoch 18 [250/365] loss=0.115538 avg=0.129464
  Epoch 18 [260/365] loss=0.141798 avg=0.129451
  Epoch 18 [270/365] loss=0.124220 avg=0.129562
  Epoch 18 [280/365] loss=0.131369 avg=0.129497
  Epoch 18 [290/365] loss=0.120750 avg=0.129495
  Epoch 18 [300/365] loss=0.122801 avg=0.129401
  Epoch 18 [310/365] loss=0.125645 avg=0.129434
  Epoch 18 [320/365] loss=0.126045 avg=0.129425
  Epoch 18 [330/365] loss=0.134103 avg=0.129392
  Epoch 18 [340/365] loss=0.138317 avg=0.129420
  Epoch 18 [350/365] loss=0.138680 avg=0.129450
  Epoch 18 [360/365] loss=0.126631 avg=0.129544
Epoch 18: train_loss=0.129532 val_loss=0.466961 time=719.6s
  Epoch 19 [10/365] loss=0.119633 avg=0.121917
  Epoch 19 [20/365] loss=0.112459 avg=0.121638
  Epoch 19 [30/365] loss=0.120031 avg=0.122152
  Epoch 19 [40/365] loss=0.113950 avg=0.122830
  Epoch 19 [50/365] loss=0.121502 avg=0.123255
  Epoch 19 [60/365] loss=0.122505 avg=0.123177
  Epoch 19 [70/365] loss=0.138747 avg=0.123386
  Epoch 19 [80/365] loss=0.119879 avg=0.123372
  Epoch 19 [90/365] loss=0.120818 avg=0.124510
  Epoch 19 [100/365] loss=0.115197 avg=0.124282
  Epoch 19 [110/365] loss=0.130119 avg=0.124328
  Epoch 19 [120/365] loss=0.118504 avg=0.124246
  Epoch 19 [130/365] loss=0.123645 avg=0.124136
  Epoch 19 [140/365] loss=0.125005 avg=0.123945
  Epoch 19 [150/365] loss=0.113722 avg=0.123790
  Epoch 19 [160/365] loss=0.122993 avg=0.123603
  Epoch 19 [170/365] loss=0.122825 avg=0.123665
  Epoch 19 [180/365] loss=0.131267 avg=0.123407
  Epoch 19 [190/365] loss=0.117721 avg=0.123557
  Epoch 19 [200/365] loss=0.126946 avg=0.123583
  Epoch 19 [210/365] loss=0.116027 avg=0.123411
  Epoch 19 [220/365] loss=0.135595 avg=0.123174
  Epoch 19 [230/365] loss=0.122985 avg=0.123197
  Epoch 19 [240/365] loss=0.120163 avg=0.123200
  Epoch 19 [250/365] loss=0.109983 avg=0.123109
  Epoch 19 [260/365] loss=0.134604 avg=0.123343
  Epoch 19 [270/365] loss=0.145256 avg=0.123488
  Epoch 19 [280/365] loss=0.128400 avg=0.123576
  Epoch 19 [290/365] loss=0.125766 avg=0.123493
  Epoch 19 [300/365] loss=0.138170 avg=0.123702
  Epoch 19 [310/365] loss=0.126891 avg=0.123810
  Epoch 19 [320/365] loss=0.120271 avg=0.123886
  Epoch 19 [330/365] loss=0.132250 avg=0.123872
  Epoch 19 [340/365] loss=0.121286 avg=0.123950
  Epoch 19 [350/365] loss=0.112768 avg=0.123979
  Epoch 19 [360/365] loss=0.123696 avg=0.124035
Epoch 19: train_loss=0.123951 val_loss=0.473898 time=719.3s
  Early stopping at epoch 19 (patience=5)
Saved final checkpoint to checkpoints/training_02/final_hypernet.pt
Best checkpoint at checkpoints/training_02/best_hypernet.pt (val_loss=0.462323)

Training complete. Best checkpoint: checkpoints/training_02/best_hypernet.pt
Training job finished successfully.
