Loaded module: cuda/12.6.3
Resolved 84 packages in 500ms
Audited 81 packages in 229ms
wandb: [wandb.login()] Loaded credentials for https://api.wandb.ai from /zhome/ea/6/187439/.netrc.
wandb: Currently logged in as: bertram-hage (bertram-hage-danmarks-tekniske-universitet-dtu) to https://api.wandb.ai. Use `wandb login --relogin` to force relogin
wandb: setting up run 1baij8uw
wandb: Tracking run with wandb version 0.25.1
wandb: Run data is saved locally in /zhome/ea/6/187439/advanced-ba/wandb/run-20260411_134351-1baij8uw
wandb: Run `wandb offline` to turn off syncing.
wandb: Syncing run training_train_28188633
wandb: ⭐️ View project at https://wandb.ai/bertram-hage-danmarks-tekniske-universitet-dtu/advanced-ba
wandb: 🚀 View run at https://wandb.ai/bertram-hage-danmarks-tekniske-universitet-dtu/advanced-ba/runs/1baij8uw
/zhome/ea/6/187439/advanced-ba/.venv/lib/python3.12/site-packages/torch/cuda/__init__.py:371: UserWarning: Found GPU0 Tesla V100-SXM2-32GB which is of compute capability (CC) 7.0.
The following list shows the CCs this version of PyTorch was built for and the hardware CCs it supports:
- 7.5 which supports hardware CC >=7.5,<8.0
- 8.0 which supports hardware CC >=8.0,<9.0 except {8.7}
- 8.6 which supports hardware CC >=8.6,<9.0 except {8.7}
- 9.0 which supports hardware CC >=9.0,<10.0
- 10.0 which supports hardware CC >=10.0,<11.0 except {10.1}
- 12.0 which supports hardware CC >=12.0,<13.0
Please follow the instructions at https://pytorch.org/get-started/locally/ to install a PyTorch release that supports one of these CUDA versions: 12.6, 12.8
  _warn_unsupported_code(d, device_cc, code_ccs)
Error executing job with overrides: ['training.long_context_steps=4032', 'training.short_context_steps=256', 'training.query_stride_steps=72', 'training.train_batch_size=16', 'training.num_workers=4', 'training_loop.gradient_accumulation_steps=2', 'wandb.enabled=true', 'wandb.run_name=training_train_28188633', 'wandb.tags=[hpc,fullscale,training]']
Traceback (most recent call last):
  File "/zhome/ea/6/187439/advanced-ba/src/training/main.py", line 165, in main
    best_path = trainer.train()
                ^^^^^^^^^^^^^^^
  File "/zhome/ea/6/187439/advanced-ba/src/training/trainer.py", line 319, in train
    train_loss = self.train_epoch(epoch)
                 ^^^^^^^^^^^^^^^^^^^^^^^
  File "/zhome/ea/6/187439/advanced-ba/src/training/trainer.py", line 221, in train_epoch
    ctx_features = self.context_encoder.encode_last_hidden(long_ctx)
                   ^^^^^^^^^^^^^^^^^^^^^^^^^^^^^^^^^^^^^^^^^^^^^^^^^
  File "/zhome/ea/6/187439/advanced-ba/.venv/lib/python3.12/site-packages/torch/utils/_contextlib.py", line 124, in decorate_context
    return func(*args, **kwargs)
           ^^^^^^^^^^^^^^^^^^^^^
  File "/zhome/ea/6/187439/advanced-ba/src/orchestration/context_encoder.py", line 31, in encode_last_hidden
    hidden_states, _loc_scale, _input_embeds, _attention_mask = self.model.encode(
                                                                ^^^^^^^^^^^^^^^^^^
  File "/zhome/ea/6/187439/advanced-ba/.venv/lib/python3.12/site-packages/chronos/chronos_bolt.py", line 243, in encode
    mask = mask.to(context.dtype) if mask is not None else torch.isnan(context).logical_not().to(context.dtype)
                                                           ^^^^^^^^^^^^^^^^^^^^
torch.AcceleratorError: CUDA error: no kernel image is available for execution on the device
Search for `cudaErrorNoKernelImageForDevice' in https://docs.nvidia.com/cuda/cuda-runtime-api/group__CUDART__TYPES.html for more information.
CUDA kernel errors might be asynchronously reported at some other API call, so the stacktrace below might be incorrect.
For debugging consider passing CUDA_LAUNCH_BLOCKING=1
Compile with `TORCH_USE_CUDA_DSA` to enable device-side assertions.


Set the environment variable HYDRA_FULL_ERROR=1 for a complete stack trace.
