JobID: 28192364
Host: n-62-18-4
Project root: /zhome/ea/6/187439/advanced-ba
Sun Apr 12 09:54:26 2026       
+-----------------------------------------------------------------------------------------+
| NVIDIA-SMI 595.58.03              Driver Version: 595.58.03      CUDA Version: 13.2     |
+-----------------------------------------+------------------------+----------------------+
| GPU  Name                 Persistence-M | Bus-Id          Disp.A | Volatile Uncorr. ECC |
| Fan  Temp   Perf          Pwr:Usage/Cap |           Memory-Usage | GPU-Util  Compute M. |
|                                         |                        |               MIG M. |
|=========================================+========================+======================|
|   0  NVIDIA A40                     On  |   00000000:65:00.0 Off |                    0 |
|  0%   29C    P0             38W /  300W |       0MiB /  46068MiB |      0%   E. Process |
|                                         |                        |                  N/A |
+-----------------------------------------+------------------------+----------------------+

+-----------------------------------------------------------------------------------------+
| Processes:                                                                              |
|  GPU   GI   CI              PID   Type   Process name                        GPU Memory |
|        ID   ID                                                               Usage      |
|=========================================================================================|
|  No running processes found                                                             |
+-----------------------------------------------------------------------------------------+
Running uv sync...
Starting full-scale training run: training_train_28192364
=== Hypernetwork Training ===
dataset: PEMS-BAY
start_date: '2017-01-01'
start_test_day: null
n_test_days: null
proportion_test: 0.2
freq: 5
target: target
future_covariates: null
past_covariates: null
prediction_length: 12
id_column: item_id
timestamp_column: timestamp
horizons:
- 15
- 30
- 60
decimal_precision: 2
metrics_to_show:
- MAE
- MAPE
- RMSE
- COVERAGE
- IQR_MEAN
dataset_cfg: dataset/PEMS-BAY
cross_learning: true
batch_size: null
seed: 42
training:
  train_start_date: '2017-01-01'
  train_end_date: '2017-04-01'
  val_start_date: '2017-04-01'
  val_end_date: '2017-05-01'
  long_context_steps: 4032
  short_context_steps: 256
  prediction_length: 12
  length_jitter:
    enabled: false
    apply_in_val: false
    long_sigma_outer: 320.0
    long_sigma_inner: 96.0
    short_sigma_outer: 40.0
    short_sigma_inner: 16.0
    quantize_steps: 24
    long_min_steps: 2016
    long_max_steps: 8064
    short_min_steps: 144
    short_max_steps: 576
  n_queries_per_context: 16
  query_stride_steps: 72
  long_context_stride_steps: 288
  train_batch_size: 64
  num_workers: 4
context_encoder_model: amazon/chronos-bolt-mini
hypernet:
  d_latent: 128
  lora_rank: 8
  n_latent_queries: 32
  num_perceiver_blocks: 1
  n_self_attn_per_block: 1
  n_heads: 8
  num_pre_head_layers: 1
  dropout: 0.1
optimizer:
  lr: 4.0e-05
  weight_decay: 0.01
training_loop:
  max_epochs: 50
  patience: 10
  lora_scaling: 2.0
  l1_reg_coef: 0.0
  grad_clip: 1.0
  log_every: 10
  checkpoint_dir: checkpoints/training_03
  gradient_accumulation_steps: 1
  warmup_steps: 100
teacher_cache:
  enabled: true
  cache_dir: data/teacher_cache
  dtype: float16
  build_batch_size: 32
  jitter_seed: 42
  rebuild: false
wandb:
  enabled: true
  entity: null
  run_name: training_train_28192364
  tags:
  - hpc
  - fullscale
  - training

Device: cuda
Loaded data shape: (52116, 325)
Dataset loaded: 16937700 rows
Chronos-2 loaded
Loading teacher cache: data/teacher_cache/teacher_train_7625290ae224793f.pt
Loading teacher cache: data/teacher_cache/teacher_val_943a728427f511a4.pt
Teacher cache (train): data/teacher_cache/teacher_train_7625290ae224793f.pt (key=7625290ae224793f)
Teacher cache (val): data/teacher_cache/teacher_val_943a728427f511a4.pt (key=943a728427f511a4)
Train samples: 23400, Val samples: 3900
Context encoder loaded: amazon/chronos-bolt-mini (d_model=384)
Hypernetwork params: 12,180,992
Starting training for up to 50 epochs
  Train batches: 365
  Val batches: 61
  Train teacher cache: True
  Val teacher cache: True
  Hypernetwork params: 12,180,992
  Epoch 0 [10/365] loss=2.281679 avg=1.330996
  Epoch 0 [20/365] loss=1.269036 avg=1.370775
  Epoch 0 [30/365] loss=1.596812 avg=1.387764
  Epoch 0 [40/365] loss=1.355630 avg=1.326818
  Epoch 0 [50/365] loss=0.848207 avg=1.248682
  Epoch 0 [60/365] loss=0.867644 avg=1.180384
  Epoch 0 [70/365] loss=0.823297 avg=1.130154
  Epoch 0 [80/365] loss=0.787988 avg=1.087806
  Epoch 0 [90/365] loss=0.676703 avg=1.046060
  Epoch 0 [100/365] loss=0.699752 avg=1.009997
  Epoch 0 [110/365] loss=0.744254 avg=0.981619
  Epoch 0 [120/365] loss=0.605056 avg=0.956159
  Epoch 0 [130/365] loss=0.639457 avg=0.933108
  Epoch 0 [140/365] loss=0.670888 avg=0.911264
  Epoch 0 [150/365] loss=0.712463 avg=0.891217
  Epoch 0 [160/365] loss=0.654442 avg=0.874581
  Epoch 0 [170/365] loss=0.671897 avg=0.859688
  Epoch 0 [180/365] loss=0.584308 avg=0.845776
  Epoch 0 [190/365] loss=0.634181 avg=0.831176
  Epoch 0 [200/365] loss=0.616917 avg=0.819171
  Epoch 0 [210/365] loss=0.578493 avg=0.808357
  Epoch 0 [220/365] loss=0.624186 avg=0.797548
  Epoch 0 [230/365] loss=0.609732 avg=0.787284
  Epoch 0 [240/365] loss=0.529985 avg=0.777789
  Epoch 0 [250/365] loss=0.569575 avg=0.769568
  Epoch 0 [260/365] loss=0.553273 avg=0.762692
  Epoch 0 [270/365] loss=0.540059 avg=0.754849
  Epoch 0 [280/365] loss=0.547764 avg=0.746880
  Epoch 0 [290/365] loss=0.555056 avg=0.739880
  Epoch 0 [300/365] loss=0.502643 avg=0.733241
  Epoch 0 [310/365] loss=0.481351 avg=0.726985
  Epoch 0 [320/365] loss=0.588597 avg=0.721434
  Epoch 0 [330/365] loss=0.495489 avg=0.715550
  Epoch 0 [340/365] loss=0.551379 avg=0.711267
  Epoch 0 [350/365] loss=0.488935 avg=0.705293
  Epoch 0 [360/365] loss=0.573919 avg=0.700980
Epoch 0: train_loss=0.698582 val_loss=0.634242 time=735.4s
  Saved best checkpoint (val_loss=0.634242)
  Epoch 1 [10/365] loss=0.640386 avg=0.501528
  Epoch 1 [20/365] loss=0.520743 avg=0.501058
  Epoch 1 [30/365] loss=0.505336 avg=0.503373
  Epoch 1 [40/365] loss=0.530132 avg=0.503794
  Epoch 1 [50/365] loss=0.517782 avg=0.499791
  Epoch 1 [60/365] loss=0.503990 avg=0.504804
  Epoch 1 [70/365] loss=0.599647 avg=0.507260
  Epoch 1 [80/365] loss=0.526156 avg=0.508811
  Epoch 1 [90/365] loss=0.490986 avg=0.507416
  Epoch 1 [100/365] loss=0.499933 avg=0.505508
  Epoch 1 [110/365] loss=0.563998 avg=0.505093
  Epoch 1 [120/365] loss=0.458362 avg=0.502300
  Epoch 1 [130/365] loss=0.454916 avg=0.501322
  Epoch 1 [140/365] loss=0.491440 avg=0.500692
  Epoch 1 [150/365] loss=0.609824 avg=0.499714
  Epoch 1 [160/365] loss=0.460385 avg=0.498265
  Epoch 1 [170/365] loss=0.500308 avg=0.497616
  Epoch 1 [180/365] loss=0.504873 avg=0.496748
  Epoch 1 [190/365] loss=0.429100 avg=0.496935
  Epoch 1 [200/365] loss=0.481899 avg=0.497636
  Epoch 1 [210/365] loss=0.443409 avg=0.495339
  Epoch 1 [220/365] loss=0.463752 avg=0.493919
  Epoch 1 [230/365] loss=0.448846 avg=0.491739
  Epoch 1 [240/365] loss=0.474780 avg=0.490555
  Epoch 1 [250/365] loss=0.512587 avg=0.489794
  Epoch 1 [260/365] loss=0.535694 avg=0.487887
  Epoch 1 [270/365] loss=0.421462 avg=0.487448
  Epoch 1 [280/365] loss=0.421343 avg=0.486646
  Epoch 1 [290/365] loss=0.433647 avg=0.485241
  Epoch 1 [300/365] loss=0.460172 avg=0.484434
  Epoch 1 [310/365] loss=0.379525 avg=0.483513
  Epoch 1 [320/365] loss=0.412400 avg=0.482371
  Epoch 1 [330/365] loss=0.431714 avg=0.481492
  Epoch 1 [340/365] loss=0.553979 avg=0.481778
  Epoch 1 [350/365] loss=0.493980 avg=0.481511
  Epoch 1 [360/365] loss=0.456916 avg=0.480740
Epoch 1: train_loss=0.480191 val_loss=0.564841 time=721.1s
  Saved best checkpoint (val_loss=0.564841)
  Epoch 2 [10/365] loss=0.378818 avg=0.406694
  Epoch 2 [20/365] loss=0.473187 avg=0.430885
  Epoch 2 [30/365] loss=0.424698 avg=0.428181
  Epoch 2 [40/365] loss=0.353353 avg=0.422823
  Epoch 2 [50/365] loss=0.460586 avg=0.424853
  Epoch 2 [60/365] loss=0.460458 avg=0.424864
  Epoch 2 [70/365] loss=0.506192 avg=0.425826
  Epoch 2 [80/365] loss=0.501698 avg=0.425482
  Epoch 2 [90/365] loss=0.493013 avg=0.426162
  Epoch 2 [100/365] loss=0.407300 avg=0.424994
  Epoch 2 [110/365] loss=0.342888 avg=0.424322
  Epoch 2 [120/365] loss=0.444604 avg=0.424954
  Epoch 2 [130/365] loss=0.402653 avg=0.423038
  Epoch 2 [140/365] loss=0.395263 avg=0.423897
  Epoch 2 [150/365] loss=0.392484 avg=0.423396
  Epoch 2 [160/365] loss=0.469514 avg=0.422913
  Epoch 2 [170/365] loss=0.407313 avg=0.423058
  Epoch 2 [180/365] loss=0.391452 avg=0.423317
  Epoch 2 [190/365] loss=0.374772 avg=0.423263
  Epoch 2 [200/365] loss=0.381035 avg=0.423559
  Epoch 2 [210/365] loss=0.447007 avg=0.423194
  Epoch 2 [220/365] loss=0.348881 avg=0.422951
  Epoch 2 [230/365] loss=0.340847 avg=0.422523
  Epoch 2 [240/365] loss=0.374389 avg=0.421325
  Epoch 2 [250/365] loss=0.405280 avg=0.421205
  Epoch 2 [260/365] loss=0.425497 avg=0.421153
  Epoch 2 [270/365] loss=0.392189 avg=0.420146
  Epoch 2 [280/365] loss=0.453532 avg=0.419917
  Epoch 2 [290/365] loss=0.378991 avg=0.419591
  Epoch 2 [300/365] loss=0.417011 avg=0.419190
  Epoch 2 [310/365] loss=0.438079 avg=0.419100
  Epoch 2 [320/365] loss=0.384760 avg=0.418072
  Epoch 2 [330/365] loss=0.404906 avg=0.417495
  Epoch 2 [340/365] loss=0.361095 avg=0.416858
  Epoch 2 [350/365] loss=0.396897 avg=0.416197
  Epoch 2 [360/365] loss=0.392491 avg=0.415941
