Loaded module: cuda/12.6.3
Resolved 84 packages in 5ms
Audited 81 packages in 29ms
wandb: [wandb.login()] Loaded credentials for https://api.wandb.ai from /zhome/ea/6/187439/.netrc.
wandb: Currently logged in as: bertram-hage (bertram-hage-danmarks-tekniske-universitet-dtu) to https://api.wandb.ai. Use `wandb login --relogin` to force relogin
wandb: setting up run yt5200be
wandb: Tracking run with wandb version 0.25.1
wandb: Run data is saved locally in /zhome/ea/6/187439/advanced-ba/wandb/run-20260411_224902-yt5200be
wandb: Run `wandb offline` to turn off syncing.
wandb: Syncing run training_jitter_train_jitter_28191871
wandb: ⭐️ View project at https://wandb.ai/bertram-hage-danmarks-tekniske-universitet-dtu/advanced-ba
wandb: 🚀 View run at https://wandb.ai/bertram-hage-danmarks-tekniske-universitet-dtu/advanced-ba/runs/yt5200be
wandb: updating run metadata
wandb: uploading wandb-summary.json; uploading config.yaml
wandb: uploading history steps 418-419, summary, console lines 459-464
wandb: 
wandb: Run history:
wandb:      train/epoch ▁▁▁▁▂▂▂▂▂▂▃▃▃▃▃▃▄▄▄▄▄▄▄▄▅▅▅▅▆▆▇▇▇▇▇▇▇▇██
wandb: train/epoch_loss █▅▄▄▃▃▃▂▂▂▂▁▁▁
wandb: train/epoch_time ▄▂▄▄█▄▂▂▅▂▄▅▁▂
wandb:       train/loss █▆▃▃▄▃▃▃▂▃▃▂▂▂▂▂▂▂▂▂▂▂▂▂▂▂▂▁▂▁▁▂▂▁▁▂▂▁▁▁
wandb:         train/lr ███████████▇▇▇▇▇▇▇▇▆▆▆▅▅▅▅▄▄▄▄▃▃▃▃▃▂▂▂▁▁
wandb:       train/step ▁▁▁▁▁▂▂▂▂▂▃▃▃▃▃▃▃▃▃▃▄▄▅▅▅▅▆▆▆▆▆▇▇▇▇▇▇███
wandb:        val/epoch ▁▂▂▃▃▄▄▅▅▆▆▇▇█
wandb:   val/epoch_loss █▆▄▃▃▂▂▁▁▂▂▂▂▂
wandb:         val/loss █▆▄▃▃▂▂▁▁▂▂▂▂▂
wandb: 
wandb: Run summary:
wandb:      train/epoch 13
wandb: train/epoch_loss 0.32536
wandb: train/epoch_time 726.83713
wandb:       train/loss 0.34375
wandb:         train/lr 3e-05
wandb:       train/step 4036
wandb:        val/epoch 13
wandb:   val/epoch_loss 0.62837
wandb:         val/loss 0.62837
wandb: 
wandb: 🚀 View run training_jitter_train_jitter_28191871 at: https://wandb.ai/bertram-hage-danmarks-tekniske-universitet-dtu/advanced-ba/runs/yt5200be
wandb: ⭐️ View project at: https://wandb.ai/bertram-hage-danmarks-tekniske-universitet-dtu/advanced-ba
wandb: Synced 5 W&B file(s), 0 media file(s), 0 artifact file(s) and 0 other file(s)
wandb: Find logs at: ./wandb/run-20260411_224902-yt5200be/logs
