JobID: 28188674
Host: n-62-18-4
Project root: /zhome/ea/6/187439/advanced-ba
Sat Apr 11 13:58:22 2026       
+-----------------------------------------------------------------------------------------+
| NVIDIA-SMI 595.58.03              Driver Version: 595.58.03      CUDA Version: 13.2     |
+-----------------------------------------+------------------------+----------------------+
| GPU  Name                 Persistence-M | Bus-Id          Disp.A | Volatile Uncorr. ECC |
| Fan  Temp   Perf          Pwr:Usage/Cap |           Memory-Usage | GPU-Util  Compute M. |
|                                         |                        |               MIG M. |
|=========================================+========================+======================|
|   0  NVIDIA A40                     On  |   00000000:B1:00.0 Off |                    0 |
|  0%   28C    P0             40W /  300W |       0MiB /  46068MiB |      0%   E. Process |
|                                         |                        |                  N/A |
+-----------------------------------------+------------------------+----------------------+

+-----------------------------------------------------------------------------------------+
| Processes:                                                                              |
|  GPU   GI   CI              PID   Type   Process name                        GPU Memory |
|        ID   ID                                                               Usage      |
|=========================================================================================|
|  No running processes found                                                             |
+-----------------------------------------------------------------------------------------+
Running uv sync...
Starting full-scale training run: training_train_28188674
=== Hypernetwork Training ===
dataset: PEMS-BAY
start_date: '2017-01-01'
start_test_day: null
n_test_days: null
proportion_test: 0.2
freq: 5
target: target
future_covariates: null
past_covariates: null
prediction_length: 12
id_column: item_id
timestamp_column: timestamp
horizons:
- 15
- 30
- 60
decimal_precision: 2
metrics_to_show:
- MAE
- MAPE
- RMSE
- COVERAGE
- IQR_MEAN
dataset_cfg: dataset/PEMS-BAY
cross_learning: true
batch_size: null
seed: 42
training:
  train_start_date: '2017-01-01'
  train_end_date: '2017-04-01'
  val_start_date: '2017-04-01'
  val_end_date: '2017-05-01'
  long_context_steps: 4032
  short_context_steps: 256
  prediction_length: 12
  n_queries_per_context: 16
  query_stride_steps: 72
  long_context_stride_steps: 288
  train_batch_size: 16
  num_workers: 4
context_encoder_model: amazon/chronos-bolt-mini
hypernet:
  d_latent: 128
  lora_rank: 8
  n_latent_queries: 32
  num_perceiver_blocks: 1
  n_self_attn_per_block: 1
  n_heads: 8
  num_pre_head_layers: 1
  dropout: 0.0
optimizer:
  lr: 4.0e-05
  weight_decay: 0.01
training_loop:
  max_epochs: 50
  patience: 5
  lora_scaling: 2.0
  l1_reg_coef: 0.0
  grad_clip: 1.0
  log_every: 10
  checkpoint_dir: checkpoints
  gradient_accumulation_steps: 2
  warmup_steps: 100
wandb:
  enabled: true
  entity: null
  run_name: training_train_28188674
  tags:
  - hpc
  - fullscale
  - training

Device: cuda
Loaded data shape: (52116, 325)
Dataset loaded: 16937700 rows
Train samples: 23400, Val samples: 3900
Chronos-2 loaded
Context encoder loaded: amazon/chronos-bolt-mini (d_model=384)
Hypernetwork params: 12,180,992
Starting training for up to 50 epochs
  Train batches: 1462
  Val batches: 244
  Hypernetwork params: 12,180,992
  Epoch 0 [10/1462] loss=1.313525 avg=1.248629
  Epoch 0 [20/1462] loss=1.298837 avg=1.208096
  Epoch 0 [30/1462] loss=0.940619 avg=1.229202
  Epoch 0 [40/1462] loss=5.310730 avg=1.324689
  Epoch 0 [50/1462] loss=1.172092 avg=1.328003
  Epoch 0 [60/1462] loss=1.336996 avg=1.293460
  Epoch 0 [70/1462] loss=1.055978 avg=1.273589
  Epoch 0 [80/1462] loss=0.938264 avg=1.290923
  Epoch 0 [90/1462] loss=0.925192 avg=1.283879
  Epoch 0 [100/1462] loss=0.589322 avg=1.247529
  Epoch 0 [110/1462] loss=0.793694 avg=1.220830
  Epoch 0 [120/1462] loss=1.117513 avg=1.198748
  Epoch 0 [130/1462] loss=0.773515 avg=1.176787
  Epoch 0 [140/1462] loss=0.796683 avg=1.148516
  Epoch 0 [150/1462] loss=0.581223 avg=1.120731
  Epoch 0 [160/1462] loss=0.852392 avg=1.101179
  Epoch 0 [170/1462] loss=0.694243 avg=1.083114
  Epoch 0 [180/1462] loss=0.549002 avg=1.061958
  Epoch 0 [190/1462] loss=0.636762 avg=1.042343
  Epoch 0 [200/1462] loss=0.536346 avg=1.023208
  Epoch 0 [210/1462] loss=0.672214 avg=1.004819
  Epoch 0 [220/1462] loss=0.579100 avg=0.986137
  Epoch 0 [230/1462] loss=0.654216 avg=0.971331
  Epoch 0 [240/1462] loss=1.001052 avg=0.958066
  Epoch 0 [250/1462] loss=0.861359 avg=0.947779
  Epoch 0 [260/1462] loss=0.569576 avg=0.935932
  Epoch 0 [270/1462] loss=0.594374 avg=0.924154
  Epoch 0 [280/1462] loss=0.831615 avg=0.914692
  Epoch 0 [290/1462] loss=0.664064 avg=0.906085
  Epoch 0 [300/1462] loss=0.668878 avg=0.897891
  Epoch 0 [310/1462] loss=0.788019 avg=0.889421
  Epoch 0 [320/1462] loss=0.701596 avg=0.882562
  Epoch 0 [330/1462] loss=0.702536 avg=0.873338
  Epoch 0 [340/1462] loss=0.479498 avg=0.865660
  Epoch 0 [350/1462] loss=0.745761 avg=0.860142
  Epoch 0 [360/1462] loss=0.377135 avg=0.853483
  Epoch 0 [370/1462] loss=0.417232 avg=0.846747
  Epoch 0 [380/1462] loss=0.547053 avg=0.839577
  Epoch 0 [390/1462] loss=0.623792 avg=0.832627
  Epoch 0 [400/1462] loss=0.794332 avg=0.827841
  Epoch 0 [410/1462] loss=0.678281 avg=0.823116
  Epoch 0 [420/1462] loss=0.611142 avg=0.817909
  Epoch 0 [430/1462] loss=0.590724 avg=0.813579
  Epoch 0 [440/1462] loss=0.901619 avg=0.808893
  Epoch 0 [450/1462] loss=0.678238 avg=0.804567
  Epoch 0 [460/1462] loss=0.846195 avg=0.800778
  Epoch 0 [470/1462] loss=0.534333 avg=0.796377
  Epoch 0 [480/1462] loss=0.518755 avg=0.791663
  Epoch 0 [490/1462] loss=0.574188 avg=0.787741
  Epoch 0 [500/1462] loss=0.699423 avg=0.783582
  Epoch 0 [510/1462] loss=0.641182 avg=0.779635
  Epoch 0 [520/1462] loss=0.724907 avg=0.776374
  Epoch 0 [530/1462] loss=0.514475 avg=0.773029
  Epoch 0 [540/1462] loss=0.528045 avg=0.769406
  Epoch 0 [550/1462] loss=0.618267 avg=0.765661
  Epoch 0 [560/1462] loss=0.613995 avg=0.762286
  Epoch 0 [570/1462] loss=0.478397 avg=0.758206
  Epoch 0 [580/1462] loss=0.500171 avg=0.754705
  Epoch 0 [590/1462] loss=0.503037 avg=0.750831
  Epoch 0 [600/1462] loss=0.514463 avg=0.748584
  Epoch 0 [610/1462] loss=0.339223 avg=0.745793
  Epoch 0 [620/1462] loss=0.494591 avg=0.742674
  Epoch 0 [630/1462] loss=0.675507 avg=0.740639
  Epoch 0 [640/1462] loss=0.719230 avg=0.738106
  Epoch 0 [650/1462] loss=0.747258 avg=0.735343
  Epoch 0 [660/1462] loss=0.580992 avg=0.733472
  Epoch 0 [670/1462] loss=0.501490 avg=0.730629
  Epoch 0 [680/1462] loss=0.624389 avg=0.728735
  Epoch 0 [690/1462] loss=0.466917 avg=0.726772
  Epoch 0 [700/1462] loss=0.628047 avg=0.724268
  Epoch 0 [710/1462] loss=0.754174 avg=0.722343
  Epoch 0 [720/1462] loss=0.444618 avg=0.720034
  Epoch 0 [730/1462] loss=0.426424 avg=0.717298
  Epoch 0 [740/1462] loss=0.403732 avg=0.714273
  Epoch 0 [750/1462] loss=0.477908 avg=0.711619
  Epoch 0 [760/1462] loss=0.478240 avg=0.709756
  Epoch 0 [770/1462] loss=0.492682 avg=0.707549
  Epoch 0 [780/1462] loss=0.553358 avg=0.706043
  Epoch 0 [790/1462] loss=0.494378 avg=0.703565
  Epoch 0 [800/1462] loss=0.615904 avg=0.701723
  Epoch 0 [810/1462] loss=0.927055 avg=0.700174
  Epoch 0 [820/1462] loss=0.485277 avg=0.698798
  Epoch 0 [830/1462] loss=0.511714 avg=0.697073
  Epoch 0 [840/1462] loss=0.440381 avg=0.695167
  Epoch 0 [850/1462] loss=0.508298 avg=0.692889
  Epoch 0 [860/1462] loss=0.486918 avg=0.690234
  Epoch 0 [870/1462] loss=0.636367 avg=0.688709
  Epoch 0 [880/1462] loss=0.450211 avg=0.687325
  Epoch 0 [890/1462] loss=0.537023 avg=0.685748
  Epoch 0 [900/1462] loss=0.673716 avg=0.683907
  Epoch 0 [910/1462] loss=0.529033 avg=0.681784
  Epoch 0 [920/1462] loss=0.464748 avg=0.679885
  Epoch 0 [930/1462] loss=0.719067 avg=0.678374
  Epoch 0 [940/1462] loss=0.493775 avg=0.676544
  Epoch 0 [950/1462] loss=0.688666 avg=0.675083
  Epoch 0 [960/1462] loss=0.488386 avg=0.673007
  Epoch 0 [970/1462] loss=0.484401 avg=0.670686
  Epoch 0 [980/1462] loss=0.634520 avg=0.669241
  Epoch 0 [990/1462] loss=0.830459 avg=0.668031
  Epoch 0 [1000/1462] loss=0.566613 avg=0.666792
  Epoch 0 [1010/1462] loss=0.580473 avg=0.665612
  Epoch 0 [1020/1462] loss=0.563338 avg=0.664152
  Epoch 0 [1030/1462] loss=0.460799 avg=0.662524
  Epoch 0 [1040/1462] loss=0.560608 avg=0.661815
  Epoch 0 [1050/1462] loss=0.519123 avg=0.660528
  Epoch 0 [1060/1462] loss=0.583582 avg=0.659283
  Epoch 0 [1070/1462] loss=0.427548 avg=0.657805
  Epoch 0 [1080/1462] loss=0.712030 avg=0.656280
  Epoch 0 [1090/1462] loss=0.865544 avg=0.655083
  Epoch 0 [1100/1462] loss=0.426617 avg=0.653588
  Epoch 0 [1110/1462] loss=0.595134 avg=0.651968
  Epoch 0 [1120/1462] loss=0.507613 avg=0.650600
  Epoch 0 [1130/1462] loss=0.380820 avg=0.649186
  Epoch 0 [1140/1462] loss=0.767314 avg=0.648156
  Epoch 0 [1150/1462] loss=0.562595 avg=0.646647
  Epoch 0 [1160/1462] loss=0.338668 avg=0.645362
  Epoch 0 [1170/1462] loss=0.489376 avg=0.644114
  Epoch 0 [1180/1462] loss=0.425173 avg=0.642830
  Epoch 0 [1190/1462] loss=0.529277 avg=0.642044
  Epoch 0 [1200/1462] loss=0.472894 avg=0.641001
  Epoch 0 [1210/1462] loss=0.494898 avg=0.640311
  Epoch 0 [1220/1462] loss=0.450294 avg=0.639154
  Epoch 0 [1230/1462] loss=0.525571 avg=0.637992
  Epoch 0 [1240/1462] loss=0.529149 avg=0.636346
  Epoch 0 [1250/1462] loss=0.434913 avg=0.635347
  Epoch 0 [1260/1462] loss=0.466023 avg=0.634526
  Epoch 0 [1270/1462] loss=0.501334 avg=0.633399
  Epoch 0 [1280/1462] loss=0.648735 avg=0.632357
  Epoch 0 [1290/1462] loss=0.356822 avg=0.630917
  Epoch 0 [1300/1462] loss=0.621275 avg=0.629968
  Epoch 0 [1310/1462] loss=0.369454 avg=0.628827
  Epoch 0 [1320/1462] loss=0.471147 avg=0.628014
  Epoch 0 [1330/1462] loss=0.452180 avg=0.627413
  Epoch 0 [1340/1462] loss=0.570042 avg=0.626429
  Epoch 0 [1350/1462] loss=0.424288 avg=0.625601
  Epoch 0 [1360/1462] loss=0.417944 avg=0.624710
  Epoch 0 [1370/1462] loss=0.529102 avg=0.623778
  Epoch 0 [1380/1462] loss=0.523110 avg=0.622606
  Epoch 0 [1390/1462] loss=0.425062 avg=0.621369
  Epoch 0 [1400/1462] loss=0.409842 avg=0.620290
  Epoch 0 [1410/1462] loss=0.405141 avg=0.618891
  Epoch 0 [1420/1462] loss=0.545889 avg=0.618112
  Epoch 0 [1430/1462] loss=0.488407 avg=0.617380
  Epoch 0 [1440/1462] loss=0.454136 avg=0.616721
  Epoch 0 [1450/1462] loss=0.537636 avg=0.615672
  Epoch 0 [1460/1462] loss=0.523226 avg=0.614712
Epoch 0: train_loss=0.614394 val_loss=0.631270 time=4335.0s
  Saved best checkpoint (val_loss=0.631270)
  Epoch 1 [10/1462] loss=0.606083 avg=0.446367
  Epoch 1 [20/1462] loss=0.356529 avg=0.454909
  Epoch 1 [30/1462] loss=0.555427 avg=0.445973
  Epoch 1 [40/1462] loss=0.621695 avg=0.468087
  Epoch 1 [50/1462] loss=0.461020 avg=0.467726
  Epoch 1 [60/1462] loss=0.458857 avg=0.464044
  Epoch 1 [70/1462] loss=0.363649 avg=0.460922
  Epoch 1 [80/1462] loss=0.475929 avg=0.466306
  Epoch 1 [90/1462] loss=0.413491 avg=0.463351
  Epoch 1 [100/1462] loss=0.450655 avg=0.470575
  Epoch 1 [110/1462] loss=0.455313 avg=0.466053
  Epoch 1 [120/1462] loss=0.542604 avg=0.464000
  Epoch 1 [130/1462] loss=0.569451 avg=0.462419
  Epoch 1 [140/1462] loss=0.517147 avg=0.462555
  Epoch 1 [150/1462] loss=0.606327 avg=0.463583
  Epoch 1 [160/1462] loss=0.556192 avg=0.463130
  Epoch 1 [170/1462] loss=0.486406 avg=0.462194
  Epoch 1 [180/1462] loss=0.629113 avg=0.463244
  Epoch 1 [190/1462] loss=0.409473 avg=0.460651
  Epoch 1 [200/1462] loss=0.605876 avg=0.459878
  Epoch 1 [210/1462] loss=0.495760 avg=0.462099
  Epoch 1 [220/1462] loss=0.508365 avg=0.462043
  Epoch 1 [230/1462] loss=0.506891 avg=0.463275
  Epoch 1 [240/1462] loss=0.376306 avg=0.462121
  Epoch 1 [250/1462] loss=0.542234 avg=0.463740
  Epoch 1 [260/1462] loss=0.529355 avg=0.462517
  Epoch 1 [270/1462] loss=0.454693 avg=0.462226
  Epoch 1 [280/1462] loss=0.491419 avg=0.462954
  Epoch 1 [290/1462] loss=0.501047 avg=0.464551
  Epoch 1 [300/1462] loss=0.428554 avg=0.463032
  Epoch 1 [310/1462] loss=0.423713 avg=0.462144
  Epoch 1 [320/1462] loss=0.351413 avg=0.462546
  Epoch 1 [330/1462] loss=0.486875 avg=0.463192
  Epoch 1 [340/1462] loss=0.293180 avg=0.462317
  Epoch 1 [350/1462] loss=0.509487 avg=0.462275
  Epoch 1 [360/1462] loss=0.294033 avg=0.460579
  Epoch 1 [370/1462] loss=0.423191 avg=0.459949
  Epoch 1 [380/1462] loss=0.417701 avg=0.459065
  Epoch 1 [390/1462] loss=0.412412 avg=0.457706
  Epoch 1 [400/1462] loss=0.498892 avg=0.459104
  Epoch 1 [410/1462] loss=0.556110 avg=0.460139
  Epoch 1 [420/1462] loss=0.433004 avg=0.459823
  Epoch 1 [430/1462] loss=0.443152 avg=0.459074
  Epoch 1 [440/1462] loss=0.346404 avg=0.459133
  Epoch 1 [450/1462] loss=0.426396 avg=0.458687
  Epoch 1 [460/1462] loss=0.503201 avg=0.459032
  Epoch 1 [470/1462] loss=0.491162 avg=0.458341
  Epoch 1 [480/1462] loss=0.397836 avg=0.456927
  Epoch 1 [490/1462] loss=0.406134 avg=0.457258
  Epoch 1 [500/1462] loss=0.438005 avg=0.456977
  Epoch 1 [510/1462] loss=0.640475 avg=0.456446
  Epoch 1 [520/1462] loss=0.561061 avg=0.456097
  Epoch 1 [530/1462] loss=0.366667 avg=0.455271
  Epoch 1 [540/1462] loss=0.446229 avg=0.455567
  Epoch 1 [550/1462] loss=0.429426 avg=0.455676
  Epoch 1 [560/1462] loss=0.357507 avg=0.455570
  Epoch 1 [570/1462] loss=0.455912 avg=0.455431
  Epoch 1 [580/1462] loss=0.365956 avg=0.454747
  Epoch 1 [590/1462] loss=0.404473 avg=0.454422
  Epoch 1 [600/1462] loss=0.478528 avg=0.454791
  Epoch 1 [610/1462] loss=0.376181 avg=0.453670
  Epoch 1 [620/1462] loss=0.528182 avg=0.453233
  Epoch 1 [630/1462] loss=0.566444 avg=0.452845
  Epoch 1 [640/1462] loss=0.398007 avg=0.453259
  Epoch 1 [650/1462] loss=0.489707 avg=0.453114
  Epoch 1 [660/1462] loss=0.448337 avg=0.453595
  Epoch 1 [670/1462] loss=0.411506 avg=0.452679
  Epoch 1 [680/1462] loss=0.484526 avg=0.452332
  Epoch 1 [690/1462] loss=0.528688 avg=0.452214
  Epoch 1 [700/1462] loss=0.416955 avg=0.451809
  Epoch 1 [710/1462] loss=0.316938 avg=0.450896
  Epoch 1 [720/1462] loss=0.399020 avg=0.451476
  Epoch 1 [730/1462] loss=0.343758 avg=0.451658
  Epoch 1 [740/1462] loss=0.519679 avg=0.451599
  Epoch 1 [750/1462] loss=0.448206 avg=0.451404
  Epoch 1 [760/1462] loss=0.357721 avg=0.451156
  Epoch 1 [770/1462] loss=0.514233 avg=0.451641
  Epoch 1 [780/1462] loss=0.525599 avg=0.452059
  Epoch 1 [790/1462] loss=0.397509 avg=0.451542
  Epoch 1 [800/1462] loss=0.329483 avg=0.451799
  Epoch 1 [810/1462] loss=0.447285 avg=0.451149
  Epoch 1 [820/1462] loss=0.376841 avg=0.450584
  Epoch 1 [830/1462] loss=0.433562 avg=0.450101
  Epoch 1 [840/1462] loss=0.533728 avg=0.449291
  Epoch 1 [850/1462] loss=0.492257 avg=0.449067
  Epoch 1 [860/1462] loss=0.343935 avg=0.448390
  Epoch 1 [870/1462] loss=0.416798 avg=0.448297
  Epoch 1 [880/1462] loss=0.491248 avg=0.447800
  Epoch 1 [890/1462] loss=0.404502 avg=0.447235
  Epoch 1 [900/1462] loss=0.458041 avg=0.446488
  Epoch 1 [910/1462] loss=0.481853 avg=0.446133
  Epoch 1 [920/1462] loss=0.425849 avg=0.445499
  Epoch 1 [930/1462] loss=0.335917 avg=0.445127
  Epoch 1 [940/1462] loss=0.540742 avg=0.444718
  Epoch 1 [950/1462] loss=0.363001 avg=0.444373
  Epoch 1 [960/1462] loss=0.397214 avg=0.444411
  Epoch 1 [970/1462] loss=0.374992 avg=0.443855
  Epoch 1 [980/1462] loss=0.371975 avg=0.443299
  Epoch 1 [990/1462] loss=0.532412 avg=0.443171
  Epoch 1 [1000/1462] loss=0.409061 avg=0.443241
  Epoch 1 [1010/1462] loss=0.287702 avg=0.442823
  Epoch 1 [1020/1462] loss=0.327956 avg=0.442371
  Epoch 1 [1030/1462] loss=0.358342 avg=0.441504
  Epoch 1 [1040/1462] loss=0.412054 avg=0.441387
  Epoch 1 [1050/1462] loss=0.397928 avg=0.441281
  Epoch 1 [1060/1462] loss=0.458394 avg=0.441101
  Epoch 1 [1070/1462] loss=0.487900 avg=0.441128
  Epoch 1 [1080/1462] loss=0.436242 avg=0.440554
  Epoch 1 [1090/1462] loss=0.469196 avg=0.440437
  Epoch 1 [1100/1462] loss=0.475417 avg=0.440002
  Epoch 1 [1110/1462] loss=0.358162 avg=0.439572
  Epoch 1 [1120/1462] loss=0.320222 avg=0.439577
  Epoch 1 [1130/1462] loss=0.384635 avg=0.439363
  Epoch 1 [1140/1462] loss=0.463009 avg=0.438728
  Epoch 1 [1150/1462] loss=0.416751 avg=0.438365
  Epoch 1 [1160/1462] loss=0.412440 avg=0.438047
  Epoch 1 [1170/1462] loss=0.412547 avg=0.437648
  Epoch 1 [1180/1462] loss=0.409234 avg=0.437332
  Epoch 1 [1190/1462] loss=0.593121 avg=0.437145
  Epoch 1 [1200/1462] loss=0.476198 avg=0.437024
  Epoch 1 [1210/1462] loss=0.339604 avg=0.436990
  Epoch 1 [1220/1462] loss=0.514648 avg=0.436807
  Epoch 1 [1230/1462] loss=0.356385 avg=0.436445
  Epoch 1 [1240/1462] loss=0.410630 avg=0.436293
  Epoch 1 [1250/1462] loss=0.397556 avg=0.436055
  Epoch 1 [1260/1462] loss=0.493427 avg=0.435680
  Epoch 1 [1270/1462] loss=0.356203 avg=0.435576
  Epoch 1 [1280/1462] loss=0.378246 avg=0.435168
  Epoch 1 [1290/1462] loss=0.384808 avg=0.434967
  Epoch 1 [1300/1462] loss=0.526468 avg=0.434942
  Epoch 1 [1310/1462] loss=0.307168 avg=0.434760
  Epoch 1 [1320/1462] loss=0.444428 avg=0.434619
  Epoch 1 [1330/1462] loss=0.361970 avg=0.434420
  Epoch 1 [1340/1462] loss=0.551140 avg=0.434614
  Epoch 1 [1350/1462] loss=0.481437 avg=0.434661
  Epoch 1 [1360/1462] loss=0.625413 avg=0.434672
  Epoch 1 [1370/1462] loss=0.474480 avg=0.434293
  Epoch 1 [1380/1462] loss=0.415908 avg=0.434121
  Epoch 1 [1390/1462] loss=0.382085 avg=0.433955
  Epoch 1 [1400/1462] loss=0.283039 avg=0.434124
  Epoch 1 [1410/1462] loss=0.490703 avg=0.433792
  Epoch 1 [1420/1462] loss=0.387889 avg=0.433523
  Epoch 1 [1430/1462] loss=0.404369 avg=0.433306
  Epoch 1 [1440/1462] loss=0.425323 avg=0.433410
  Epoch 1 [1450/1462] loss=0.389700 avg=0.433100
  Epoch 1 [1460/1462] loss=0.352135 avg=0.432962
Epoch 1: train_loss=0.432860 val_loss=0.537865 time=4336.1s
  Saved best checkpoint (val_loss=0.537865)
  Epoch 2 [10/1462] loss=0.284129 avg=0.331490
  Epoch 2 [20/1462] loss=0.286179 avg=0.344423
  Epoch 2 [30/1462] loss=0.370536 avg=0.360061
  Epoch 2 [40/1462] loss=0.318072 avg=0.357026
  Epoch 2 [50/1462] loss=0.440377 avg=0.372592
  Epoch 2 [60/1462] loss=0.266183 avg=0.378976
  Epoch 2 [70/1462] loss=0.328921 avg=0.383344
  Epoch 2 [80/1462] loss=0.383383 avg=0.386816
  Epoch 2 [90/1462] loss=0.364377 avg=0.383893
  Epoch 2 [100/1462] loss=0.446076 avg=0.386078
  Epoch 2 [110/1462] loss=0.406570 avg=0.384841
  Epoch 2 [120/1462] loss=0.350308 avg=0.384704
  Epoch 2 [130/1462] loss=0.243521 avg=0.383205
  Epoch 2 [140/1462] loss=0.395076 avg=0.382362
  Epoch 2 [150/1462] loss=0.370645 avg=0.382354
  Epoch 2 [160/1462] loss=0.312326 avg=0.379853
  Epoch 2 [170/1462] loss=0.511232 avg=0.380006
  Epoch 2 [180/1462] loss=0.314122 avg=0.381413
  Epoch 2 [190/1462] loss=0.462307 avg=0.381507
  Epoch 2 [200/1462] loss=0.428120 avg=0.382013
  Epoch 2 [210/1462] loss=0.314351 avg=0.381268
  Epoch 2 [220/1462] loss=0.250144 avg=0.379973
  Epoch 2 [230/1462] loss=0.409987 avg=0.379418
  Epoch 2 [240/1462] loss=0.326944 avg=0.380339
  Epoch 2 [250/1462] loss=0.329505 avg=0.379855
  Epoch 2 [260/1462] loss=0.402767 avg=0.379279
  Epoch 2 [270/1462] loss=0.401404 avg=0.379027
  Epoch 2 [280/1462] loss=0.421735 avg=0.380061
  Epoch 2 [290/1462] loss=0.386596 avg=0.378771
  Epoch 2 [300/1462] loss=0.276170 avg=0.378707
  Epoch 2 [310/1462] loss=0.374282 avg=0.378587
  Epoch 2 [320/1462] loss=0.485562 avg=0.380100
  Epoch 2 [330/1462] loss=0.343867 avg=0.380107
  Epoch 2 [340/1462] loss=0.430236 avg=0.380649
  Epoch 2 [350/1462] loss=0.406122 avg=0.380129
  Epoch 2 [360/1462] loss=0.446066 avg=0.380884
  Epoch 2 [370/1462] loss=0.398937 avg=0.380732
  Epoch 2 [380/1462] loss=0.449967 avg=0.380741
  Epoch 2 [390/1462] loss=0.283073 avg=0.380080
  Epoch 2 [400/1462] loss=0.287745 avg=0.380060
  Epoch 2 [410/1462] loss=0.406007 avg=0.379825
  Epoch 2 [420/1462] loss=0.327176 avg=0.379048
  Epoch 2 [430/1462] loss=0.295453 avg=0.378634
  Epoch 2 [440/1462] loss=0.249715 avg=0.378352
  Epoch 2 [450/1462] loss=0.411040 avg=0.378282
  Epoch 2 [460/1462] loss=0.371347 avg=0.377762
  Epoch 2 [470/1462] loss=0.347087 avg=0.378266
  Epoch 2 [480/1462] loss=0.373511 avg=0.377812
  Epoch 2 [490/1462] loss=0.426427 avg=0.377159
  Epoch 2 [500/1462] loss=0.440668 avg=0.377567
  Epoch 2 [510/1462] loss=0.251818 avg=0.376573
  Epoch 2 [520/1462] loss=0.316608 avg=0.376263
  Epoch 2 [530/1462] loss=0.371189 avg=0.375975
  Epoch 2 [540/1462] loss=0.464692 avg=0.376395
  Epoch 2 [550/1462] loss=0.331239 avg=0.376612
  Epoch 2 [560/1462] loss=0.351370 avg=0.376798
  Epoch 2 [570/1462] loss=0.394149 avg=0.376646
  Epoch 2 [580/1462] loss=0.403372 avg=0.376580
  Epoch 2 [590/1462] loss=0.333222 avg=0.376411
  Epoch 2 [600/1462] loss=0.359969 avg=0.375827
  Epoch 2 [610/1462] loss=0.338867 avg=0.375218
  Epoch 2 [620/1462] loss=0.333669 avg=0.375298
  Epoch 2 [630/1462] loss=0.375896 avg=0.374648
  Epoch 2 [640/1462] loss=0.408551 avg=0.374995
  Epoch 2 [650/1462] loss=0.342921 avg=0.374729
  Epoch 2 [660/1462] loss=0.344144 avg=0.374648
  Epoch 2 [670/1462] loss=0.443794 avg=0.374902
  Epoch 2 [680/1462] loss=0.319651 avg=0.374807
  Epoch 2 [690/1462] loss=0.312984 avg=0.375020
  Epoch 2 [700/1462] loss=0.334945 avg=0.374675
  Epoch 2 [710/1462] loss=0.435552 avg=0.374723
  Epoch 2 [720/1462] loss=0.300091 avg=0.374558
  Epoch 2 [730/1462] loss=0.311060 avg=0.374956
  Epoch 2 [740/1462] loss=0.388303 avg=0.374941
  Epoch 2 [750/1462] loss=0.316926 avg=0.374732
  Epoch 2 [760/1462] loss=0.287999 avg=0.374548
  Epoch 2 [770/1462] loss=0.384405 avg=0.374913
  Epoch 2 [780/1462] loss=0.331133 avg=0.374685
  Epoch 2 [790/1462] loss=0.400390 avg=0.374499
  Epoch 2 [800/1462] loss=0.256267 avg=0.374160
  Epoch 2 [810/1462] loss=0.376850 avg=0.374015
  Epoch 2 [820/1462] loss=0.261291 avg=0.373573
  Epoch 2 [830/1462] loss=0.324384 avg=0.373713
  Epoch 2 [840/1462] loss=0.432105 avg=0.373866
  Epoch 2 [850/1462] loss=0.388209 avg=0.373865
  Epoch 2 [860/1462] loss=0.307522 avg=0.373680
  Epoch 2 [870/1462] loss=0.475102 avg=0.373742
  Epoch 2 [880/1462] loss=0.410548 avg=0.373584
  Epoch 2 [890/1462] loss=0.290431 avg=0.373647
  Epoch 2 [900/1462] loss=0.356659 avg=0.373763
  Epoch 2 [910/1462] loss=0.285853 avg=0.373353
  Epoch 2 [920/1462] loss=0.226323 avg=0.373047
  Epoch 2 [930/1462] loss=0.329195 avg=0.372995
  Epoch 2 [940/1462] loss=0.474460 avg=0.372414
  Epoch 2 [950/1462] loss=0.413717 avg=0.372535
  Epoch 2 [960/1462] loss=0.380539 avg=0.372095
  Epoch 2 [970/1462] loss=0.397107 avg=0.371836
  Epoch 2 [980/1462] loss=0.491246 avg=0.371654
  Epoch 2 [990/1462] loss=0.394486 avg=0.371571
  Epoch 2 [1000/1462] loss=0.275239 avg=0.371534
  Epoch 2 [1010/1462] loss=0.258977 avg=0.371406
  Epoch 2 [1020/1462] loss=0.412499 avg=0.371662
  Epoch 2 [1030/1462] loss=0.360587 avg=0.371737
  Epoch 2 [1040/1462] loss=0.297555 avg=0.371622
  Epoch 2 [1050/1462] loss=0.341800 avg=0.371633
  Epoch 2 [1060/1462] loss=0.284452 avg=0.370983
  Epoch 2 [1070/1462] loss=0.252988 avg=0.370480
  Epoch 2 [1080/1462] loss=0.371923 avg=0.370725
  Epoch 2 [1090/1462] loss=0.355072 avg=0.370739
  Epoch 2 [1100/1462] loss=0.286816 avg=0.370509
  Epoch 2 [1110/1462] loss=0.319903 avg=0.370204
  Epoch 2 [1120/1462] loss=0.375171 avg=0.370274
  Epoch 2 [1130/1462] loss=0.365788 avg=0.370402
  Epoch 2 [1140/1462] loss=0.342564 avg=0.370576
  Epoch 2 [1150/1462] loss=0.235321 avg=0.370222
  Epoch 2 [1160/1462] loss=0.216032 avg=0.369821
  Epoch 2 [1170/1462] loss=0.341039 avg=0.369729
  Epoch 2 [1180/1462] loss=0.254723 avg=0.369472
  Epoch 2 [1190/1462] loss=0.370009 avg=0.369120
  Epoch 2 [1200/1462] loss=0.389922 avg=0.369141
  Epoch 2 [1210/1462] loss=0.451126 avg=0.369240
  Epoch 2 [1220/1462] loss=0.359759 avg=0.369363
  Epoch 2 [1230/1462] loss=0.241185 avg=0.368980
  Epoch 2 [1240/1462] loss=0.385712 avg=0.368795
  Epoch 2 [1250/1462] loss=0.274749 avg=0.368602
  Epoch 2 [1260/1462] loss=0.431333 avg=0.368531
  Epoch 2 [1270/1462] loss=0.265727 avg=0.368280
  Epoch 2 [1280/1462] loss=0.270609 avg=0.367938
  Epoch 2 [1290/1462] loss=0.278029 avg=0.367739
  Epoch 2 [1300/1462] loss=0.284373 avg=0.367572
  Epoch 2 [1310/1462] loss=0.314586 avg=0.367412
  Epoch 2 [1320/1462] loss=0.293095 avg=0.367212
  Epoch 2 [1330/1462] loss=0.365614 avg=0.367151
  Epoch 2 [1340/1462] loss=0.296086 avg=0.367158
  Epoch 2 [1350/1462] loss=0.342165 avg=0.367032
  Epoch 2 [1360/1462] loss=0.241105 avg=0.366756
  Epoch 2 [1370/1462] loss=0.259949 avg=0.366597
  Epoch 2 [1380/1462] loss=0.293121 avg=0.366395
  Epoch 2 [1390/1462] loss=0.384674 avg=0.366098
  Epoch 2 [1400/1462] loss=0.242714 avg=0.365852
  Epoch 2 [1410/1462] loss=0.333504 avg=0.365688
  Epoch 2 [1420/1462] loss=0.510777 avg=0.365625
  Epoch 2 [1430/1462] loss=0.548505 avg=0.365670
  Epoch 2 [1440/1462] loss=0.350662 avg=0.365488
  Epoch 2 [1450/1462] loss=0.327827 avg=0.365496
  Epoch 2 [1460/1462] loss=0.312614 avg=0.365451
Epoch 2: train_loss=0.365360 val_loss=0.505112 time=4326.5s
  Saved best checkpoint (val_loss=0.505112)
  Epoch 3 [10/1462] loss=0.222760 avg=0.343050
  Epoch 3 [20/1462] loss=0.388817 avg=0.346096
  Epoch 3 [30/1462] loss=0.221433 avg=0.349373
  Epoch 3 [40/1462] loss=0.340372 avg=0.341635
  Epoch 3 [50/1462] loss=0.466204 avg=0.339059
  Epoch 3 [60/1462] loss=0.342840 avg=0.339546
  Epoch 3 [70/1462] loss=0.299127 avg=0.336142
  Epoch 3 [80/1462] loss=0.377599 avg=0.346079
  Epoch 3 [90/1462] loss=0.279726 avg=0.339341
  Epoch 3 [100/1462] loss=0.406573 avg=0.338304
  Epoch 3 [110/1462] loss=0.325108 avg=0.339984
  Epoch 3 [120/1462] loss=0.287441 avg=0.339232
  Epoch 3 [130/1462] loss=0.200554 avg=0.337327
  Epoch 3 [140/1462] loss=0.392167 avg=0.337708
  Epoch 3 [150/1462] loss=0.331462 avg=0.337333
  Epoch 3 [160/1462] loss=0.237354 avg=0.336646
  Epoch 3 [170/1462] loss=0.356896 avg=0.334751
  Epoch 3 [180/1462] loss=0.294079 avg=0.335579
  Epoch 3 [190/1462] loss=0.272414 avg=0.334028
  Epoch 3 [200/1462] loss=0.305091 avg=0.332809
  Epoch 3 [210/1462] loss=0.299551 avg=0.331547
  Epoch 3 [220/1462] loss=0.382764 avg=0.333047
  Epoch 3 [230/1462] loss=0.313560 avg=0.332525
  Epoch 3 [240/1462] loss=0.339353 avg=0.331700
  Epoch 3 [250/1462] loss=0.306521 avg=0.332257
  Epoch 3 [260/1462] loss=0.387891 avg=0.332587
  Epoch 3 [270/1462] loss=0.402995 avg=0.332495
  Epoch 3 [280/1462] loss=0.263534 avg=0.332463
  Epoch 3 [290/1462] loss=0.339967 avg=0.332470
  Epoch 3 [300/1462] loss=0.388600 avg=0.332413
  Epoch 3 [310/1462] loss=0.265524 avg=0.331338
  Epoch 3 [320/1462] loss=0.310485 avg=0.330844
  Epoch 3 [330/1462] loss=0.333745 avg=0.330083
  Epoch 3 [340/1462] loss=0.433482 avg=0.329682
  Epoch 3 [350/1462] loss=0.363438 avg=0.329910
  Epoch 3 [360/1462] loss=0.407529 avg=0.329768
  Epoch 3 [370/1462] loss=0.391469 avg=0.329459
  Epoch 3 [380/1462] loss=0.346809 avg=0.330110
  Epoch 3 [390/1462] loss=0.370308 avg=0.330157
  Epoch 3 [400/1462] loss=0.443958 avg=0.330099
  Epoch 3 [410/1462] loss=0.308586 avg=0.329564
  Epoch 3 [420/1462] loss=0.283882 avg=0.329080
  Epoch 3 [430/1462] loss=0.304672 avg=0.329020
  Epoch 3 [440/1462] loss=0.299716 avg=0.329089
  Epoch 3 [450/1462] loss=0.308946 avg=0.329218
  Epoch 3 [460/1462] loss=0.304024 avg=0.328800
  Epoch 3 [470/1462] loss=0.266855 avg=0.328056
  Epoch 3 [480/1462] loss=0.352348 avg=0.327699
  Epoch 3 [490/1462] loss=0.343103 avg=0.327760
  Epoch 3 [500/1462] loss=0.232069 avg=0.327264
  Epoch 3 [510/1462] loss=0.359936 avg=0.327822
  Epoch 3 [520/1462] loss=0.205238 avg=0.327742
  Epoch 3 [530/1462] loss=0.275465 avg=0.327445
  Epoch 3 [540/1462] loss=0.286807 avg=0.327248
  Epoch 3 [550/1462] loss=0.301011 avg=0.327346
  Epoch 3 [560/1462] loss=0.295595 avg=0.326989
  Epoch 3 [570/1462] loss=0.396110 avg=0.326722
  Epoch 3 [580/1462] loss=0.246192 avg=0.326753
  Epoch 3 [590/1462] loss=0.254775 avg=0.326871
  Epoch 3 [600/1462] loss=0.307188 avg=0.327086
  Epoch 3 [610/1462] loss=0.402438 avg=0.326977
  Epoch 3 [620/1462] loss=0.237818 avg=0.326523
  Epoch 3 [630/1462] loss=0.278938 avg=0.326240
  Epoch 3 [640/1462] loss=0.275479 avg=0.326063
  Epoch 3 [650/1462] loss=0.270497 avg=0.325951
  Epoch 3 [660/1462] loss=0.307101 avg=0.325730
  Epoch 3 [670/1462] loss=0.240482 avg=0.325703
  Epoch 3 [680/1462] loss=0.362172 avg=0.326318
  Epoch 3 [690/1462] loss=0.374449 avg=0.326322
  Epoch 3 [700/1462] loss=0.356007 avg=0.326621
  Epoch 3 [710/1462] loss=0.232273 avg=0.326366
  Epoch 3 [720/1462] loss=0.313670 avg=0.326114
  Epoch 3 [730/1462] loss=0.305559 avg=0.325687
  Epoch 3 [740/1462] loss=0.275853 avg=0.325179
  Epoch 3 [750/1462] loss=0.332755 avg=0.324768
  Epoch 3 [760/1462] loss=0.342721 avg=0.324731
  Epoch 3 [770/1462] loss=0.227834 avg=0.324357
  Epoch 3 [780/1462] loss=0.333228 avg=0.324108
  Epoch 3 [790/1462] loss=0.258177 avg=0.323938
  Epoch 3 [800/1462] loss=0.309868 avg=0.323582
  Epoch 3 [810/1462] loss=0.442203 avg=0.323620
  Epoch 3 [820/1462] loss=0.351140 avg=0.323385
  Epoch 3 [830/1462] loss=0.281376 avg=0.323170
  Epoch 3 [840/1462] loss=0.317556 avg=0.323121
  Epoch 3 [850/1462] loss=0.329623 avg=0.323133
  Epoch 3 [860/1462] loss=0.356285 avg=0.323159
  Epoch 3 [870/1462] loss=0.329807 avg=0.323442
  Epoch 3 [880/1462] loss=0.279088 avg=0.323057
  Epoch 3 [890/1462] loss=0.344420 avg=0.323081
  Epoch 3 [900/1462] loss=0.268488 avg=0.322855
  Epoch 3 [910/1462] loss=0.257489 avg=0.322432
  Epoch 3 [920/1462] loss=0.309838 avg=0.322501
  Epoch 3 [930/1462] loss=0.231298 avg=0.322160
  Epoch 3 [940/1462] loss=0.258873 avg=0.321857
  Epoch 3 [950/1462] loss=0.470064 avg=0.322190
  Epoch 3 [960/1462] loss=0.419876 avg=0.322239
  Epoch 3 [970/1462] loss=0.306668 avg=0.321902
  Epoch 3 [980/1462] loss=0.247949 avg=0.321820
  Epoch 3 [990/1462] loss=0.291419 avg=0.321545
  Epoch 3 [1000/1462] loss=0.380211 avg=0.321546
  Epoch 3 [1010/1462] loss=0.347420 avg=0.321438
  Epoch 3 [1020/1462] loss=0.400552 avg=0.321236
  Epoch 3 [1030/1462] loss=0.343265 avg=0.321150
  Epoch 3 [1040/1462] loss=0.315289 avg=0.321439
  Epoch 3 [1050/1462] loss=0.322014 avg=0.321314
  Epoch 3 [1060/1462] loss=0.380446 avg=0.321408
  Epoch 3 [1070/1462] loss=0.339322 avg=0.321248
  Epoch 3 [1080/1462] loss=0.311159 avg=0.321216
  Epoch 3 [1090/1462] loss=0.240815 avg=0.321030
  Epoch 3 [1100/1462] loss=0.406980 avg=0.320870
  Epoch 3 [1110/1462] loss=0.332825 avg=0.320735
  Epoch 3 [1120/1462] loss=0.221728 avg=0.320367
  Epoch 3 [1130/1462] loss=0.340411 avg=0.320115
  Epoch 3 [1140/1462] loss=0.311004 avg=0.320281
  Epoch 3 [1150/1462] loss=0.299870 avg=0.320198
  Epoch 3 [1160/1462] loss=0.316081 avg=0.319871
  Epoch 3 [1170/1462] loss=0.314157 avg=0.319603
  Epoch 3 [1180/1462] loss=0.296130 avg=0.319431
  Epoch 3 [1190/1462] loss=0.197414 avg=0.319226
  Epoch 3 [1200/1462] loss=0.354883 avg=0.319162
  Epoch 3 [1210/1462] loss=0.289231 avg=0.319106
  Epoch 3 [1220/1462] loss=0.294936 avg=0.319061
  Epoch 3 [1230/1462] loss=0.321910 avg=0.318772
  Epoch 3 [1240/1462] loss=0.320944 avg=0.318632
  Epoch 3 [1250/1462] loss=0.269280 avg=0.318380
  Epoch 3 [1260/1462] loss=0.394396 avg=0.318343
  Epoch 3 [1270/1462] loss=0.304815 avg=0.318046
  Epoch 3 [1280/1462] loss=0.240009 avg=0.317932
  Epoch 3 [1290/1462] loss=0.248141 avg=0.317927
  Epoch 3 [1300/1462] loss=0.339104 avg=0.317805
  Epoch 3 [1310/1462] loss=0.251345 avg=0.317721
  Epoch 3 [1320/1462] loss=0.287733 avg=0.317674
  Epoch 3 [1330/1462] loss=0.372627 avg=0.317460
  Epoch 3 [1340/1462] loss=0.277448 avg=0.317223
  Epoch 3 [1350/1462] loss=0.321566 avg=0.317051
  Epoch 3 [1360/1462] loss=0.269005 avg=0.316759
  Epoch 3 [1370/1462] loss=0.204789 avg=0.316366
  Epoch 3 [1380/1462] loss=0.278362 avg=0.316465
  Epoch 3 [1390/1462] loss=0.229768 avg=0.316320
  Epoch 3 [1400/1462] loss=0.289063 avg=0.316413
  Epoch 3 [1410/1462] loss=0.298357 avg=0.316254
  Epoch 3 [1420/1462] loss=0.334475 avg=0.316147
  Epoch 3 [1430/1462] loss=0.332206 avg=0.315850
  Epoch 3 [1440/1462] loss=0.451813 avg=0.315668
  Epoch 3 [1450/1462] loss=0.272878 avg=0.315533
  Epoch 3 [1460/1462] loss=0.335645 avg=0.315486
Epoch 3: train_loss=0.315495 val_loss=0.481617 time=4329.7s
  Saved best checkpoint (val_loss=0.481617)
  Epoch 4 [10/1462] loss=0.267101 avg=0.256433
  Epoch 4 [20/1462] loss=0.308372 avg=0.266674
  Epoch 4 [30/1462] loss=0.316472 avg=0.272574
  Epoch 4 [40/1462] loss=0.189375 avg=0.273699
  Epoch 4 [50/1462] loss=0.312705 avg=0.281044
  Epoch 4 [60/1462] loss=0.281047 avg=0.282951
  Epoch 4 [70/1462] loss=0.329293 avg=0.288244
  Epoch 4 [80/1462] loss=0.303393 avg=0.289086
  Epoch 4 [90/1462] loss=0.261281 avg=0.288573
  Epoch 4 [100/1462] loss=0.354080 avg=0.292092
  Epoch 4 [110/1462] loss=0.264561 avg=0.292690
  Epoch 4 [120/1462] loss=0.232315 avg=0.289461
  Epoch 4 [130/1462] loss=0.302942 avg=0.291399
  Epoch 4 [140/1462] loss=0.402885 avg=0.291355
  Epoch 4 [150/1462] loss=0.254345 avg=0.290400
  Epoch 4 [160/1462] loss=0.304959 avg=0.289855
  Epoch 4 [170/1462] loss=0.278908 avg=0.289096
  Epoch 4 [180/1462] loss=0.275085 avg=0.288675
  Epoch 4 [190/1462] loss=0.229943 avg=0.288528
  Epoch 4 [200/1462] loss=0.259185 avg=0.288494
  Epoch 4 [210/1462] loss=0.294854 avg=0.287811
  Epoch 4 [220/1462] loss=0.298603 avg=0.287754
  Epoch 4 [230/1462] loss=0.249507 avg=0.287055
  Epoch 4 [240/1462] loss=0.299179 avg=0.286600
  Epoch 4 [250/1462] loss=0.321857 avg=0.285643
  Epoch 4 [260/1462] loss=0.285069 avg=0.285939
  Epoch 4 [270/1462] loss=0.339059 avg=0.286361
  Epoch 4 [280/1462] loss=0.314629 avg=0.286288
  Epoch 4 [290/1462] loss=0.248355 avg=0.286547
  Epoch 4 [300/1462] loss=0.339007 avg=0.286388
  Epoch 4 [310/1462] loss=0.360335 avg=0.286948
  Epoch 4 [320/1462] loss=0.243022 avg=0.286730
  Epoch 4 [330/1462] loss=0.324048 avg=0.286700
  Epoch 4 [340/1462] loss=0.359617 avg=0.287405
  Epoch 4 [350/1462] loss=0.305983 avg=0.287235
  Epoch 4 [360/1462] loss=0.365126 avg=0.288235
  Epoch 4 [370/1462] loss=0.248923 avg=0.287960
  Epoch 4 [380/1462] loss=0.219102 avg=0.287217
  Epoch 4 [390/1462] loss=0.266540 avg=0.286626
  Epoch 4 [400/1462] loss=0.213395 avg=0.285942
  Epoch 4 [410/1462] loss=0.302951 avg=0.285534
  Epoch 4 [420/1462] loss=0.282025 avg=0.285754
  Epoch 4 [430/1462] loss=0.270441 avg=0.285810
  Epoch 4 [440/1462] loss=0.317487 avg=0.285416
  Epoch 4 [450/1462] loss=0.241294 avg=0.284881
  Epoch 4 [460/1462] loss=0.335894 avg=0.284769
  Epoch 4 [470/1462] loss=0.308591 avg=0.284237
  Epoch 4 [480/1462] loss=0.284685 avg=0.284359
  Epoch 4 [490/1462] loss=0.244794 avg=0.283880
  Epoch 4 [500/1462] loss=0.269536 avg=0.284324
  Epoch 4 [510/1462] loss=0.258641 avg=0.284227
  Epoch 4 [520/1462] loss=0.302632 avg=0.284313
  Epoch 4 [530/1462] loss=0.280653 avg=0.283804
  Epoch 4 [540/1462] loss=0.288247 avg=0.284013
  Epoch 4 [550/1462] loss=0.209051 avg=0.283806
  Epoch 4 [560/1462] loss=0.283788 avg=0.283899
  Epoch 4 [570/1462] loss=0.247617 avg=0.283736
  Epoch 4 [580/1462] loss=0.289382 avg=0.283955
  Epoch 4 [590/1462] loss=0.271812 avg=0.283706
  Epoch 4 [600/1462] loss=0.347994 avg=0.283665
  Epoch 4 [610/1462] loss=0.289228 avg=0.283545
  Epoch 4 [620/1462] loss=0.257160 avg=0.283585
  Epoch 4 [630/1462] loss=0.299701 avg=0.283845
  Epoch 4 [640/1462] loss=0.269340 avg=0.283809
  Epoch 4 [650/1462] loss=0.270047 avg=0.283590
  Epoch 4 [660/1462] loss=0.202251 avg=0.283610
  Epoch 4 [670/1462] loss=0.288645 avg=0.283518
  Epoch 4 [680/1462] loss=0.330607 avg=0.283724
  Epoch 4 [690/1462] loss=0.276890 avg=0.283793
  Epoch 4 [700/1462] loss=0.320990 avg=0.284253
  Epoch 4 [710/1462] loss=0.273813 avg=0.284554
  Epoch 4 [720/1462] loss=0.279055 avg=0.284391
  Epoch 4 [730/1462] loss=0.366867 avg=0.284518
  Epoch 4 [740/1462] loss=0.330343 avg=0.284563
  Epoch 4 [750/1462] loss=0.309741 avg=0.284460
  Epoch 4 [760/1462] loss=0.150688 avg=0.284325
  Epoch 4 [770/1462] loss=0.260627 avg=0.284024
  Epoch 4 [780/1462] loss=0.273925 avg=0.284026
  Epoch 4 [790/1462] loss=0.272190 avg=0.283619
  Epoch 4 [800/1462] loss=0.253862 avg=0.283844
  Epoch 4 [810/1462] loss=0.271384 avg=0.283878
  Epoch 4 [820/1462] loss=0.227259 avg=0.283459
  Epoch 4 [830/1462] loss=0.266072 avg=0.283397
  Epoch 4 [840/1462] loss=0.346899 avg=0.283469
  Epoch 4 [850/1462] loss=0.286989 avg=0.282916
  Epoch 4 [860/1462] loss=0.326364 avg=0.282842
  Epoch 4 [870/1462] loss=0.287913 avg=0.282632
  Epoch 4 [880/1462] loss=0.386014 avg=0.282469
  Epoch 4 [890/1462] loss=0.360323 avg=0.282371
  Epoch 4 [900/1462] loss=0.242058 avg=0.282319
  Epoch 4 [910/1462] loss=0.316164 avg=0.282594
  Epoch 4 [920/1462] loss=0.383342 avg=0.282547
  Epoch 4 [930/1462] loss=0.346232 avg=0.282466
  Epoch 4 [940/1462] loss=0.320670 avg=0.282105
  Epoch 4 [950/1462] loss=0.261545 avg=0.281904
  Epoch 4 [960/1462] loss=0.271426 avg=0.281795
  Epoch 4 [970/1462] loss=0.267144 avg=0.281334
  Epoch 4 [980/1462] loss=0.299993 avg=0.281296
  Epoch 4 [990/1462] loss=0.222159 avg=0.281111
  Epoch 4 [1000/1462] loss=0.231497 avg=0.280864
  Epoch 4 [1010/1462] loss=0.283460 avg=0.280622
  Epoch 4 [1020/1462] loss=0.327768 avg=0.280471
  Epoch 4 [1030/1462] loss=0.272750 avg=0.280289
  Epoch 4 [1040/1462] loss=0.236362 avg=0.280102
  Epoch 4 [1050/1462] loss=0.323001 avg=0.280140
  Epoch 4 [1060/1462] loss=0.279337 avg=0.279959
  Epoch 4 [1070/1462] loss=0.225187 avg=0.279700
  Epoch 4 [1080/1462] loss=0.236698 avg=0.279615
  Epoch 4 [1090/1462] loss=0.297295 avg=0.279589
  Epoch 4 [1100/1462] loss=0.376443 avg=0.279660
  Epoch 4 [1110/1462] loss=0.225469 avg=0.279559
  Epoch 4 [1120/1462] loss=0.247081 avg=0.279714
  Epoch 4 [1130/1462] loss=0.280863 avg=0.279460
  Epoch 4 [1140/1462] loss=0.174223 avg=0.279163
  Epoch 4 [1150/1462] loss=0.292081 avg=0.279051
  Epoch 4 [1160/1462] loss=0.260611 avg=0.279039
  Epoch 4 [1170/1462] loss=0.321112 avg=0.279028
  Epoch 4 [1180/1462] loss=0.311262 avg=0.279088
  Epoch 4 [1190/1462] loss=0.165433 avg=0.278981
  Epoch 4 [1200/1462] loss=0.275840 avg=0.278764
  Epoch 4 [1210/1462] loss=0.251714 avg=0.278680
  Epoch 4 [1220/1462] loss=0.242144 avg=0.278947
  Epoch 4 [1230/1462] loss=0.316705 avg=0.278997
  Epoch 4 [1240/1462] loss=0.326407 avg=0.279125
  Epoch 4 [1250/1462] loss=0.322753 avg=0.278865
  Epoch 4 [1260/1462] loss=0.203315 avg=0.278648
  Epoch 4 [1270/1462] loss=0.202751 avg=0.278441
  Epoch 4 [1280/1462] loss=0.263825 avg=0.278378
  Epoch 4 [1290/1462] loss=0.266377 avg=0.278308
  Epoch 4 [1300/1462] loss=0.296464 avg=0.278371
  Epoch 4 [1310/1462] loss=0.280786 avg=0.278239
  Epoch 4 [1320/1462] loss=0.280422 avg=0.278179
  Epoch 4 [1330/1462] loss=0.219202 avg=0.278457
  Epoch 4 [1340/1462] loss=0.296538 avg=0.278294
  Epoch 4 [1350/1462] loss=0.200993 avg=0.277969
  Epoch 4 [1360/1462] loss=0.242131 avg=0.277779
  Epoch 4 [1370/1462] loss=0.241541 avg=0.277753
  Epoch 4 [1380/1462] loss=0.268484 avg=0.277807
  Epoch 4 [1390/1462] loss=0.224244 avg=0.277690
  Epoch 4 [1400/1462] loss=0.315913 avg=0.277745
  Epoch 4 [1410/1462] loss=0.286881 avg=0.277443
  Epoch 4 [1420/1462] loss=0.245117 avg=0.277213
  Epoch 4 [1430/1462] loss=0.306328 avg=0.277015
  Epoch 4 [1440/1462] loss=0.270583 avg=0.276994
  Epoch 4 [1450/1462] loss=0.216452 avg=0.276862
  Epoch 4 [1460/1462] loss=0.250483 avg=0.276729
Epoch 4: train_loss=0.276648 val_loss=0.483385 time=4331.6s
  Epoch 5 [10/1462] loss=0.233620 avg=0.248373
  Epoch 5 [20/1462] loss=0.318167 avg=0.251079
  Epoch 5 [30/1462] loss=0.257658 avg=0.251787
  Epoch 5 [40/1462] loss=0.266367 avg=0.252515
  Epoch 5 [50/1462] loss=0.261910 avg=0.250356
  Epoch 5 [60/1462] loss=0.288372 avg=0.253087
  Epoch 5 [70/1462] loss=0.198527 avg=0.253608
  Epoch 5 [80/1462] loss=0.160574 avg=0.252945
  Epoch 5 [90/1462] loss=0.213757 avg=0.254525
  Epoch 5 [100/1462] loss=0.244968 avg=0.256886
  Epoch 5 [110/1462] loss=0.291322 avg=0.256095
  Epoch 5 [120/1462] loss=0.235019 avg=0.255748
  Epoch 5 [130/1462] loss=0.259133 avg=0.254661
  Epoch 5 [140/1462] loss=0.218108 avg=0.253862
  Epoch 5 [150/1462] loss=0.287224 avg=0.255050
  Epoch 5 [160/1462] loss=0.212040 avg=0.255370
  Epoch 5 [170/1462] loss=0.215346 avg=0.256944
  Epoch 5 [180/1462] loss=0.263080 avg=0.256112
  Epoch 5 [190/1462] loss=0.269896 avg=0.254905
  Epoch 5 [200/1462] loss=0.258414 avg=0.253790
  Epoch 5 [210/1462] loss=0.244989 avg=0.254989
  Epoch 5 [220/1462] loss=0.302083 avg=0.255056
  Epoch 5 [230/1462] loss=0.339078 avg=0.255909
  Epoch 5 [240/1462] loss=0.264504 avg=0.255049
  Epoch 5 [250/1462] loss=0.294299 avg=0.255217
  Epoch 5 [260/1462] loss=0.303129 avg=0.255247
  Epoch 5 [270/1462] loss=0.223991 avg=0.255357
  Epoch 5 [280/1462] loss=0.263404 avg=0.255041
  Epoch 5 [290/1462] loss=0.220226 avg=0.254896
  Epoch 5 [300/1462] loss=0.229479 avg=0.254788
  Epoch 5 [310/1462] loss=0.307201 avg=0.254329
  Epoch 5 [320/1462] loss=0.223665 avg=0.254016
  Epoch 5 [330/1462] loss=0.243448 avg=0.253398
  Epoch 5 [340/1462] loss=0.263971 avg=0.252672
  Epoch 5 [350/1462] loss=0.247860 avg=0.252674
  Epoch 5 [360/1462] loss=0.258502 avg=0.253096
  Epoch 5 [370/1462] loss=0.307590 avg=0.253143
  Epoch 5 [380/1462] loss=0.240945 avg=0.252907
  Epoch 5 [390/1462] loss=0.258396 avg=0.253469
  Epoch 5 [400/1462] loss=0.260391 avg=0.253293
  Epoch 5 [410/1462] loss=0.254780 avg=0.253367
  Epoch 5 [420/1462] loss=0.252974 avg=0.253195
  Epoch 5 [430/1462] loss=0.243214 avg=0.252994
  Epoch 5 [440/1462] loss=0.262833 avg=0.252695
  Epoch 5 [450/1462] loss=0.197336 avg=0.252821
  Epoch 5 [460/1462] loss=0.233754 avg=0.253187
  Epoch 5 [470/1462] loss=0.217148 avg=0.252884
  Epoch 5 [480/1462] loss=0.293376 avg=0.252571
  Epoch 5 [490/1462] loss=0.269448 avg=0.252358
  Epoch 5 [500/1462] loss=0.180997 avg=0.251646
  Epoch 5 [510/1462] loss=0.236015 avg=0.251575
  Epoch 5 [520/1462] loss=0.262523 avg=0.251665
  Epoch 5 [530/1462] loss=0.289658 avg=0.251988
  Epoch 5 [540/1462] loss=0.264017 avg=0.252281
  Epoch 5 [550/1462] loss=0.169877 avg=0.251996
  Epoch 5 [560/1462] loss=0.292208 avg=0.251966
  Epoch 5 [570/1462] loss=0.242239 avg=0.251902
  Epoch 5 [580/1462] loss=0.192012 avg=0.252088
  Epoch 5 [590/1462] loss=0.278614 avg=0.252370
  Epoch 5 [600/1462] loss=0.248836 avg=0.252256
  Epoch 5 [610/1462] loss=0.286391 avg=0.251950
  Epoch 5 [620/1462] loss=0.219848 avg=0.252198
  Epoch 5 [630/1462] loss=0.257193 avg=0.252010
  Epoch 5 [640/1462] loss=0.271142 avg=0.252121
  Epoch 5 [650/1462] loss=0.257862 avg=0.252169
  Epoch 5 [660/1462] loss=0.263047 avg=0.252050
  Epoch 5 [670/1462] loss=0.228743 avg=0.251653
  Epoch 5 [680/1462] loss=0.313801 avg=0.251836
  Epoch 5 [690/1462] loss=0.240551 avg=0.251732
  Epoch 5 [700/1462] loss=0.237807 avg=0.251907
  Epoch 5 [710/1462] loss=0.191508 avg=0.251563
  Epoch 5 [720/1462] loss=0.224732 avg=0.251740
  Epoch 5 [730/1462] loss=0.279536 avg=0.251493
  Epoch 5 [740/1462] loss=0.345043 avg=0.251360
  Epoch 5 [750/1462] loss=0.211443 avg=0.251103
  Epoch 5 [760/1462] loss=0.237920 avg=0.251092
  Epoch 5 [770/1462] loss=0.262372 avg=0.250923
  Epoch 5 [780/1462] loss=0.257780 avg=0.250796
  Epoch 5 [790/1462] loss=0.247041 avg=0.250706
  Epoch 5 [800/1462] loss=0.290294 avg=0.250737
  Epoch 5 [810/1462] loss=0.235286 avg=0.250852
  Epoch 5 [820/1462] loss=0.253167 avg=0.250593
  Epoch 5 [830/1462] loss=0.277984 avg=0.250828
  Epoch 5 [840/1462] loss=0.252790 avg=0.250859
  Epoch 5 [850/1462] loss=0.232313 avg=0.250703
  Epoch 5 [860/1462] loss=0.318706 avg=0.250544
  Epoch 5 [870/1462] loss=0.209617 avg=0.250335
  Epoch 5 [880/1462] loss=0.278744 avg=0.250166
  Epoch 5 [890/1462] loss=0.259537 avg=0.250035
  Epoch 5 [900/1462] loss=0.231484 avg=0.250049
  Epoch 5 [910/1462] loss=0.242011 avg=0.249963
  Epoch 5 [920/1462] loss=0.241627 avg=0.249896
  Epoch 5 [930/1462] loss=0.278393 avg=0.250079
  Epoch 5 [940/1462] loss=0.242121 avg=0.250006
  Epoch 5 [950/1462] loss=0.273295 avg=0.249961
  Epoch 5 [960/1462] loss=0.244697 avg=0.249924
  Epoch 5 [970/1462] loss=0.269380 avg=0.250110
  Epoch 5 [980/1462] loss=0.237844 avg=0.250226
  Epoch 5 [990/1462] loss=0.236598 avg=0.250208
  Epoch 5 [1000/1462] loss=0.328291 avg=0.250051
  Epoch 5 [1010/1462] loss=0.259284 avg=0.249966
  Epoch 5 [1020/1462] loss=0.208628 avg=0.249909
  Epoch 5 [1030/1462] loss=0.271085 avg=0.249779
  Epoch 5 [1040/1462] loss=0.241574 avg=0.249630
  Epoch 5 [1050/1462] loss=0.237847 avg=0.249645
  Epoch 5 [1060/1462] loss=0.196265 avg=0.249656
  Epoch 5 [1070/1462] loss=0.240470 avg=0.249650
  Epoch 5 [1080/1462] loss=0.224100 avg=0.249546
  Epoch 5 [1090/1462] loss=0.151396 avg=0.249427
  Epoch 5 [1100/1462] loss=0.219180 avg=0.249409
  Epoch 5 [1110/1462] loss=0.211714 avg=0.249357
  Epoch 5 [1120/1462] loss=0.268617 avg=0.249390
  Epoch 5 [1130/1462] loss=0.228428 avg=0.249357
  Epoch 5 [1140/1462] loss=0.249697 avg=0.249260
  Epoch 5 [1150/1462] loss=0.192443 avg=0.249115
  Epoch 5 [1160/1462] loss=0.275933 avg=0.249047
  Epoch 5 [1170/1462] loss=0.225039 avg=0.249083
  Epoch 5 [1180/1462] loss=0.220506 avg=0.249025
  Epoch 5 [1190/1462] loss=0.173751 avg=0.249116
  Epoch 5 [1200/1462] loss=0.162203 avg=0.249072
  Epoch 5 [1210/1462] loss=0.251873 avg=0.248913
  Epoch 5 [1220/1462] loss=0.261418 avg=0.248739
  Epoch 5 [1230/1462] loss=0.249512 avg=0.248639
  Epoch 5 [1240/1462] loss=0.219005 avg=0.248492
  Epoch 5 [1250/1462] loss=0.240797 avg=0.248359
  Epoch 5 [1260/1462] loss=0.239210 avg=0.248308
  Epoch 5 [1270/1462] loss=0.336081 avg=0.248278
  Epoch 5 [1280/1462] loss=0.239445 avg=0.248282
  Epoch 5 [1290/1462] loss=0.267771 avg=0.248227
  Epoch 5 [1300/1462] loss=0.294475 avg=0.248171
  Epoch 5 [1310/1462] loss=0.261026 avg=0.248193
  Epoch 5 [1320/1462] loss=0.225408 avg=0.248132
  Epoch 5 [1330/1462] loss=0.213562 avg=0.248366
  Epoch 5 [1340/1462] loss=0.246902 avg=0.248177
  Epoch 5 [1350/1462] loss=0.290070 avg=0.248110
  Epoch 5 [1360/1462] loss=0.293277 avg=0.248188
  Epoch 5 [1370/1462] loss=0.245646 avg=0.248186
  Epoch 5 [1380/1462] loss=0.296522 avg=0.248006
  Epoch 5 [1390/1462] loss=0.283718 avg=0.247869
  Epoch 5 [1400/1462] loss=0.198799 avg=0.247813
  Epoch 5 [1410/1462] loss=0.267438 avg=0.247838
  Epoch 5 [1420/1462] loss=0.204388 avg=0.247837
  Epoch 5 [1430/1462] loss=0.338003 avg=0.247939
  Epoch 5 [1440/1462] loss=0.307012 avg=0.247882
  Epoch 5 [1450/1462] loss=0.192530 avg=0.247718
  Epoch 5 [1460/1462] loss=0.202984 avg=0.247625
Epoch 5: train_loss=0.247640 val_loss=0.473348 time=4325.0s
  Saved best checkpoint (val_loss=0.473348)
  Epoch 6 [10/1462] loss=0.237476 avg=0.233168
  Epoch 6 [20/1462] loss=0.251569 avg=0.229274
  Epoch 6 [30/1462] loss=0.206956 avg=0.225208
  Epoch 6 [40/1462] loss=0.271856 avg=0.225015
  Epoch 6 [50/1462] loss=0.232903 avg=0.224689
  Epoch 6 [60/1462] loss=0.225936 avg=0.223495
  Epoch 6 [70/1462] loss=0.159971 avg=0.223622
  Epoch 6 [80/1462] loss=0.250063 avg=0.227530
  Epoch 6 [90/1462] loss=0.185192 avg=0.227604
  Epoch 6 [100/1462] loss=0.264341 avg=0.226307
  Epoch 6 [110/1462] loss=0.263036 avg=0.226911
  Epoch 6 [120/1462] loss=0.254655 avg=0.226784
  Epoch 6 [130/1462] loss=0.207204 avg=0.226525
  Epoch 6 [140/1462] loss=0.197789 avg=0.226178
  Epoch 6 [150/1462] loss=0.168695 avg=0.227365
  Epoch 6 [160/1462] loss=0.291751 avg=0.227535
  Epoch 6 [170/1462] loss=0.230977 avg=0.226553
  Epoch 6 [180/1462] loss=0.231504 avg=0.225968
  Epoch 6 [190/1462] loss=0.180657 avg=0.226857
  Epoch 6 [200/1462] loss=0.224356 avg=0.227732
  Epoch 6 [210/1462] loss=0.171450 avg=0.226174
  Epoch 6 [220/1462] loss=0.203850 avg=0.225906
  Epoch 6 [230/1462] loss=0.209293 avg=0.226100
  Epoch 6 [240/1462] loss=0.188025 avg=0.225346
  Epoch 6 [250/1462] loss=0.285553 avg=0.225410
  Epoch 6 [260/1462] loss=0.307421 avg=0.225770
  Epoch 6 [270/1462] loss=0.257071 avg=0.227270
  Epoch 6 [280/1462] loss=0.233986 avg=0.227191
  Epoch 6 [290/1462] loss=0.230354 avg=0.227096
  Epoch 6 [300/1462] loss=0.223319 avg=0.226820
  Epoch 6 [310/1462] loss=0.203484 avg=0.226724
  Epoch 6 [320/1462] loss=0.276107 avg=0.226878
  Epoch 6 [330/1462] loss=0.226844 avg=0.227091
  Epoch 6 [340/1462] loss=0.195941 avg=0.226890
  Epoch 6 [350/1462] loss=0.208330 avg=0.226638
  Epoch 6 [360/1462] loss=0.184938 avg=0.226530
  Epoch 6 [370/1462] loss=0.264007 avg=0.226975
  Epoch 6 [380/1462] loss=0.193210 avg=0.226698
  Epoch 6 [390/1462] loss=0.209952 avg=0.226860
  Epoch 6 [400/1462] loss=0.201592 avg=0.226906
  Epoch 6 [410/1462] loss=0.248102 avg=0.227000
  Epoch 6 [420/1462] loss=0.228240 avg=0.226863
  Epoch 6 [430/1462] loss=0.297226 avg=0.226814
  Epoch 6 [440/1462] loss=0.247867 avg=0.227075
  Epoch 6 [450/1462] loss=0.221144 avg=0.226770
  Epoch 6 [460/1462] loss=0.217515 avg=0.226704
  Epoch 6 [470/1462] loss=0.181953 avg=0.226249
  Epoch 6 [480/1462] loss=0.192068 avg=0.225885
  Epoch 6 [490/1462] loss=0.203786 avg=0.225756
  Epoch 6 [500/1462] loss=0.234888 avg=0.225347
  Epoch 6 [510/1462] loss=0.155245 avg=0.225412
  Epoch 6 [520/1462] loss=0.298723 avg=0.225332
  Epoch 6 [530/1462] loss=0.213076 avg=0.225548
  Epoch 6 [540/1462] loss=0.234313 avg=0.225701
  Epoch 6 [550/1462] loss=0.279432 avg=0.225675
  Epoch 6 [560/1462] loss=0.204039 avg=0.225797
  Epoch 6 [570/1462] loss=0.239447 avg=0.225660
  Epoch 6 [580/1462] loss=0.204583 avg=0.225577
  Epoch 6 [590/1462] loss=0.185939 avg=0.225577
  Epoch 6 [600/1462] loss=0.204037 avg=0.225536
  Epoch 6 [610/1462] loss=0.223130 avg=0.225562
  Epoch 6 [620/1462] loss=0.236941 avg=0.225615
  Epoch 6 [630/1462] loss=0.179525 avg=0.225467
  Epoch 6 [640/1462] loss=0.174713 avg=0.225253
  Epoch 6 [650/1462] loss=0.250854 avg=0.225156
  Epoch 6 [660/1462] loss=0.201298 avg=0.225428
  Epoch 6 [670/1462] loss=0.226738 avg=0.225419
  Epoch 6 [680/1462] loss=0.137056 avg=0.225264
  Epoch 6 [690/1462] loss=0.163900 avg=0.225187
  Epoch 6 [700/1462] loss=0.220506 avg=0.225012
  Epoch 6 [710/1462] loss=0.201102 avg=0.225087
  Epoch 6 [720/1462] loss=0.207353 avg=0.225279
  Epoch 6 [730/1462] loss=0.181396 avg=0.225044
  Epoch 6 [740/1462] loss=0.271193 avg=0.225420
  Epoch 6 [750/1462] loss=0.180334 avg=0.225603
  Epoch 6 [760/1462] loss=0.144514 avg=0.225600
  Epoch 6 [770/1462] loss=0.186726 avg=0.225638
  Epoch 6 [780/1462] loss=0.233326 avg=0.225637
  Epoch 6 [790/1462] loss=0.212395 avg=0.225712
  Epoch 6 [800/1462] loss=0.226131 avg=0.225405
  Epoch 6 [810/1462] loss=0.224944 avg=0.225408
  Epoch 6 [820/1462] loss=0.251019 avg=0.225459
  Epoch 6 [830/1462] loss=0.199367 avg=0.225538
  Epoch 6 [840/1462] loss=0.237757 avg=0.225240
  Epoch 6 [850/1462] loss=0.161825 avg=0.225090
  Epoch 6 [860/1462] loss=0.226386 avg=0.224897
  Epoch 6 [870/1462] loss=0.293027 avg=0.225021
  Epoch 6 [880/1462] loss=0.255707 avg=0.225031
  Epoch 6 [890/1462] loss=0.241960 avg=0.224864
  Epoch 6 [900/1462] loss=0.192737 avg=0.225010
  Epoch 6 [910/1462] loss=0.241028 avg=0.225135
  Epoch 6 [920/1462] loss=0.262416 avg=0.225218
  Epoch 6 [930/1462] loss=0.216762 avg=0.225262
  Epoch 6 [940/1462] loss=0.211646 avg=0.225275
  Epoch 6 [950/1462] loss=0.172165 avg=0.224933
  Epoch 6 [960/1462] loss=0.236442 avg=0.225152
  Epoch 6 [970/1462] loss=0.251182 avg=0.225060
  Epoch 6 [980/1462] loss=0.215737 avg=0.225041
  Epoch 6 [990/1462] loss=0.178759 avg=0.224916
  Epoch 6 [1000/1462] loss=0.274370 avg=0.224906
  Epoch 6 [1010/1462] loss=0.239589 avg=0.224917
  Epoch 6 [1020/1462] loss=0.207573 avg=0.224786
  Epoch 6 [1030/1462] loss=0.219245 avg=0.224753
  Epoch 6 [1040/1462] loss=0.183529 avg=0.224655
  Epoch 6 [1050/1462] loss=0.191792 avg=0.224775
  Epoch 6 [1060/1462] loss=0.215540 avg=0.224683
  Epoch 6 [1070/1462] loss=0.214521 avg=0.224606
  Epoch 6 [1080/1462] loss=0.178394 avg=0.224600
  Epoch 6 [1090/1462] loss=0.258322 avg=0.224614
  Epoch 6 [1100/1462] loss=0.258521 avg=0.224658
  Epoch 6 [1110/1462] loss=0.269034 avg=0.224641
  Epoch 6 [1120/1462] loss=0.227253 avg=0.224588
  Epoch 6 [1130/1462] loss=0.196061 avg=0.224451
  Epoch 6 [1140/1462] loss=0.186815 avg=0.224417
  Epoch 6 [1150/1462] loss=0.191977 avg=0.224239
  Epoch 6 [1160/1462] loss=0.220959 avg=0.224337
  Epoch 6 [1170/1462] loss=0.174574 avg=0.224360
  Epoch 6 [1180/1462] loss=0.197350 avg=0.224372
  Epoch 6 [1190/1462] loss=0.274169 avg=0.224432
  Epoch 6 [1200/1462] loss=0.221892 avg=0.224348
  Epoch 6 [1210/1462] loss=0.199764 avg=0.224280
  Epoch 6 [1220/1462] loss=0.215269 avg=0.224100
  Epoch 6 [1230/1462] loss=0.295058 avg=0.224230
  Epoch 6 [1240/1462] loss=0.180070 avg=0.224116
  Epoch 6 [1250/1462] loss=0.197807 avg=0.223996
  Epoch 6 [1260/1462] loss=0.256528 avg=0.224048
  Epoch 6 [1270/1462] loss=0.220603 avg=0.224156
  Epoch 6 [1280/1462] loss=0.211042 avg=0.224195
  Epoch 6 [1290/1462] loss=0.217058 avg=0.224191
  Epoch 6 [1300/1462] loss=0.173430 avg=0.224189
  Epoch 6 [1310/1462] loss=0.225946 avg=0.224029
  Epoch 6 [1320/1462] loss=0.211775 avg=0.224026
  Epoch 6 [1330/1462] loss=0.159904 avg=0.223975
  Epoch 6 [1340/1462] loss=0.203289 avg=0.223965
  Epoch 6 [1350/1462] loss=0.272803 avg=0.223973
  Epoch 6 [1360/1462] loss=0.192654 avg=0.223785
  Epoch 6 [1370/1462] loss=0.229241 avg=0.223737
  Epoch 6 [1380/1462] loss=0.229253 avg=0.223806
  Epoch 6 [1390/1462] loss=0.243900 avg=0.223793
  Epoch 6 [1400/1462] loss=0.222966 avg=0.223559
  Epoch 6 [1410/1462] loss=0.165357 avg=0.223508
  Epoch 6 [1420/1462] loss=0.228910 avg=0.223319
  Epoch 6 [1430/1462] loss=0.262562 avg=0.223266
  Epoch 6 [1440/1462] loss=0.158748 avg=0.223286
  Epoch 6 [1450/1462] loss=0.189404 avg=0.223287
  Epoch 6 [1460/1462] loss=0.233011 avg=0.223405
Epoch 6: train_loss=0.223389 val_loss=0.473538 time=4323.6s
  Epoch 7 [10/1462] loss=0.169923 avg=0.203336
  Epoch 7 [20/1462] loss=0.140147 avg=0.210553
  Epoch 7 [30/1462] loss=0.163903 avg=0.213205
