Loaded module: cuda/12.6.3
wandb: [wandb.login()] Loaded credentials for https://api.wandb.ai from /zhome/ea/6/187439/.netrc.
wandb: Currently logged in as: bertram-hage (bertram-hage-danmarks-tekniske-universitet-dtu) to https://api.wandb.ai. Use `wandb login --relogin` to force relogin
wandb: setting up run 4wba2r31
wandb: Tracking run with wandb version 0.25.1
wandb: Run data is saved locally in /zhome/ea/6/187439/advanced-ba/wandb/run-20260402_162220-4wba2r31
wandb: Run `wandb offline` to turn off syncing.
wandb: Syncing run baseline_1_0
wandb: ⭐️ View project at https://wandb.ai/bertram-hage-danmarks-tekniske-universitet-dtu/advanced-ba
wandb: 🚀 View run at https://wandb.ai/bertram-hage-danmarks-tekniske-universitet-dtu/advanced-ba/runs/4wba2r31
/zhome/ea/6/187439/advanced-ba/.venv/lib/python3.12/site-packages/chronos/chronos2/dataset.py:89: UserWarning: The given NumPy array is not writable, and PyTorch does not support non-writable tensors. This means writing to this tensor will result in undefined behavior. You may want to copy the array to protect its data or make it writable before converting it to a tensor. This type of warning will be suppressed for the rest of this program. (Triggered internally at /pytorch/torch/csrc/utils/tensor_numpy.cpp:213.)
  task_target = torch.from_numpy(task_target)
wandb: updating run metadata
wandb: uploading history steps 10348-10355, summary, console lines 5-42
wandb: 
wandb: Run history:
wandb:             eval/h15_COVERAGE ▅▇▆█▅▆▆▇▁▅▄▂▅▆▅▅▆▆▃▆▅▆▂▆▆▅▄▆▂▅▄▄▄▅▁▆▆▃▅▂
wandb: eval/h15_COVERAGE_running_avg ▁▄▂▄▆█▄▃▃▅▆▆▅▄▄▄▄▅▅▄▄▄▅▅▅▅▅▅▄▄▄▄▄▄▄▄▄▄▄▄
wandb:                  eval/h15_MAE ▆█▂▅▂▁▅▂▇█▂▂▂▁▅▂▂▇▆▂▁▁▂▁▄▇▆▂▅▄▅▁▂▂▃▇▇▅▁▁
wandb:      eval/h15_MAE_running_avg █▄▂▁▂▅▄▄▄▄▃▃▃▄▄▅▅▅▅▄▄▄▄▅▅▅▅▄▅▅▅▅▅▅▅▅▄▄▅▅
wandb:                 eval/h15_MAPE ▃▂▂▇▃▂▆▁▂▂▁▂▁▇▂▂▅▂▁▂▂▆▂▁▁▅▁▂▁▆▁▆▁▁▁▃█▅▂▁
wandb:     eval/h15_MAPE_running_avg █▅▄▂▁▃▃▃▃▃▃▃▃▃▃▃▃▃▃▃▃▃▃▃▃▃▃▃▃▃▃▃▃▃▃▃▃▃▃▃
wandb:                 eval/h15_RMSE █▆▂▂▅▄▄▇▂▂▃▇▂█▁▂█▁▃▁▂▄▁▂▂▄▂▂▃▃▇█▆▁▁▂█▂▁▁
wandb:     eval/h15_RMSE_running_avg ██▆▆▅▂▁▁▂▃▃▃▂▂▂▃▃▃▃▃▃▃▃▃▃▃▃▃▃▃▃▃▃▃▃▃▃▃▃▃
wandb:             eval/h30_COVERAGE ▄▄▅▇▅▄▃▇▇▇▆▆▄▇▄▆▂▅▇▆▆█▁▄▅▅▄█▆▆▃▆▆▃█▃▆▃▅▆
wandb: eval/h30_COVERAGE_running_avg ▂▁▄▆▇█▇▇▇▇▇██▇▇▇▇▇▇▇███▇▇▇▇██████████▇▇▇
wandb:                           +16 ...
wandb: 
wandb: Run summary:
wandb:             eval/avg_COVERAGE 0.77943
wandb:             eval/avg_IQR_MEAN 4.77422
wandb:           eval/avg_IQR_MEDIAN 3.30313
wandb:              eval/avg_IQR_STD 4.39608
wandb:                  eval/avg_MAE 1.70377
wandb:                 eval/avg_MAPE 0.03947
wandb:                 eval/avg_RMSE 3.31132
wandb:             eval/h15_COVERAGE 0.73846
wandb: eval/h15_COVERAGE_running_avg 0.76358
wandb:                  eval/h15_MAE 0.82361
wandb:                           +30 ...
wandb: 
wandb: 🚀 View run baseline_1_0 at: https://wandb.ai/bertram-hage-danmarks-tekniske-universitet-dtu/advanced-ba/runs/4wba2r31
wandb: ⭐️ View project at: https://wandb.ai/bertram-hage-danmarks-tekniske-universitet-dtu/advanced-ba
wandb: Synced 5 W&B file(s), 0 media file(s), 0 artifact file(s) and 0 other file(s)
wandb: Find logs at: ./wandb/run-20260402_162220-4wba2r31/logs
